93.240.154.0 - - [25/Mar/2026:09:28:41 +0100] "GET /uploads/_CGSmartImage/img-098d74e9d78e9c51b170142cb02b848f HTTP/1.1" 200 27943 www.hrv.de "https://www.hrv.de/" "Mozilla/5.0 (Windows NT 10.0; Win64; x64) AppleWebKit/537.36 (KHTML, like Gecko) Chrome/146.0.0.0 Safari/537.36" "-"
93.240.154.0 - - [25/Mar/2026:09:28:41 +0100] "GET /uploads/_CGSmartImage/img-89ed457595c7b3b434dae87e54fba042 HTTP/1.1" 200 25395 www.hrv.de "https://www.hrv.de/" "Mozilla/5.0 (Windows NT 10.0; Win64; x64) AppleWebKit/537.36 (KHTML, like Gecko) Chrome/146.0.0.0 Safari/537.36" "-"
93.240.154.0 - - [25/Mar/2026:09:28:41 +0100] "GET /uploads/_CGSmartImage/img-e1c6d590bc9c3826a98dcc5ccecfc820 HTTP/1.1" 200 16121 www.hrv.de "https://www.hrv.de/" "Mozilla/5.0 (Windows NT 10.0; Win64; x64) AppleWebKit/537.36 (KHTML, like Gecko) Chrome/146.0.0.0 Safari/537.36" "-"
93.240.154.0 - - [25/Mar/2026:09:28:41 +0100] "GET /uploads/_CGSmartImage/img-ec9178b0534f31d9da9dc510f7ce3e22 HTTP/1.1" 200 25951 www.hrv.de "https://www.hrv.de/" "Mozilla/5.0 (Windows NT 10.0; Win64; x64) AppleWebKit/537.36 (KHTML, like Gecko) Chrome/146.0.0.0 Safari/537.36" "-"
93.240.154.0 - - [25/Mar/2026:09:28:41 +0100] "GET /uploads/_CGSmartImage/img-f63f84c02f4eefdfd96cf2a480b971ad HTTP/1.1" 200 29700 www.hrv.de "https://www.hrv.de/" "Mozilla/5.0 (Windows NT 10.0; Win64; x64) AppleWebKit/537.36 (KHTML, like Gecko) Chrome/146.0.0.0 Safari/537.36" "-"
93.240.154.0 - - [25/Mar/2026:09:28:41 +0100] "GET /uploads/_CGSmartImage/img-7a31ba76ccad90bf1bd95852987815fc HTTP/1.1" 200 20124 www.hrv.de "https://www.hrv.de/" "Mozilla/5.0 (Windows NT 10.0; Win64; x64) AppleWebKit/537.36 (KHTML, like Gecko) Chrome/146.0.0.0 Safari/537.36" "-"
93.240.154.0 - - [25/Mar/2026:09:28:41 +0100] "GET /assets/images/aa-letter.png HTTP/1.1" 200 9663 www.hrv.de "https://www.hrv.de/" "Mozilla/5.0 (Windows NT 10.0; Win64; x64) AppleWebKit/537.36 (KHTML, like Gecko) Chrome/146.0.0.0 Safari/537.36" "-"
93.240.154.0 - - [25/Mar/2026:09:28:41 +0100] "GET /assets/images/button.png HTTP/1.1" 200 9992 www.hrv.de "https://www.hrv.de/" "Mozilla/5.0 (Windows NT 10.0; Win64; x64) AppleWebKit/537.36 (KHTML, like Gecko) Chrome/146.0.0.0 Safari/537.36" "-"
93.240.154.0 - - [25/Mar/2026:09:28:41 +0100] "GET /assets/images/circle-outer-dot.png HTTP/1.1" 200 37300 www.hrv.de "https://www.hrv.de/assets/style.php/main.scss?v=1" "Mozilla/5.0 (Windows NT 10.0; Win64; x64) AppleWebKit/537.36 (KHTML, like Gecko) Chrome/146.0.0.0 Safari/537.36" "-"
93.240.154.0 - - [25/Mar/2026:09:28:41 +0100] "GET /assets/images/sprite.png HTTP/1.1" 200 112934 www.hrv.de "https://www.hrv.de/assets/style.php/main.scss?v=1" "Mozilla/5.0 (Windows NT 10.0; Win64; x64) AppleWebKit/537.36 (KHTML, like Gecko) Chrome/146.0.0.0 Safari/537.36" "-"
93.240.154.0 - - [25/Mar/2026:09:28:41 +0100] "GET /uploads/images/text_mit_bild/text%20mit%20bild%20segel.jpg HTTP/1.1" 200 265704 www.hrv.de "https://www.hrv.de/" "Mozilla/5.0 (Windows NT 10.0; Win64; x64) AppleWebKit/537.36 (KHTML, like Gecko) Chrome/146.0.0.0 Safari/537.36" "-"
93.240.154.0 - - [25/Mar/2026:09:28:41 +0100] "GET /favicon.ico HTTP/1.1" 200 1150 www.hrv.de "https://www.hrv.de/" "Mozilla/5.0 (Windows NT 10.0; Win64; x64) AppleWebKit/537.36 (KHTML, like Gecko) Chrome/146.0.0.0 Safari/537.36" "-"
93.240.154.0 - - [25/Mar/2026:09:28:58 +0100] "GET /karriere.html HTTP/1.1" 200 28918 www.hrv.de "https://www.hrv.de/" "Mozilla/5.0 (Windows NT 10.0; Win64; x64) AppleWebKit/537.36 (KHTML, like Gecko) Chrome/146.0.0.0 Safari/537.36" "-"
93.240.154.0 - - [25/Mar/2026:09:28:58 +0100] "GET /assets/images/bullet.png HTTP/1.1" 200 173 www.hrv.de "https://www.hrv.de/assets/style.php/main.scss?v=1" "Mozilla/5.0 (Windows NT 10.0; Win64; x64) AppleWebKit/537.36 (KHTML, like Gecko) Chrome/146.0.0.0 Safari/537.36" "-"
93.240.154.0 - - [25/Mar/2026:09:28:58 +0100] "GET /uploads/images/text_mit_bild/text%20mit%20bild%20yacht.jpg HTTP/1.1" 200 323067 www.hrv.de "https://www.hrv.de/karriere.html" "Mozilla/5.0 (Windows NT 10.0; Win64; x64) AppleWebKit/537.36 (KHTML, like Gecko) Chrome/146.0.0.0 Safari/537.36" "-"
89.116.14.0 - - [25/Mar/2026:09:29:11 +0100] "GET /leistungen/outsourcing-lohn-und-gehaltsabrechnung.html HTTP/1.1" 200 26291 www.hrv.de "-" "Mozilla/5.0 (Macintosh; Intel Mac OS X 10_15_7) AppleWebKit/605.1.15 (KHTML, like Gecko) Version/26.2 Safari/605.1.15" "-"
80.187.124.0 - - [25/Mar/2026:09:31:59 +0100] "POST /autodiscover/autodiscover.xml HTTP/1.1" 301 295 hrv.de "-" "Microsoft Office/16.0 (Windows NT 10.0; Microsoft Outlook 16.0.19725; Pro)" "-"
82.165.87.0 - - [25/Mar/2026:09:31:59 +0100] "GET /index.php?mact=CmsJobManager,cntnt01,process,0&cntnt01returnid=1&cms_cron=1&showtemplate=false HTTP/1.1" 200 2 www.hrv.de "-" "-" "-"
80.187.124.0 - - [25/Mar/2026:09:31:59 +0100] "GET /autodiscover/autodiscover.xml HTTP/1.1" 404 12554 www.hrv.de "-" "Microsoft Office/16.0 (Windows NT 10.0; Microsoft Outlook 16.0.19725; Pro)" "-"
77.3.65.0 - - [25/Mar/2026:09:33:45 +0100] "POST /AutoDiscover/autodiscover.xml HTTP/1.1" 301 295 hrv.de "-" "Microsoft Office/16.0 (Windows NT 10.0; Microsoft Excel 16.0.19628; Pro)" "-"
77.3.65.0 - - [25/Mar/2026:09:33:45 +0100] "POST /AutoDiscover/autodiscover.xml HTTP/1.1" 404 12554 www.hrv.de "-" "Microsoft Office/16.0 (Windows NT 10.0; Microsoft Excel 16.0.19628; Pro)" "-"
185.191.171.0 - - [25/Mar/2026:09:35:52 +0100] "GET /robots.txt HTTP/1.1" 429 267 www.hrv.de "-" "Mozilla/5.0 (compatible; SemrushBot/7~bl; +http://www.semrush.com/bot.html)" "-"
185.191.171.0 - - [25/Mar/2026:09:35:55 +0100] "GET /aktuelles/die-inflationsrate-sinkt-im-juni-2024.html HTTP/1.1" 429 267 www.hrv.de "-" "Mozilla/5.0 (compatible; SemrushBot/7~bl; +http://www.semrush.com/bot.html)" "-"
45.227.254.0 - - [25/Mar/2026:09:35:56 +0100] "GET /wp-login.php HTTP/1.1" 301 278 hrv.de "-" "Mozilla/5.0 (Macintosh; Intel Mac OS X 13_5) AppleWebKit/605.1.15 (KHTML, like Gecko) Version/17.5 Safari/605.1.15" "-"
45.227.254.0 - - [25/Mar/2026:09:36:08 +0100] "GET /wp-login.php HTTP/1.1" 404 12554 www.hrv.de "-" "Mozilla/5.0 (Macintosh; Intel Mac OS X 13_5) AppleWebKit/605.1.15 (KHTML, like Gecko) Version/17.5 Safari/605.1.15" "-"
82.165.87.0 - - [25/Mar/2026:09:36:09 +0100] "GET /index.php?mact=CmsJobManager,cntnt01,process,0&cntnt01returnid=1&cms_cron=1&showtemplate=false HTTP/1.1" 200 2 www.hrv.de "-" "-" "-"
5.7.164.0 - - [25/Mar/2026:09:37:00 +0100] "POST /autodiscover/autodiscover.xml HTTP/1.1" 301 295 hrv.de "-" "Microsoft Office/16.0 (Windows NT 10.0; Microsoft Outlook 16.0.19725; Pro)" "-"
5.7.164.0 - - [25/Mar/2026:09:37:00 +0100] "GET /autodiscover/autodiscover.xml HTTP/1.1" 404 12554 www.hrv.de "-" "Microsoft Office/16.0 (Windows NT 10.0; Microsoft Outlook 16.0.19725; Pro)" "-"
85.10.195.0 - - [25/Mar/2026:09:37:22 +0100] "GET / HTTP/1.1" 200 53711 www.hrv.de "-" "Mozilla/5.0 (Android 14; Mobile; rv:136.0) Gecko/136.0 Firefox/136.0" "-"
85.10.195.0 - - [25/Mar/2026:09:37:23 +0100] "GET /robots.txt HTTP/1.1" 404 12554 www.hrv.de "-" "Mozilla/5.0 (Android 14; Mobile; rv:136.0) Gecko/136.0 Firefox/136.0" "-"
85.10.195.0 - - [25/Mar/2026:09:37:23 +0100] "GET /manifest.json HTTP/1.1" 404 12554 www.hrv.de "-" "Mozilla/5.0 (Android 14; Mobile; rv:136.0) Gecko/136.0 Firefox/136.0" "-"
85.10.195.0 - - [25/Mar/2026:09:37:24 +0100] "GET /sitemap.xml HTTP/1.1" 200 10503 www.hrv.de "-" "Mozilla/5.0 (Android 14; Mobile; rv:136.0) Gecko/136.0 Firefox/136.0" "-"
85.10.195.0 - - [25/Mar/2026:09:37:25 +0100] "GET /sitemap.xml HTTP/1.1" 200 10503 www.hrv.de "-" "Mozilla/5.0 (Android 14; Mobile; rv:136.0) Gecko/136.0 Firefox/136.0" "-"
5.7.164.0 - - [25/Mar/2026:09:37:28 +0100] "POST /autodiscover/autodiscover.xml HTTP/1.1" 301 295 hrv.de "-" "Microsoft Office/16.0 (Windows NT 10.0; Microsoft Outlook 16.0.19725; Pro)" "-"
5.7.164.0 - - [25/Mar/2026:09:37:28 +0100] "GET /autodiscover/autodiscover.xml HTTP/1.1" 404 12554 www.hrv.de "-" "Microsoft Office/16.0 (Windows NT 10.0; Microsoft Outlook 16.0.19725; Pro)" "-"
85.10.195.0 - - [25/Mar/2026:09:38:06 +0100] "GET / HTTP/1.1" 200 53711 www.hrv.de "-" "Mozilla/5.0 (Android 14; Mobile; rv:136.0) Gecko/136.0 Firefox/136.0" "-"
85.10.195.0 - - [25/Mar/2026:09:38:56 +0100] "GET / HTTP/1.1" 200 53711 www.hrv.de "-" "Mozilla/5.0 (Android 14; Mobile; rv:136.0) Gecko/136.0 Firefox/136.0" "-"
5.7.164.0 - - [25/Mar/2026:09:39:51 +0100] "POST /autodiscover/autodiscover.xml HTTP/1.1" 301 295 hrv.de "-" "Microsoft Office/16.0 (Windows NT 10.0; Microsoft Outlook 16.0.19725; Pro)" "-"
82.165.87.0 - - [25/Mar/2026:09:39:51 +0100] "GET /index.php?mact=CmsJobManager,cntnt01,process,0&cntnt01returnid=1&cms_cron=1&showtemplate=false HTTP/1.1" 200 2 www.hrv.de "-" "-" "-"
5.7.164.0 - - [25/Mar/2026:09:39:51 +0100] "GET /autodiscover/autodiscover.xml HTTP/1.1" 404 12554 www.hrv.de "-" "Microsoft Office/16.0 (Windows NT 10.0; Microsoft Outlook 16.0.19725; Pro)" "-"
85.10.195.0 - - [25/Mar/2026:09:41:14 +0100] "GET / HTTP/1.1" 200 53711 www.hrv.de "-" "Mozilla/5.0 (Android 14; Mobile; rv:136.0) Gecko/136.0 Firefox/136.0" "-"
2a02:8070:4200:: - - [25/Mar/2026:09:41:23 +0100] "GET /leistungen/outsourcing-lohn-und-gehaltsabrechnung.html?gad_source=1&gad_campaignid=21917296202&gclid=EAIaIQobChMIp4eS2tO6kwMV-JxQBh2W2QpQEAAYASAAEgI8lPD_BwE HTTP/1.1" 200 26291 www.hrv.de "https://www.google.com/" "Mozilla/5.0 (Windows NT 10.0; Win64; x64; rv:148.0) Gecko/20100101 Firefox/148.0" "-"
2a02:8070:4200:: - - [25/Mar/2026:09:41:24 +0100] "GET /tmp/cache/stylesheet_combined_22541eff99615b766ca97eced4ff9c48.css HTTP/1.1" 200 1475 www.hrv.de "https://www.hrv.de/leistungen/outsourcing-lohn-und-gehaltsabrechnung.html?gad_source=1&gad_campaignid=21917296202&gclid=EAIaIQobChMIp4eS2tO6kwMV-JxQBh2W2QpQEAAYASAAEgI8lPD_BwE" "Mozilla/5.0 (Windows NT 10.0; Win64; x64; rv:148.0) Gecko/20100101 Firefox/148.0" "-"
2a02:8070:4200:: - - [25/Mar/2026:09:41:24 +0100] "GET /assets/js/custom.js?v=5 HTTP/1.1" 200 745 www.hrv.de "https://www.hrv.de/leistungen/outsourcing-lohn-und-gehaltsabrechnung.html?gad_source=1&gad_campaignid=21917296202&gclid=EAIaIQobChMIp4eS2tO6kwMV-JxQBh2W2QpQEAAYASAAEgI8lPD_BwE" "Mozilla/5.0 (Windows NT 10.0; Win64; x64; rv:148.0) Gecko/20100101 Firefox/148.0" "-"
2a02:8070:4200:: - - [25/Mar/2026:09:41:24 +0100] "GET /assets/js/cookieconsent.js HTTP/1.1" 200 - www.hrv.de "https://www.hrv.de/leistungen/outsourcing-lohn-und-gehaltsabrechnung.html?gad_source=1&gad_campaignid=21917296202&gclid=EAIaIQobChMIp4eS2tO6kwMV-JxQBh2W2QpQEAAYASAAEgI8lPD_BwE" "Mozilla/5.0 (Windows NT 10.0; Win64; x64; rv:148.0) Gecko/20100101 Firefox/148.0" "-"
2a02:8070:4200:: - - [25/Mar/2026:09:41:24 +0100] "GET /assets/js/wow.min.js HTTP/1.1" 200 3085 www.hrv.de "https://www.hrv.de/leistungen/outsourcing-lohn-und-gehaltsabrechnung.html?gad_source=1&gad_campaignid=21917296202&gclid=EAIaIQobChMIp4eS2tO6kwMV-JxQBh2W2QpQEAAYASAAEgI8lPD_BwE" "Mozilla/5.0 (Windows NT 10.0; Win64; x64; rv:148.0) Gecko/20100101 Firefox/148.0" "-"
2a02:8070:4200:: - - [25/Mar/2026:09:41:24 +0100] "GET /assets/js/bootstrap.min.js HTTP/1.1" 200 19883 www.hrv.de "https://www.hrv.de/leistungen/outsourcing-lohn-und-gehaltsabrechnung.html?gad_source=1&gad_campaignid=21917296202&gclid=EAIaIQobChMIp4eS2tO6kwMV-JxQBh2W2QpQEAAYASAAEgI8lPD_BwE" "Mozilla/5.0 (Windows NT 10.0; Win64; x64; rv:148.0) Gecko/20100101 Firefox/148.0" "-"
2a02:8070:4200:: - - [25/Mar/2026:09:41:24 +0100] "GET /assets/js/slick.js HTTP/1.1" 200 20409 www.hrv.de "https://www.hrv.de/leistungen/outsourcing-lohn-und-gehaltsabrechnung.html?gad_source=1&gad_campaignid=21917296202&gclid=EAIaIQobChMIp4eS2tO6kwMV-JxQBh2W2QpQEAAYASAAEgI8lPD_BwE" "Mozilla/5.0 (Windows NT 10.0; Win64; x64; rv:148.0) Gecko/20100101 Firefox/148.0" "-"
2a02:8070:4200:: - - [25/Mar/2026:09:41:24 +0100] "GET /assets/js/callback.js HTTP/1.1" 200 329 www.hrv.de "https://www.hrv.de/leistungen/outsourcing-lohn-und-gehaltsabrechnung.html?gad_source=1&gad_campaignid=21917296202&gclid=EAIaIQobChMIp4eS2tO6kwMV-JxQBh2W2QpQEAAYASAAEgI8lPD_BwE" "Mozilla/5.0 (Windows NT 10.0; Win64; x64; rv:148.0) Gecko/20100101 Firefox/148.0" "-"
2a02:8070:4200:: - - [25/Mar/2026:09:41:24 +0100] "GET /assets/images/logo.png HTTP/1.1" 200 3208 www.hrv.de "https://www.hrv.de/leistungen/outsourcing-lohn-und-gehaltsabrechnung.html?gad_source=1&gad_campaignid=21917296202&gclid=EAIaIQobChMIp4eS2tO6kwMV-JxQBh2W2QpQEAAYASAAEgI8lPD_BwE" "Mozilla/5.0 (Windows NT 10.0; Win64; x64; rv:148.0) Gecko/20100101 Firefox/148.0" "-"
2a02:8070:4200:: - - [25/Mar/2026:09:41:24 +0100] "GET /uploads/images/letters/L.png HTTP/1.1" 200 6506 www.hrv.de "https://www.hrv.de/leistungen/outsourcing-lohn-und-gehaltsabrechnung.html?gad_source=1&gad_campaignid=21917296202&gclid=EAIaIQobChMIp4eS2tO6kwMV-JxQBh2W2QpQEAAYASAAEgI8lPD_BwE" "Mozilla/5.0 (Windows NT 10.0; Win64; x64; rv:148.0) Gecko/20100101 Firefox/148.0" "-"
2a02:8070:4200:: - - [25/Mar/2026:09:41:24 +0100] "GET /assets/images/w-letter.png HTTP/1.1" 200 22625 www.hrv.de "https://www.hrv.de/leistungen/outsourcing-lohn-und-gehaltsabrechnung.html?gad_source=1&gad_campaignid=21917296202&gclid=EAIaIQobChMIp4eS2tO6kwMV-JxQBh2W2QpQEAAYASAAEgI8lPD_BwE" "Mozilla/5.0 (Windows NT 10.0; Win64; x64; rv:148.0) Gecko/20100101 Firefox/148.0" "-"
2a02:8070:4200:: - - [25/Mar/2026:09:41:24 +0100] "GET /assets/style.php/main.scss?v=1 HTTP/1.1" 200 356594 www.hrv.de "https://www.hrv.de/leistungen/outsourcing-lohn-und-gehaltsabrechnung.html?gad_source=1&gad_campaignid=21917296202&gclid=EAIaIQobChMIp4eS2tO6kwMV-JxQBh2W2QpQEAAYASAAEgI8lPD_BwE" "Mozilla/5.0 (Windows NT 10.0; Win64; x64; rv:148.0) Gecko/20100101 Firefox/148.0" "-"
2a02:8070:4200:: - - [25/Mar/2026:09:41:24 +0100] "GET /assets/images/s-letter.png HTTP/1.1" 200 26486 www.hrv.de "https://www.hrv.de/leistungen/outsourcing-lohn-und-gehaltsabrechnung.html?gad_source=1&gad_campaignid=21917296202&gclid=EAIaIQobChMIp4eS2tO6kwMV-JxQBh2W2QpQEAAYASAAEgI8lPD_BwE" "Mozilla/5.0 (Windows NT 10.0; Win64; x64; rv:148.0) Gecko/20100101 Firefox/148.0" "-"
2a02:8070:4200:: - - [25/Mar/2026:09:41:24 +0100] "GET /uploads/images/banner/banner_lohnbuchhaltung_gehaltsabrechnung_auslagern_mit_uns_hoeher_am_wind.jpg HTTP/1.1" 200 415076 www.hrv.de "https://www.hrv.de/leistungen/outsourcing-lohn-und-gehaltsabrechnung.html?gad_source=1&gad_campaignid=21917296202&gclid=EAIaIQobChMIp4eS2tO6kwMV-JxQBh2W2QpQEAAYASAAEgI8lPD_BwE" "Mozilla/5.0 (Windows NT 10.0; Win64; x64; rv:148.0) Gecko/20100101 Firefox/148.0" "-"
2a02:8070:4200:: - - [25/Mar/2026:09:41:24 +0100] "GET /assets/images/button.png HTTP/1.1" 200 9992 www.hrv.de "https://www.hrv.de/leistungen/outsourcing-lohn-und-gehaltsabrechnung.html?gad_source=1&gad_campaignid=21917296202&gclid=EAIaIQobChMIp4eS2tO6kwMV-JxQBh2W2QpQEAAYASAAEgI8lPD_BwE" "Mozilla/5.0 (Windows NT 10.0; Win64; x64; rv:148.0) Gecko/20100101 Firefox/148.0" "-"
2a02:8070:4200:: - - [25/Mar/2026:09:41:24 +0100] "GET /assets/images/o-lettter.png HTTP/1.1" 200 25069 www.hrv.de "https://www.hrv.de/leistungen/outsourcing-lohn-und-gehaltsabrechnung.html?gad_source=1&gad_campaignid=21917296202&gclid=EAIaIQobChMIp4eS2tO6kwMV-JxQBh2W2QpQEAAYASAAEgI8lPD_BwE" "Mozilla/5.0 (Windows NT 10.0; Win64; x64; rv:148.0) Gecko/20100101 Firefox/148.0" "-"
2a02:8070:4200:: - - [25/Mar/2026:09:41:24 +0100] "GET /assets/css/animate.css HTTP/1.1" 200 6964 www.hrv.de "https://www.hrv.de/assets/style.php/main.scss?v=1" "Mozilla/5.0 (Windows NT 10.0; Win64; x64; rv:148.0) Gecko/20100101 Firefox/148.0" "-"
2a02:8070:4200:: - - [25/Mar/2026:09:41:24 +0100] "GET /assets/images/sprite.png HTTP/1.1" 200 112934 www.hrv.de "https://www.hrv.de/assets/style.php/main.scss?v=1" "Mozilla/5.0 (Windows NT 10.0; Win64; x64; rv:148.0) Gecko/20100101 Firefox/148.0" "-"
2a02:8070:4200:: - - [25/Mar/2026:09:41:24 +0100] "GET /uploads/images/text_mit_bild/HRV-Outsourcing-ihrer-Lohn-und-Gehaltsabrechnung-Ruhige-See.jpg HTTP/1.1" 200 108470 www.hrv.de "https://www.hrv.de/leistungen/outsourcing-lohn-und-gehaltsabrechnung.html?gad_source=1&gad_campaignid=21917296202&gclid=EAIaIQobChMIp4eS2tO6kwMV-JxQBh2W2QpQEAAYASAAEgI8lPD_BwE" "Mozilla/5.0 (Windows NT 10.0; Win64; x64; rv:148.0) Gecko/20100101 Firefox/148.0" "-"
2a02:8070:4200:: - - [25/Mar/2026:09:41:24 +0100] "GET /assets/fonts/roboto-light-webfont.woff2 HTTP/1.1" 200 19136 www.hrv.de "https://www.hrv.de/assets/style.php/main.scss?v=1" "Mozilla/5.0 (Windows NT 10.0; Win64; x64; rv:148.0) Gecko/20100101 Firefox/148.0" "-"
2a02:8070:4200:: - - [25/Mar/2026:09:41:24 +0100] "GET /assets/fonts/roboto-regular-webfont.woff2 HTTP/1.1" 200 19384 www.hrv.de "https://www.hrv.de/assets/style.php/main.scss?v=1" "Mozilla/5.0 (Windows NT 10.0; Win64; x64; rv:148.0) Gecko/20100101 Firefox/148.0" "-"
2a02:8070:4200:: - - [25/Mar/2026:09:41:24 +0100] "GET /assets/fonts/roboto-bold-webfont.woff2 HTTP/1.1" 200 19668 www.hrv.de "https://www.hrv.de/assets/style.php/main.scss?v=1" "Mozilla/5.0 (Windows NT 10.0; Win64; x64; rv:148.0) Gecko/20100101 Firefox/148.0" "-"
2a02:8070:4200:: - - [25/Mar/2026:09:41:24 +0100] "GET /favicon.ico HTTP/1.1" 200 1150 www.hrv.de "https://www.hrv.de/leistungen/outsourcing-lohn-und-gehaltsabrechnung.html?gad_source=1&gad_campaignid=21917296202&gclid=EAIaIQobChMIp4eS2tO6kwMV-JxQBh2W2QpQEAAYASAAEgI8lPD_BwE" "Mozilla/5.0 (Windows NT 10.0; Win64; x64; rv:148.0) Gecko/20100101 Firefox/148.0" "-"
43.155.188.0 - - [25/Mar/2026:09:41:25 +0100] "GET / HTTP/1.1" 200 53711 www.hrv.de "-" "Mozilla/5.0 (iPhone; CPU iPhone OS 13_2_3 like Mac OS X) AppleWebKit/605.1.15 (KHTML, like Gecko) Version/13.0.3 Mobile/15E148 Safari/604.1" "-"
194.233.96.0 - - [25/Mar/2026:09:42:44 +0100] "GET / HTTP/1.1" 301 266 hrv.de "-" "Mozilla/5.0 (iPhone; CPU iPhone OS 18_7 like Mac OS X) AppleWebKit/605.1.15 (KHTML, like Gecko) Version/26.3 Mobile/15E148 Safari/604.1" "-"
194.233.96.0 - - [25/Mar/2026:09:42:44 +0100] "GET / HTTP/1.1" 200 53711 www.hrv.de "-" "Mozilla/5.0 (iPhone; CPU iPhone OS 18_7 like Mac OS X) AppleWebKit/605.1.15 (KHTML, like Gecko) Version/26.3 Mobile/15E148 Safari/604.1" "-"
194.233.96.0 - - [25/Mar/2026:09:42:45 +0100] "GET /apple-touch-icon-120x120-precomposed.png HTTP/1.1" 404 12554 www.hrv.de "-" "Mozilla/5.0 (iPhone; CPU iPhone OS 18_7 like Mac OS X) AppleWebKit/605.1.15 (KHTML, like Gecko) Safari" "-"
194.233.96.0 - - [25/Mar/2026:09:42:45 +0100] "GET /apple-touch-icon-120x120.png HTTP/1.1" 404 12554 www.hrv.de "-" "Mozilla/5.0 (iPhone; CPU iPhone OS 18_7 like Mac OS X) AppleWebKit/605.1.15 (KHTML, like Gecko) Safari" "-"
194.233.96.0 - - [25/Mar/2026:09:42:46 +0100] "GET /apple-touch-icon-precomposed.png HTTP/1.1" 301 298 hrv.de "-" "Mozilla/5.0 (iPhone; CPU iPhone OS 18_7 like Mac OS X) AppleWebKit/605.1.15 (KHTML, like Gecko) Safari" "-"
194.233.96.0 - - [25/Mar/2026:09:42:46 +0100] "GET /apple-touch-icon-precomposed.png HTTP/1.1" 404 12554 www.hrv.de "-" "Mozilla/5.0 (iPhone; CPU iPhone OS 18_7 like Mac OS X) AppleWebKit/605.1.15 (KHTML, like Gecko) Safari" "-"
194.233.96.0 - - [25/Mar/2026:09:42:46 +0100] "GET /apple-touch-icon.png HTTP/1.1" 301 286 hrv.de "-" "Mozilla/5.0 (iPhone; CPU iPhone OS 18_7 like Mac OS X) AppleWebKit/605.1.15 (KHTML, like Gecko) Safari" "-"
194.233.96.0 - - [25/Mar/2026:09:42:46 +0100] "GET /apple-touch-icon.png HTTP/1.1" 404 12554 www.hrv.de "-" "Mozilla/5.0 (iPhone; CPU iPhone OS 18_7 like Mac OS X) AppleWebKit/605.1.15 (KHTML, like Gecko) Safari" "-"
194.233.96.0 - - [25/Mar/2026:09:42:46 +0100] "GET /apple-touch-icon-precomposed.png HTTP/1.1" 404 12554 www.hrv.de "-" "Mozilla/5.0 (iPhone; CPU iPhone OS 18_7 like Mac OS X) AppleWebKit/605.1.15 (KHTML, like Gecko) Safari" "-"
194.233.96.0 - - [25/Mar/2026:09:42:47 +0100] "GET /apple-touch-icon.png HTTP/1.1" 404 12554 www.hrv.de "-" "Mozilla/5.0 (iPhone; CPU iPhone OS 18_7 like Mac OS X) AppleWebKit/605.1.15 (KHTML, like Gecko) Safari" "-"
194.233.96.0 - - [25/Mar/2026:09:42:47 +0100] "GET /favicon.ico HTTP/1.1" 200 1150 www.hrv.de "-" "Mozilla/5.0 (iPhone; CPU iPhone OS 18_7 like Mac OS X) AppleWebKit/605.1.15 (KHTML, like Gecko) Safari" "-"
5.7.164.0 - - [25/Mar/2026:09:43:09 +0100] "POST /autodiscover/autodiscover.xml HTTP/1.1" 301 295 hrv.de "-" "Microsoft Office/16.0 (Windows NT 10.0; Microsoft Outlook 16.0.19725; Pro)" "-"
82.165.87.0 - - [25/Mar/2026:09:43:09 +0100] "GET /index.php?mact=CmsJobManager,cntnt01,process,0&cntnt01returnid=1&cms_cron=1&showtemplate=false HTTP/1.1" 200 2 www.hrv.de "-" "-" "-"
5.7.164.0 - - [25/Mar/2026:09:43:09 +0100] "GET /autodiscover/autodiscover.xml HTTP/1.1" 404 12554 www.hrv.de "-" "Microsoft Office/16.0 (Windows NT 10.0; Microsoft Outlook 16.0.19725; Pro)" "-"
5.7.164.0 - - [25/Mar/2026:09:43:42 +0100] "POST /autodiscover/autodiscover.xml HTTP/1.1" 301 295 hrv.de "-" "Microsoft Office/16.0 (Windows NT 10.0; Microsoft Outlook 16.0.19725; Pro)" "-"
5.7.164.0 - - [25/Mar/2026:09:43:42 +0100] "GET /autodiscover/autodiscover.xml HTTP/1.1" 404 12554 www.hrv.de "-" "Microsoft Office/16.0 (Windows NT 10.0; Microsoft Outlook 16.0.19725; Pro)" "-"
85.10.195.0 - - [25/Mar/2026:09:43:49 +0100] "GET / HTTP/1.1" 200 53711 www.hrv.de "-" "Mozilla/5.0 (Android 14; Mobile; rv:136.0) Gecko/136.0 Firefox/136.0" "-"
74.7.244.0 - - [25/Mar/2026:09:44:06 +0100] "GET /robots.txt HTTP/1.1" 404 12554 www.hrv.de "-" "Mozilla/5.0 (Macintosh; Intel Mac OS X 10_15_7) AppleWebKit/537.36 (KHTML, like Gecko) Chrome/131.0.0.0 Safari/537.36; compatible; OAI-SearchBot/1.3; robots.txt; +https://openai.com/searchbot" "-"
85.10.195.0 - - [25/Mar/2026:09:44:07 +0100] "GET /ueber-uns.html HTTP/1.1" 200 24715 www.hrv.de "-" "Mozilla/5.0 (Android 14; Mobile; rv:136.0) Gecko/136.0 Firefox/136.0" "-"
85.10.195.0 - - [25/Mar/2026:09:44:09 +0100] "GET /karriere.html HTTP/1.1" 200 28918 www.hrv.de "-" "Mozilla/5.0 (Android 14; Mobile; rv:136.0) Gecko/136.0 Firefox/136.0" "-"
85.10.195.0 - - [25/Mar/2026:09:44:09 +0100] "GET /assets/style.php/main.scss?v=1 HTTP/1.1" 200 356594 www.hrv.de "-" "Mozilla/5.0 (Android 14; Mobile; rv:136.0) Gecko/136.0 Firefox/136.0" "-"
85.10.195.0 - - [25/Mar/2026:09:44:09 +0100] "GET /assets/css/animate.css HTTP/1.1" 200 6964 www.hrv.de "-" "Mozilla/5.0 (Android 14; Mobile; rv:136.0) Gecko/136.0 Firefox/136.0" "-"
85.10.195.0 - - [25/Mar/2026:09:44:09 +0100] "GET /tmp/cache/stylesheet_combined_22541eff99615b766ca97eced4ff9c48.css HTTP/1.1" 200 1475 www.hrv.de "-" "Mozilla/5.0 (Android 14; Mobile; rv:136.0) Gecko/136.0 Firefox/136.0" "-"
85.10.195.0 - - [25/Mar/2026:09:44:17 +0100] "GET / HTTP/1.1" 200 53711 www.hrv.de "-" "Mozilla/5.0 (Android 14; Mobile; rv:136.0) Gecko/136.0 Firefox/136.0" "-"
85.10.195.0 - - [25/Mar/2026:09:44:18 +0100] "GET /karriere.html HTTP/1.1" 200 28918 www.hrv.de "-" "Mozilla/5.0 (Android 14; Mobile; rv:136.0) Gecko/136.0 Firefox/136.0" "-"
85.10.195.0 - - [25/Mar/2026:09:44:18 +0100] "GET / HTTP/1.1" 200 53711 www.hrv.de "-" "Java/25.0.2" "-"
85.10.195.0 - - [25/Mar/2026:09:44:20 +0100] "GET /karriere.html HTTP/1.1" 200 28918 www.hrv.de "-" "Mozilla/5.0 (Android 14; Mobile; rv:136.0) Gecko/136.0 Firefox/136.0" "-"
66.249.69.0 - - [25/Mar/2026:09:44:33 +0100] "GET /robots.txt HTTP/1.1" 404 12554 www.hrv.de "-" "Mozilla/5.0 (compatible; Googlebot/2.1; +http://www.google.com/bot.html)" "-"
66.249.69.0 - - [25/Mar/2026:09:44:34 +0100] "GET /it-know-how/sap.html HTTP/1.1" 200 21030 www.hrv.de "-" "Mozilla/5.0 (Linux; Android 6.0.1; Nexus 5X Build/MMB29P) AppleWebKit/537.36 (KHTML, like Gecko) Chrome/146.0.7680.153 Mobile Safari/537.36 (compatible; Googlebot/2.1; +http://www.google.com/bot.html)" "-"
66.249.69.0 - - [25/Mar/2026:09:44:37 +0100] "GET /assets/js/slick.js HTTP/1.1" 200 20409 www.hrv.de "https://www.hrv.de/it-know-how/sap.html" "Mozilla/5.0 (Linux; Android 6.0.1; Nexus 5X Build/MMB29P) AppleWebKit/537.36 (KHTML, like Gecko) Chrome/146.0.7680.153 Mobile Safari/537.36 (compatible; Googlebot/2.1; +http://www.google.com/bot.html)" "-"
66.249.69.0 - - [25/Mar/2026:09:44:37 +0100] "GET /tmp/cache/stylesheet_combined_22541eff99615b766ca97eced4ff9c48.css HTTP/1.1" 200 1475 www.hrv.de "https://www.hrv.de/it-know-how/sap.html" "Mozilla/5.0 (Linux; Android 6.0.1; Nexus 5X Build/MMB29P) AppleWebKit/537.36 (KHTML, like Gecko) Chrome/146.0.7680.153 Mobile Safari/537.36 (compatible; Googlebot/2.1; +http://www.google.com/bot.html)" "-"
66.249.69.0 - - [25/Mar/2026:09:44:37 +0100] "GET /assets/js/custom.js?v=5 HTTP/1.1" 200 745 www.hrv.de "https://www.hrv.de/it-know-how/sap.html" "Mozilla/5.0 (Linux; Android 6.0.1; Nexus 5X Build/MMB29P) AppleWebKit/537.36 (KHTML, like Gecko) Chrome/146.0.7680.153 Mobile Safari/537.36 (compatible; Googlebot/2.1; +http://www.google.com/bot.html)" "-"
66.249.69.0 - - [25/Mar/2026:09:44:37 +0100] "GET /assets/js/wow.min.js HTTP/1.1" 200 3085 www.hrv.de "https://www.hrv.de/it-know-how/sap.html" "Mozilla/5.0 (Linux; Android 6.0.1; Nexus 5X Build/MMB29P) AppleWebKit/537.36 (KHTML, like Gecko) Chrome/146.0.7680.153 Mobile Safari/537.36 (compatible; Googlebot/2.1; +http://www.google.com/bot.html)" "-"
136.243.83.0 - - [25/Mar/2026:09:44:58 +0100] "GET /glossar/externe-reisekostenabrechnung.html HTTP/1.1" 200 22035 www.hrv.de "-" "Mozilla/5.0 (compatible; MetaJobBot; https://www.metajob.de/crawler)" "-"
66.249.69.0 - - [25/Mar/2026:09:45:23 +0100] "GET / HTTP/1.1" 200 53711 www.hrv.de "-" "Mozilla/5.0 (compatible; Googlebot/2.1; +http://www.google.com/bot.html)" "-"
66.249.69.0 - - [25/Mar/2026:09:45:23 +0100] "GET / HTTP/1.1" 200 53711 www.hrv.de "-" "Mozilla/5.0 (Linux; Android 6.0.1; Nexus 5X Build/MMB29P) AppleWebKit/537.36 (KHTML, like Gecko) Chrome/146.0.7680.153 Mobile Safari/537.36 (compatible; Googlebot/2.1; +http://www.google.com/bot.html)" "-"
66.249.69.0 - - [25/Mar/2026:09:45:30 +0100] "GET /assets/css/animate.css HTTP/1.1" 200 6964 www.hrv.de "https://www.hrv.de/assets/style.php/main.scss?v=1" "Mozilla/5.0 (Linux; Android 6.0.1; Nexus 5X Build/MMB29P) AppleWebKit/537.36 (KHTML, like Gecko) Chrome/145.0.7632.159 Mobile Safari/537.36 (compatible; Googlebot/2.1; +http://www.google.com/bot.html)" "-"
2a01:4f8:: - - [25/Mar/2026:09:45:54 +0100] "GET /karriere.html HTTP/1.1" 200 28918 www.hrv.de "-" "Mozilla/5.0 (X11; Linux x86_64; rv:140.0) Gecko/20100101 Firefox/140.0" "-"
2a01:4f8:: - - [25/Mar/2026:09:45:54 +0100] "GET /assets/images/logo.png HTTP/1.1" 200 3208 www.hrv.de "https://www.hrv.de/karriere.html" "Mozilla/5.0 (X11; Linux x86_64; rv:140.0) Gecko/20100101 Firefox/140.0" "-"
2a01:4f8:: - - [25/Mar/2026:09:45:54 +0100] "GET /assets/images/button.png HTTP/1.1" 200 9992 www.hrv.de "https://www.hrv.de/karriere.html" "Mozilla/5.0 (X11; Linux x86_64; rv:140.0) Gecko/20100101 Firefox/140.0" "-"
2a01:4f8:: - - [25/Mar/2026:09:45:54 +0100] "GET /assets/js/bootstrap.min.js HTTP/1.1" 200 19883 www.hrv.de "https://www.hrv.de/karriere.html" "Mozilla/5.0 (X11; Linux x86_64; rv:140.0) Gecko/20100101 Firefox/140.0" "-"
2a01:4f8:: - - [25/Mar/2026:09:45:54 +0100] "GET /uploads/images/banner/HRV_mit_externer_finanzbuchhaltung_als_crew_gemeinsam_nach_vorn.jpg HTTP/1.1" 200 263805 www.hrv.de "https://www.hrv.de/karriere.html" "Mozilla/5.0 (X11; Linux x86_64; rv:140.0) Gecko/20100101 Firefox/140.0" "-"
2a01:4f8:: - - [25/Mar/2026:09:45:54 +0100] "GET /tmp/cache/stylesheet_combined_22541eff99615b766ca97eced4ff9c48.css HTTP/1.1" 200 1475 www.hrv.de "https://www.hrv.de/karriere.html" "Mozilla/5.0 (X11; Linux x86_64; rv:140.0) Gecko/20100101 Firefox/140.0" "-"
2a01:4f8:: - - [25/Mar/2026:09:45:54 +0100] "GET /assets/js/custom.js?v=5 HTTP/1.1" 200 745 www.hrv.de "https://www.hrv.de/karriere.html" "Mozilla/5.0 (X11; Linux x86_64; rv:140.0) Gecko/20100101 Firefox/140.0" "-"
2a01:4f8:: - - [25/Mar/2026:09:45:54 +0100] "GET /assets/js/wow.min.js HTTP/1.1" 200 3085 www.hrv.de "https://www.hrv.de/karriere.html" "Mozilla/5.0 (X11; Linux x86_64; rv:140.0) Gecko/20100101 Firefox/140.0" "-"
2a01:4f8:: - - [25/Mar/2026:09:45:54 +0100] "GET /assets/js/slick.js HTTP/1.1" 200 20409 www.hrv.de "https://www.hrv.de/karriere.html" "Mozilla/5.0 (X11; Linux x86_64; rv:140.0) Gecko/20100101 Firefox/140.0" "-"
2a01:4f8:: - - [25/Mar/2026:09:45:54 +0100] "GET /assets/js/callback.js HTTP/1.1" 200 329 www.hrv.de "https://www.hrv.de/karriere.html" "Mozilla/5.0 (X11; Linux x86_64; rv:140.0) Gecko/20100101 Firefox/140.0" "-"
2a01:4f8:: - - [25/Mar/2026:09:45:54 +0100] "GET /assets/style.php/main.scss?v=1 HTTP/1.1" 200 356594 www.hrv.de "https://www.hrv.de/karriere.html" "Mozilla/5.0 (X11; Linux x86_64; rv:140.0) Gecko/20100101 Firefox/140.0" "-"
2a01:4f8:: - - [25/Mar/2026:09:45:54 +0100] "GET /assets/css/animate.css HTTP/1.1" 200 6964 www.hrv.de "https://www.hrv.de/assets/style.php/main.scss?v=1" "Mozilla/5.0 (X11; Linux x86_64; rv:140.0) Gecko/20100101 Firefox/140.0" "-"
2a01:4f8:: - - [25/Mar/2026:09:45:54 +0100] "GET /assets/images/bullet.png HTTP/1.1" 200 173 www.hrv.de "https://www.hrv.de/assets/style.php/main.scss?v=1" "Mozilla/5.0 (X11; Linux x86_64; rv:140.0) Gecko/20100101 Firefox/140.0" "-"
2a01:4f8:: - - [25/Mar/2026:09:45:54 +0100] "GET /assets/images/sprite.png HTTP/1.1" 200 112934 www.hrv.de "https://www.hrv.de/assets/style.php/main.scss?v=1" "Mozilla/5.0 (X11; Linux x86_64; rv:140.0) Gecko/20100101 Firefox/140.0" "-"
2a01:4f8:: - - [25/Mar/2026:09:45:54 +0100] "GET /uploads/images/text_mit_bild/text%20mit%20bild%20yacht.jpg HTTP/1.1" 200 323067 www.hrv.de "https://www.hrv.de/karriere.html" "Mozilla/5.0 (X11; Linux x86_64; rv:140.0) Gecko/20100101 Firefox/140.0" "-"
2a01:4f8:: - - [25/Mar/2026:09:45:54 +0100] "GET /assets/fonts/roboto-light-webfont.woff2 HTTP/1.1" 200 19136 www.hrv.de "https://www.hrv.de/assets/style.php/main.scss?v=1" "Mozilla/5.0 (X11; Linux x86_64; rv:140.0) Gecko/20100101 Firefox/140.0" "-"
2a01:4f8:: - - [25/Mar/2026:09:45:54 +0100] "GET /assets/fonts/roboto-medium-webfont.woff2 HTTP/1.1" 200 19468 www.hrv.de "https://www.hrv.de/assets/style.php/main.scss?v=1" "Mozilla/5.0 (X11; Linux x86_64; rv:140.0) Gecko/20100101 Firefox/140.0" "-"
2a01:4f8:: - - [25/Mar/2026:09:45:54 +0100] "GET /assets/fonts/roboto-bold-webfont.woff2 HTTP/1.1" 200 19668 www.hrv.de "https://www.hrv.de/assets/style.php/main.scss?v=1" "Mozilla/5.0 (X11; Linux x86_64; rv:140.0) Gecko/20100101 Firefox/140.0" "-"
2a01:4f8:: - - [25/Mar/2026:09:45:54 +0100] "GET /assets/fonts/roboto-regular-webfont.woff2 HTTP/1.1" 200 19384 www.hrv.de "https://www.hrv.de/assets/style.php/main.scss?v=1" "Mozilla/5.0 (X11; Linux x86_64; rv:140.0) Gecko/20100101 Firefox/140.0" "-"
2a01:4f8:: - - [25/Mar/2026:09:45:54 +0100] "GET /favicon.ico HTTP/1.1" 200 1150 www.hrv.de "https://www.hrv.de/karriere.html" "Mozilla/5.0 (X11; Linux x86_64; rv:140.0) Gecko/20100101 Firefox/140.0" "-"
85.10.195.0 - - [25/Mar/2026:09:45:58 +0100] "GET / HTTP/1.1" 200 53711 www.hrv.de "-" "Mozilla/5.0 (Android 14; Mobile; rv:136.0) Gecko/136.0 Firefox/136.0" "-"
85.10.195.0 - - [25/Mar/2026:09:45:58 +0100] "GET /karriere.html HTTP/1.1" 200 28918 www.hrv.de "-" "Mozilla/5.0 (Android 14; Mobile; rv:136.0) Gecko/136.0 Firefox/136.0" "-"
85.10.195.0 - - [25/Mar/2026:09:45:59 +0100] "GET /karriere.html HTTP/1.1" 200 28918 www.hrv.de "-" "Mozilla/5.0 (Android 14; Mobile; rv:136.0) Gecko/136.0 Firefox/136.0" "-"
2a01:4f8:: - - [25/Mar/2026:09:46:04 +0100] "GET /karriere.html HTTP/1.1" 200 28918 www.hrv.de "-" "Mozilla/5.0 (Android 14; Mobile; rv:136.0) Gecko/136.0 Firefox/136.0" "-"
2a01:4f8:: - - [25/Mar/2026:09:46:05 +0100] "GET /tmp/cache/stylesheet_combined_22541eff99615b766ca97eced4ff9c48.css HTTP/1.1" 200 1475 www.hrv.de "https://www.hrv.de/karriere.html" "Mozilla/5.0 (Android 14; Mobile; rv:136.0) Gecko/136.0 Firefox/136.0" "-"
2a01:4f8:: - - [25/Mar/2026:09:46:05 +0100] "GET /assets/js/custom.js?v=5 HTTP/1.1" 200 745 www.hrv.de "https://www.hrv.de/karriere.html" "Mozilla/5.0 (Android 14; Mobile; rv:136.0) Gecko/136.0 Firefox/136.0" "-"
2a01:4f8:: - - [25/Mar/2026:09:46:05 +0100] "GET /assets/js/wow.min.js HTTP/1.1" 200 3085 www.hrv.de "https://www.hrv.de/karriere.html" "Mozilla/5.0 (Android 14; Mobile; rv:136.0) Gecko/136.0 Firefox/136.0" "-"
2a01:4f8:: - - [25/Mar/2026:09:46:05 +0100] "GET /assets/js/bootstrap.min.js HTTP/1.1" 200 19883 www.hrv.de "https://www.hrv.de/karriere.html" "Mozilla/5.0 (Android 14; Mobile; rv:136.0) Gecko/136.0 Firefox/136.0" "-"
2a01:4f8:: - - [25/Mar/2026:09:46:05 +0100] "GET /assets/js/slick.js HTTP/1.1" 200 20409 www.hrv.de "https://www.hrv.de/karriere.html" "Mozilla/5.0 (Android 14; Mobile; rv:136.0) Gecko/136.0 Firefox/136.0" "-"
2a01:4f8:: - - [25/Mar/2026:09:46:05 +0100] "GET /assets/js/cookieconsent.js HTTP/1.1" 200 - www.hrv.de "https://www.hrv.de/karriere.html" "Mozilla/5.0 (Android 14; Mobile; rv:136.0) Gecko/136.0 Firefox/136.0" "-"
2a01:4f8:: - - [25/Mar/2026:09:46:05 +0100] "GET /assets/js/callback.js HTTP/1.1" 200 329 www.hrv.de "https://www.hrv.de/karriere.html" "Mozilla/5.0 (Android 14; Mobile; rv:136.0) Gecko/136.0 Firefox/136.0" "-"
2a01:4f8:: - - [25/Mar/2026:09:46:05 +0100] "GET /assets/style.php/main.scss?v=1 HTTP/1.1" 200 356594 www.hrv.de "https://www.hrv.de/karriere.html" "Mozilla/5.0 (Android 14; Mobile; rv:136.0) Gecko/136.0 Firefox/136.0" "-"
2a01:4f8:: - - [25/Mar/2026:09:46:05 +0100] "GET /assets/css/animate.css HTTP/1.1" 200 6964 www.hrv.de "https://www.hrv.de/karriere.html" "Mozilla/5.0 (Android 14; Mobile; rv:136.0) Gecko/136.0 Firefox/136.0" "-"
2a01:4f8:: - - [25/Mar/2026:09:46:05 +0100] "GET /assets/fonts/roboto-regular-webfont.woff HTTP/1.1" 200 26156 www.hrv.de "https://www.hrv.de/karriere.html" "Mozilla/5.0 (Android 14; Mobile; rv:136.0) Gecko/136.0 Firefox/136.0" "-"
2a01:4f8:: - - [25/Mar/2026:09:46:05 +0100] "GET /assets/fonts/roboto-bold-webfont.woff HTTP/1.1" 200 26556 www.hrv.de "https://www.hrv.de/karriere.html" "Mozilla/5.0 (Android 14; Mobile; rv:136.0) Gecko/136.0 Firefox/136.0" "-"
2a01:4f8:: - - [25/Mar/2026:09:46:05 +0100] "GET /assets/fonts/roboto-light-webfont.woff HTTP/1.1" 200 25812 www.hrv.de "https://www.hrv.de/karriere.html" "Mozilla/5.0 (Android 14; Mobile; rv:136.0) Gecko/136.0 Firefox/136.0" "-"
2a01:4f8:: - - [25/Mar/2026:09:46:05 +0100] "GET /assets/fonts/roboto-medium-webfont.woff HTTP/1.1" 200 26436 www.hrv.de "https://www.hrv.de/karriere.html" "Mozilla/5.0 (Android 14; Mobile; rv:136.0) Gecko/136.0 Firefox/136.0" "-"
82.165.87.0 - - [25/Mar/2026:09:46:46 +0100] "GET /index.php?mact=CmsJobManager,cntnt01,process,0&cntnt01returnid=1&cms_cron=1&showtemplate=false HTTP/1.1" 200 2 www.hrv.de "-" "-" "-"
85.10.195.0 - - [25/Mar/2026:09:46:46 +0100] "GET /aktuelles.html HTTP/1.1" 200 30740 www.hrv.de "-" "Mozilla/5.0 (Android 14; Mobile; rv:136.0) Gecko/136.0 Firefox/136.0" "-"
85.10.195.0 - - [25/Mar/2026:09:46:48 +0100] "GET /cookies HTTP/1.1" 301 283 www.hrv.de "-" "Mozilla/5.0 (Android 14; Mobile; rv:136.0) Gecko/136.0 Firefox/136.0" "-"
5.7.164.0 - - [25/Mar/2026:09:47:07 +0100] "POST /autodiscover/autodiscover.xml HTTP/1.1" 301 295 hrv.de "-" "Microsoft Office/16.0 (Windows NT 10.0; Microsoft Outlook 16.0.19725; Pro)" "-"
5.7.164.0 - - [25/Mar/2026:09:47:07 +0100] "GET /autodiscover/autodiscover.xml HTTP/1.1" 404 12554 www.hrv.de "-" "Microsoft Office/16.0 (Windows NT 10.0; Microsoft Outlook 16.0.19725; Pro)" "-"
40.77.167.0 - - [25/Mar/2026:09:47:29 +0100] "GET / HTTP/1.1" 200 53711 www.hrv.de "-" "Mozilla/5.0 AppleWebKit/537.36 (KHTML, like Gecko; compatible; bingbot/2.0; +http://www.bing.com/bingbot.htm) Chrome/116.0.1938.76 Safari/537.36" "-"
2001:4860:: - - [25/Mar/2026:09:47:38 +0100] "GET /leistungen/outsourcing-travel-expenses.html?gad_source=1&gad_campaignid=21919190281&gbraid=0AAAAADuLPkdeaC1wlPpN_ecR2cw-GqEGt&gclid=Cj0KCQjwj47OBhCmARIsAF5wUEGnCF_lcskvYLH2n35rPdKfRGXQdyASZft9hwERv0IbNH2xAVeG4QIaArCSEALw_wcB HTTP/1.1" 301 507 www.hrv.de "https://www.google.com/" "Mozilla/5.0 (Macintosh; Intel Mac OS X 10_15_7) AppleWebKit/537.36 (KHTML, like Gecko) Chrome/146.0.0.0 Safari/537.36" "-"
2001:4860:: - - [25/Mar/2026:09:47:39 +0100] "GET /leistungen/reisekostenabrechnung-auslagern.html?gad_source=1&gad_campaignid=21919190281&gbraid=0AAAAADuLPkdeaC1wlPpN_ecR2cw-GqEGt&gclid=Cj0KCQjwj47OBhCmARIsAF5wUEGnCF_lcskvYLH2n35rPdKfRGXQdyASZft9hwERv0IbNH2xAVeG4QIaArCSEALw_wcB HTTP/1.1" 200 22466 www.hrv.de "https://www.google.com/" "Mozilla/5.0 (Macintosh; Intel Mac OS X 10_15_7) AppleWebKit/537.36 (KHTML, like Gecko) Chrome/146.0.0.0 Safari/537.36" "-"
5.7.164.0 - - [25/Mar/2026:09:48:53 +0100] "POST /autodiscover/autodiscover.xml HTTP/1.1" 301 295 hrv.de "-" "Microsoft Office/16.0 (Windows NT 10.0; Microsoft Outlook 16.0.19725; Pro)" "-"
5.7.164.0 - - [25/Mar/2026:09:48:53 +0100] "GET /autodiscover/autodiscover.xml HTTP/1.1" 404 12554 www.hrv.de "-" "Microsoft Office/16.0 (Windows NT 10.0; Microsoft Outlook 16.0.19725; Pro)" "-"
2001:4860:: - - [25/Mar/2026:09:49:45 +0100] "GET /leistungen/outsourcing-lohn-und-gehaltsabrechnung.html?gad_source=1&gad_campaignid=21917296202&gbraid=0AAAAADuLPkflLk3PwkjECbrat3buxkhYd&gclid=Cj0KCQjwj47OBhCmARIsAF5wUEH9glVJydISvz1K369_ZCbP9sQ7GMRS4KICwJpl7iYK-HBZXRiHEekaAkOYEALw_wcB HTTP/1.1" 200 26291 www.hrv.de "https://www.google.com/" "Mozilla/5.0 (Linux; Android 10; K) AppleWebKit/537.36 (KHTML, like Gecko) Chrome/146.0.0.0 Mobile Safari/537.36" "-"
5.7.164.0 - - [25/Mar/2026:09:50:59 +0100] "POST /autodiscover/autodiscover.xml HTTP/1.1" 301 295 hrv.de "-" "Microsoft Office/16.0 (Windows NT 10.0; Microsoft Outlook 16.0.19725; Pro)" "-"
82.165.87.0 - - [25/Mar/2026:09:50:59 +0100] "GET /index.php?mact=CmsJobManager,cntnt01,process,0&cntnt01returnid=1&cms_cron=1&showtemplate=false HTTP/1.1" 200 2 www.hrv.de "-" "-" "-"
5.7.164.0 - - [25/Mar/2026:09:50:59 +0100] "GET /autodiscover/autodiscover.xml HTTP/1.1" 404 12554 www.hrv.de "-" "Microsoft Office/16.0 (Windows NT 10.0; Microsoft Outlook 16.0.19725; Pro)" "-"
5.7.164.0 - - [25/Mar/2026:09:54:03 +0100] "POST /autodiscover/autodiscover.xml HTTP/1.1" 301 295 hrv.de "-" "Microsoft Office/16.0 (Windows NT 10.0; Microsoft Outlook 16.0.19725; Pro)" "-"
82.165.87.0 - - [25/Mar/2026:09:54:03 +0100] "GET /index.php?mact=CmsJobManager,cntnt01,process,0&cntnt01returnid=1&cms_cron=1&showtemplate=false HTTP/1.1" 200 2 www.hrv.de "-" "-" "-"
5.7.164.0 - - [25/Mar/2026:09:54:03 +0100] "GET /autodiscover/autodiscover.xml HTTP/1.1" 404 12554 www.hrv.de "-" "Microsoft Office/16.0 (Windows NT 10.0; Microsoft Outlook 16.0.19725; Pro)" "-"
5.7.164.0 - - [25/Mar/2026:09:55:05 +0100] "POST /autodiscover/autodiscover.xml HTTP/1.1" 301 295 hrv.de "-" "Microsoft Office/16.0 (Windows NT 10.0; Microsoft Outlook 16.0.19725; Pro)" "-"
5.7.164.0 - - [25/Mar/2026:09:55:05 +0100] "GET /autodiscover/autodiscover.xml HTTP/1.1" 404 12554 www.hrv.de "-" "Microsoft Office/16.0 (Windows NT 10.0; Microsoft Outlook 16.0.19725; Pro)" "-"
2003:e1:f700:: - - [25/Mar/2026:09:55:57 +0100] "GET / HTTP/1.1" 200 53711 www.hrv.de "-" "Mozilla/5.0 (Linux; Android 10; K) AppleWebKit/537.36 (KHTML, like Gecko) SamsungBrowser/29.0 Chrome/136.0.0.0 Mobile Safari/537.36" "-"
2003:e1:f700:: - - [25/Mar/2026:09:56:01 +0100] "GET /karriere.html HTTP/1.1" 200 28918 www.hrv.de "https://www.hrv.de/" "Mozilla/5.0 (Linux; Android 10; K) AppleWebKit/537.36 (KHTML, like Gecko) SamsungBrowser/29.0 Chrome/136.0.0.0 Mobile Safari/537.36" "-"
5.7.164.0 - - [25/Mar/2026:09:57:26 +0100] "POST /autodiscover/autodiscover.xml HTTP/1.1" 301 295 hrv.de "-" "Microsoft Office/16.0 (Windows NT 10.0; Microsoft Outlook 16.0.19725; Pro)" "-"
82.165.87.0 - - [25/Mar/2026:09:57:26 +0100] "GET /index.php?mact=CmsJobManager,cntnt01,process,0&cntnt01returnid=1&cms_cron=1&showtemplate=false HTTP/1.1" 200 2 www.hrv.de "-" "-" "-"
5.7.164.0 - - [25/Mar/2026:09:57:26 +0100] "GET /autodiscover/autodiscover.xml HTTP/1.1" 404 12554 www.hrv.de "-" "Microsoft Office/16.0 (Windows NT 10.0; Microsoft Outlook 16.0.19725; Pro)" "-"
2a02:26f7:ec00:: - - [25/Mar/2026:09:57:45 +0100] "GET / HTTP/1.1" 301 266 hrv.de "-" "Mozilla/5.0 (Macintosh; Intel Mac OS X 10_11_1) AppleWebKit/601.2.4 (KHTML, like Gecko) Version/9.0.1 Safari/601.2.4 facebookexternalhit/1.1 Facebot Twitterbot/1.0" "-"
2a02:26f7:ec00:: - - [25/Mar/2026:09:57:45 +0100] "GET / HTTP/1.1" 200 53711 www.hrv.de "-" "Mozilla/5.0 (Macintosh; Intel Mac OS X 10_11_1) AppleWebKit/601.2.4 (KHTML, like Gecko) Version/9.0.1 Safari/601.2.4 facebookexternalhit/1.1 Facebot Twitterbot/1.0" "-"
5.7.164.0 - - [25/Mar/2026:09:57:52 +0100] "POST /autodiscover/autodiscover.xml HTTP/1.1" 301 295 hrv.de "-" "Microsoft Office/16.0 (Windows NT 10.0; Microsoft Outlook 16.0.19725; Pro)" "-"
5.7.164.0 - - [25/Mar/2026:09:57:53 +0100] "GET /autodiscover/autodiscover.xml HTTP/1.1" 404 12554 www.hrv.de "-" "Microsoft Office/16.0 (Windows NT 10.0; Microsoft Outlook 16.0.19725; Pro)" "-"
5.7.164.0 - - [25/Mar/2026:09:59:31 +0100] "POST /autodiscover/autodiscover.xml HTTP/1.1" 301 295 hrv.de "-" "Microsoft Office/16.0 (Windows NT 10.0; Microsoft Outlook 16.0.19725; Pro)" "-"
5.7.164.0 - - [25/Mar/2026:09:59:31 +0100] "GET /autodiscover/autodiscover.xml HTTP/1.1" 404 12554 www.hrv.de "-" "Microsoft Office/16.0 (Windows NT 10.0; Microsoft Outlook 16.0.19725; Pro)" "-"
82.165.87.0 - - [25/Mar/2026:10:01:59 +0100] "GET /index.php?mact=CmsJobManager,cntnt01,process,0&cntnt01returnid=1&cms_cron=1&showtemplate=false HTTP/1.1" 200 1 www.hrv-it.de "-" "-" "-"
43.154.127.0 - - [25/Mar/2026:10:01:59 +0100] "GET / HTTP/1.1" 200 41057 www.hrv-it.de "http://www.hrv-it.de" "Mozilla/5.0 (iPhone; CPU iPhone OS 13_2_3 like Mac OS X) AppleWebKit/605.1.15 (KHTML, like Gecko) Version/13.0.3 Mobile/15E148 Safari/604.1" "-"
5.7.164.0 - - [25/Mar/2026:10:02:10 +0100] "POST /autodiscover/autodiscover.xml HTTP/1.1" 301 295 hrv.de "-" "Microsoft Office/16.0 (Windows NT 10.0; Microsoft Outlook 16.0.19725; Pro)" "-"
82.165.87.0 - - [25/Mar/2026:10:02:10 +0100] "GET /index.php?mact=CmsJobManager,cntnt01,process,0&cntnt01returnid=1&cms_cron=1&showtemplate=false HTTP/1.1" 200 2 www.hrv.de "-" "-" "-"
5.7.164.0 - - [25/Mar/2026:10:02:10 +0100] "GET /autodiscover/autodiscover.xml HTTP/1.1" 404 12554 www.hrv.de "-" "Microsoft Office/16.0 (Windows NT 10.0; Microsoft Outlook 16.0.19725; Pro)" "-"
5.7.164.0 - - [25/Mar/2026:10:04:06 +0100] "POST /autodiscover/autodiscover.xml HTTP/1.1" 301 295 hrv.de "-" "Microsoft Office/16.0 (Windows NT 10.0; Microsoft Outlook 16.0.19725; Pro)" "-"
5.7.164.0 - - [25/Mar/2026:10:04:07 +0100] "GET /autodiscover/autodiscover.xml HTTP/1.1" 404 12554 www.hrv.de "-" "Microsoft Office/16.0 (Windows NT 10.0; Microsoft Outlook 16.0.19725; Pro)" "-"
5.7.164.0 - - [25/Mar/2026:10:04:36 +0100] "POST /autodiscover/autodiscover.xml HTTP/1.1" 301 295 hrv.de "-" "Microsoft Office/16.0 (Windows NT 10.0; Microsoft Outlook 16.0.19725; Pro)" "-"
5.7.164.0 - - [25/Mar/2026:10:04:36 +0100] "GET /autodiscover/autodiscover.xml HTTP/1.1" 404 12554 www.hrv.de "-" "Microsoft Office/16.0 (Windows NT 10.0; Microsoft Outlook 16.0.19725; Pro)" "-"
2001:4860:: - - [25/Mar/2026:10:06:54 +0100] "GET /leistungen/outsourcing-travel-expenses.html?gad_source=1&gad_campaignid=21919190281&gbraid=0AAAAADuLPkdeaC1wlPpN_ecR2cw-GqEGt&gclid=EAIaIQobChMIvdPbttm6kwMVJYKDBx0PiQAlEAAYASAAEgLymvD_BwE HTTP/1.1" 301 470 www.hrv.de "https://www.google.com/" "Mozilla/5.0 (Windows NT 10.0; Win64; x64) AppleWebKit/537.36 (KHTML, like Gecko) Chrome/146.0.0.0 Safari/537.36" "-"
82.165.87.0 - - [25/Mar/2026:10:06:54 +0100] "GET /index.php?mact=CmsJobManager,cntnt01,process,0&cntnt01returnid=1&cms_cron=1&showtemplate=false HTTP/1.1" 200 2 www.hrv.de "-" "-" "-"
66.249.93.0 - - [25/Mar/2026:10:06:54 +0100] "GET /.well-known/traffic-advice HTTP/1.1" 404 12554 www.hrv.de "-" "Chrome Privacy Preserving Prefetch Proxy" "-"
2001:4860:: - - [25/Mar/2026:10:06:54 +0100] "GET /leistungen/reisekostenabrechnung-auslagern.html?gad_source=1&gad_campaignid=21919190281&gbraid=0AAAAADuLPkdeaC1wlPpN_ecR2cw-GqEGt&gclid=EAIaIQobChMIvdPbttm6kwMVJYKDBx0PiQAlEAAYASAAEgLymvD_BwE HTTP/1.1" 200 22466 www.hrv.de "https://www.google.com/" "Mozilla/5.0 (Windows NT 10.0; Win64; x64) AppleWebKit/537.36 (KHTML, like Gecko) Chrome/146.0.0.0 Safari/537.36" "-"
82.165.87.0 - - [25/Mar/2026:10:06:55 +0100] "GET /index.php?mact=CmsJobManager,cntnt01,process,0&cntnt01returnid=1&cms_cron=1&showtemplate=false HTTP/1.1" 200 2 www.hrv.de "-" "-" "-"
66.249.93.0 - - [25/Mar/2026:10:06:55 +0100] "GET /.well-known/traffic-advice HTTP/1.1" 404 12554 www.hrv.de "-" "Chrome Privacy Preserving Prefetch Proxy" "-"
2001:4860:: - - [25/Mar/2026:10:06:55 +0100] "GET /glossar/externe-reisekostenabrechnung.html HTTP/1.1" 200 22035 www.hrv.de "https://www.google.com/" "Mozilla/5.0 (Windows NT 10.0; Win64; x64) AppleWebKit/537.36 (KHTML, like Gecko) Chrome/146.0.0.0 Safari/537.36" "-"
2001:4860:: - - [25/Mar/2026:10:06:56 +0100] "GET /glossar/externe-reisekostenabrechnung.html HTTP/1.1" 200 22035 www.hrv.de "https://www.google.com/" "Mozilla/5.0 (Windows NT 10.0; Win64; x64) AppleWebKit/537.36 (KHTML, like Gecko) Chrome/146.0.0.0 Safari/537.36" "-"
66.249.75.0 - - [25/Mar/2026:10:09:11 +0100] "GET /robots.txt HTTP/1.1" 301 276 hrv.de "-" "Mozilla/5.0 (compatible; Googlebot/2.1; +http://www.google.com/bot.html)" "-"
66.249.69.0 - - [25/Mar/2026:10:09:12 +0100] "GET /robots.txt HTTP/1.1" 404 12554 www.hrv.de "-" "Mozilla/5.0 (compatible; Googlebot/2.1; +http://www.google.com/bot.html)" "-"
66.249.75.0 - - [25/Mar/2026:10:09:13 +0100] "GET /de/kontakt-service HTTP/1.1" 301 284 hrv.de "-" "Mozilla/5.0 (Linux; Android 6.0.1; Nexus 5X Build/MMB29P) AppleWebKit/537.36 (KHTML, like Gecko) Chrome/146.0.7680.153 Mobile Safari/537.36 (compatible; Googlebot/2.1; +http://www.google.com/bot.html)" "-"
66.249.69.0 - - [25/Mar/2026:10:09:14 +0100] "GET /de/kontakt-service HTTP/1.1" 404 12554 www.hrv.de "-" "Mozilla/5.0 (Linux; Android 6.0.1; Nexus 5X Build/MMB29P) AppleWebKit/537.36 (KHTML, like Gecko) Chrome/146.0.7680.153 Mobile Safari/537.36 (compatible; Googlebot/2.1; +http://www.google.com/bot.html)" "-"
34.219.133.0 - - [25/Mar/2026:10:10:05 +0100] "GET / HTTP/1.1" 301 266 hrv.de "-" "Mozilla/5.0 (Windows NT 10.0; Win64; x64) AppleWebKit/537.36 (KHTML, like Gecko) Chrome/113.0.0.0 Safari/537.36" "-"
82.165.87.0 - - [25/Mar/2026:10:10:05 +0100] "GET /index.php?mact=CmsJobManager,cntnt01,process,0&cntnt01returnid=1&cms_cron=1&showtemplate=false HTTP/1.1" 200 2 www.hrv.de "-" "-" "-"
34.219.133.0 - - [25/Mar/2026:10:10:05 +0100] "GET / HTTP/1.1" 200 53711 www.hrv.de "-" "Mozilla/5.0 (Windows NT 10.0; Win64; x64) AppleWebKit/537.36 (KHTML, like Gecko) Chrome/113.0.0.0 Safari/537.36" "-"
5.7.164.0 - - [25/Mar/2026:10:10:08 +0100] "POST /autodiscover/autodiscover.xml HTTP/1.1" 301 295 hrv.de "-" "Microsoft Office/16.0 (Windows NT 10.0; Microsoft Outlook 16.0.19725; Pro)" "-"
5.7.164.0 - - [25/Mar/2026:10:10:08 +0100] "GET /autodiscover/autodiscover.xml HTTP/1.1" 404 12554 www.hrv.de "-" "Microsoft Office/16.0 (Windows NT 10.0; Microsoft Outlook 16.0.19725; Pro)" "-"
136.243.83.0 - - [25/Mar/2026:10:10:31 +0100] "GET /aktuelles/die-inflationsrate-sinkt-im-juni-2024.html HTTP/1.1" 200 14857 www.hrv.de "-" "Mozilla/5.0 (compatible; MetaJobBot; https://www.metajob.de/crawler)" "-"
2a01:4f8:c000:: - - [25/Mar/2026:10:12:17 +0100] "GET / HTTP/1.1" 200 53711 www.hrv.de "-" "Mozilla/5.0 (Windows NT 10.0; Win64; x64) AppleWebKit/537.36 (KHTML, like Gecko) Chrome/117.0.0.0 Safari/537.36" "-"
2a01:4f8:c000:: - - [25/Mar/2026:10:12:20 +0100] "GET / HTTP/1.1" 200 53711 www.hrv.de "-" "Mozilla/5.0 (X11; Linux x86_64) AppleWebKit/537.36 (KHTML, like Gecko) HeadlessChrome/128.0.0.0 Safari/537.36" "-"
2a01:4f8:c000:: - - [25/Mar/2026:10:12:21 +0100] "GET /tmp/cache/stylesheet_combined_22541eff99615b766ca97eced4ff9c48.css HTTP/1.1" 200 1475 www.hrv.de "https://www.hrv.de/" "Mozilla/5.0 (X11; Linux x86_64) AppleWebKit/537.36 (KHTML, like Gecko) HeadlessChrome/128.0.0.0 Safari/537.36" "-"
2a01:4f8:c000:: - - [25/Mar/2026:10:12:21 +0100] "GET /assets/images/logo.png HTTP/1.1" 200 3208 www.hrv.de "https://www.hrv.de/" "Mozilla/5.0 (X11; Linux x86_64) AppleWebKit/537.36 (KHTML, like Gecko) HeadlessChrome/128.0.0.0 Safari/537.36" "-"
2a01:4f8:c000:: - - [25/Mar/2026:10:12:21 +0100] "GET /uploads/images/banner/HRV_mit_externer_finanzbuchhaltung_als_crew_gemeinsam_nach_vorn.jpg HTTP/1.1" 200 263805 www.hrv.de "https://www.hrv.de/" "Mozilla/5.0 (X11; Linux x86_64) AppleWebKit/537.36 (KHTML, like Gecko) HeadlessChrome/128.0.0.0 Safari/537.36" "-"
2a01:4f8:c000:: - - [25/Mar/2026:10:12:21 +0100] "GET /assets/style.php/main.scss?v=1 HTTP/1.1" 200 356594 www.hrv.de "https://www.hrv.de/" "Mozilla/5.0 (X11; Linux x86_64) AppleWebKit/537.36 (KHTML, like Gecko) HeadlessChrome/128.0.0.0 Safari/537.36" "-"
2a01:4f8:c000:: - - [25/Mar/2026:10:12:21 +0100] "GET /uploads/images/FeatureLinks/icons_large_fianzbuchhaltung.png HTTP/1.1" 200 9200 www.hrv.de "https://www.hrv.de/" "Mozilla/5.0 (X11; Linux x86_64) AppleWebKit/537.36 (KHTML, like Gecko) HeadlessChrome/128.0.0.0 Safari/537.36" "-"
2a01:4f8:c000:: - - [25/Mar/2026:10:12:21 +0100] "GET /uploads/images/FeatureLinks/icons_large_lohn_und_gehaltsabrechnung.png HTTP/1.1" 200 11785 www.hrv.de "https://www.hrv.de/" "Mozilla/5.0 (X11; Linux x86_64) AppleWebKit/537.36 (KHTML, like Gecko) HeadlessChrome/128.0.0.0 Safari/537.36" "-"
2a01:4f8:c000:: - - [25/Mar/2026:10:12:22 +0100] "GET /uploads/images/FeatureLinks/icon_large_reisekostenabrechnung.png HTTP/1.1" 200 8679 www.hrv.de "https://www.hrv.de/" "Mozilla/5.0 (X11; Linux x86_64) AppleWebKit/537.36 (KHTML, like Gecko) HeadlessChrome/128.0.0.0 Safari/537.36" "-"
2a01:4f8:c000:: - - [25/Mar/2026:10:12:22 +0100] "GET /assets/js/bootstrap.min.js HTTP/1.1" 200 19883 www.hrv.de "https://www.hrv.de/" "Mozilla/5.0 (X11; Linux x86_64) AppleWebKit/537.36 (KHTML, like Gecko) HeadlessChrome/128.0.0.0 Safari/537.36" "-"
2a01:4f8:c000:: - - [25/Mar/2026:10:12:22 +0100] "GET /assets/css/animate.css HTTP/1.1" 200 6964 www.hrv.de "https://www.hrv.de/assets/style.php/main.scss?v=1" "Mozilla/5.0 (X11; Linux x86_64) AppleWebKit/537.36 (KHTML, like Gecko) HeadlessChrome/128.0.0.0 Safari/537.36" "-"
