88.198.54.0 - - [25/Mar/2026:11:35:08 +0100] "GET /cookies HTTP/1.1" 301 283 www.hrv.de "-" "Mozilla/5.0 (Android 14; Mobile; rv:136.0) Gecko/136.0 Firefox/136.0" "-"
5.7.164.0 - - [25/Mar/2026:11:35:54 +0100] "POST /autodiscover/autodiscover.xml HTTP/1.1" 301 295 hrv.de "-" "Microsoft Office/16.0 (Windows NT 10.0; Microsoft Outlook 16.0.19725; Pro)" "-"
5.7.164.0 - - [25/Mar/2026:11:35:54 +0100] "GET /autodiscover/autodiscover.xml HTTP/1.1" 404 12554 www.hrv.de "-" "Microsoft Office/16.0 (Windows NT 10.0; Microsoft Outlook 16.0.19725; Pro)" "-"
213.180.203.0 - - [25/Mar/2026:11:38:06 +0100] "GET /robots.txt HTTP/1.1" 429 267 www.hrv.de "-" "Mozilla/5.0 (compatible; YandexBot/3.0; +http://yandex.com/bots)" "-"
94.134.107.0 - - [25/Mar/2026:11:39:03 +0100] "POST /AutoDiscover/autodiscover.xml HTTP/1.1" 301 295 hrv.de "-" "Microsoft Office/16.0 (Windows NT 10.0; Microsoft Excel 16.0.19725; Pro)" "-"
82.165.87.0 - - [25/Mar/2026:11:39:03 +0100] "GET /index.php?mact=CmsJobManager,cntnt01,process,0&cntnt01returnid=1&cms_cron=1&showtemplate=false HTTP/1.1" 200 1 www.hrv.de "-" "-" "-"
94.134.107.0 - - [25/Mar/2026:11:39:03 +0100] "POST /AutoDiscover/autodiscover.xml HTTP/1.1" 404 12554 www.hrv.de "-" "Microsoft Office/16.0 (Windows NT 10.0; Microsoft Excel 16.0.19725; Pro)" "-"
213.180.203.0 - - [25/Mar/2026:11:40:06 +0100] "GET /robots.txt HTTP/1.1" 429 267 www.hrv.de "-" "Mozilla/5.0 (compatible; YandexBot/3.0; +http://yandex.com/bots)" "-"
5.7.164.0 - - [25/Mar/2026:11:41:35 +0100] "POST /autodiscover/autodiscover.xml HTTP/1.1" 301 295 hrv.de "-" "Microsoft Office/16.0 (Windows NT 10.0; Microsoft Outlook 16.0.19725; Pro)" "-"
5.7.164.0 - - [25/Mar/2026:11:41:36 +0100] "GET /autodiscover/autodiscover.xml HTTP/1.1" 404 12554 www.hrv.de "-" "Microsoft Office/16.0 (Windows NT 10.0; Microsoft Outlook 16.0.19725; Pro)" "-"
95.108.213.0 - - [25/Mar/2026:11:42:06 +0100] "GET /robots.txt HTTP/1.1" 429 267 www.hrv.de "-" "Mozilla/5.0 (compatible; YandexBot/3.0; +http://yandex.com/bots)" "-"
87.250.224.0 - - [25/Mar/2026:11:44:06 +0100] "GET /robots.txt HTTP/1.1" 429 267 www.hrv.de "-" "Mozilla/5.0 (compatible; YandexBot/3.0; +http://yandex.com/bots)" "-"
82.165.87.0 - - [25/Mar/2026:11:45:06 +0100] "GET /index.php?mact=CmsJobManager,cntnt01,process,0&cntnt01returnid=1&cms_cron=1&showtemplate=false HTTP/1.1" 200 2 www.hrv.de "-" "-" "-"
136.243.83.0 - - [25/Mar/2026:11:45:06 +0100] "GET /aktuelles/wichtige-informationen-f%C3%BCr-ihre-kosteneinsch%C3%A4tzung-zum-outsourcing.html HTTP/1.1" 200 15933 www.hrv.de "-" "Mozilla/5.0 (compatible; MetaJobBot; https://www.metajob.de/crawler)" "-"
5.7.164.0 - - [25/Mar/2026:11:45:55 +0100] "POST /AutoDiscover/autodiscover.xml HTTP/1.1" 301 295 hrv.de "-" "Microsoft Office/16.0 (Windows NT 10.0; Microsoft PowerPoint 16.0.19725; Pro)" "-"
5.7.164.0 - - [25/Mar/2026:11:45:55 +0100] "POST /AutoDiscover/autodiscover.xml HTTP/1.1" 404 12554 www.hrv.de "-" "Microsoft Office/16.0 (Windows NT 10.0; Microsoft PowerPoint 16.0.19725; Pro)" "-"
213.180.203.0 - - [25/Mar/2026:11:46:06 +0100] "GET /robots.txt HTTP/1.1" 429 267 www.hrv.de "-" "Mozilla/5.0 (compatible; YandexBot/3.0; +http://yandex.com/bots)" "-"
5.7.164.0 - - [25/Mar/2026:11:47:00 +0100] "POST /autodiscover/autodiscover.xml HTTP/1.1" 301 295 hrv.de "-" "Microsoft Office/16.0 (Windows NT 10.0; Microsoft Outlook 16.0.19725; Pro)" "-"
5.7.164.0 - - [25/Mar/2026:11:47:00 +0100] "GET /autodiscover/autodiscover.xml HTTP/1.1" 404 12554 www.hrv.de "-" "Microsoft Office/16.0 (Windows NT 10.0; Microsoft Outlook 16.0.19725; Pro)" "-"
213.180.203.0 - - [25/Mar/2026:11:48:06 +0100] "GET /robots.txt HTTP/1.1" 429 267 www.hrv.de "-" "Mozilla/5.0 (compatible; YandexBot/3.0; +http://yandex.com/bots)" "-"
5.255.231.0 - - [25/Mar/2026:11:50:07 +0100] "GET /robots.txt HTTP/1.1" 429 267 www.hrv.de "-" "Mozilla/5.0 (compatible; YandexBot/3.0; +http://yandex.com/bots)" "-"
82.165.87.0 - - [25/Mar/2026:11:52:09 +0100] "GET /index.php?mact=CmsJobManager,cntnt01,process,0&cntnt01returnid=1&cms_cron=1&showtemplate=false HTTP/1.1" 200 2 www.hrv.de "-" "-" "-"
2001:4860:: - - [25/Mar/2026:11:52:09 +0100] "GET /leistungen/outsourcing-finanzbuchhaltung.html?gad_source=1&gad_campaignid=21914704211&gbraid=0AAAAADuLPkepbeLb2DxkIfwybb1abdeL_&gclid=Cj0KCQjwj47OBhCmARIsAF5wUEH6CGGJDg8fg1jDNnMRRu-2I4OAQ8zKaCJPIpcHnT5N4MNwVCMi33IaAmvgEALw_wcB HTTP/1.1" 200 32163 www.hrv.de "https://www.google.com/" "Mozilla/5.0 (Windows NT 10.0; Win64; x64) AppleWebKit/537.36 (KHTML, like Gecko) Chrome/146.0.0.0 Safari/537.36" "-"
93.210.135.0 - - [25/Mar/2026:11:52:15 +0100] "GET /tmp/cache/stylesheet_combined_22541eff99615b766ca97eced4ff9c48.css HTTP/1.1" 200 1475 www.hrv.de "https://www.hrv.de/leistungen/outsourcing-finanzbuchhaltung.html?gad_source=1&gad_campaignid=21914704211&gbraid=0AAAAADuLPkepbeLb2DxkIfwybb1abdeL_&gclid=Cj0KCQjwj47OBhCmARIsAF5wUEH6CGGJDg8fg1jDNnMRRu-2I4OAQ8zKaCJPIpcHnT5N4MNwVCMi33IaAmvgEALw_wcB" "Mozilla/5.0 (Windows NT 10.0; Win64; x64) AppleWebKit/537.36 (KHTML, like Gecko) Chrome/146.0.0.0 Safari/537.36" "-"
93.210.135.0 - - [25/Mar/2026:11:52:15 +0100] "GET /assets/images/logo.png HTTP/1.1" 200 3208 www.hrv.de "https://www.hrv.de/leistungen/outsourcing-finanzbuchhaltung.html?gad_source=1&gad_campaignid=21914704211&gbraid=0AAAAADuLPkepbeLb2DxkIfwybb1abdeL_&gclid=Cj0KCQjwj47OBhCmARIsAF5wUEH6CGGJDg8fg1jDNnMRRu-2I4OAQ8zKaCJPIpcHnT5N4MNwVCMi33IaAmvgEALw_wcB" "Mozilla/5.0 (Windows NT 10.0; Win64; x64) AppleWebKit/537.36 (KHTML, like Gecko) Chrome/146.0.0.0 Safari/537.36" "-"
93.210.135.0 - - [25/Mar/2026:11:52:15 +0100] "GET /uploads/images/banner/banner-rechnungswesen-auslagern-hart-am-wind-mit-ihrer-finanzbuchhaltung.jpg HTTP/1.1" 200 644367 www.hrv.de "https://www.hrv.de/leistungen/outsourcing-finanzbuchhaltung.html?gad_source=1&gad_campaignid=21914704211&gbraid=0AAAAADuLPkepbeLb2DxkIfwybb1abdeL_&gclid=Cj0KCQjwj47OBhCmARIsAF5wUEH6CGGJDg8fg1jDNnMRRu-2I4OAQ8zKaCJPIpcHnT5N4MNwVCMi33IaAmvgEALw_wcB" "Mozilla/5.0 (Windows NT 10.0; Win64; x64) AppleWebKit/537.36 (KHTML, like Gecko) Chrome/146.0.0.0 Safari/537.36" "-"
93.210.135.0 - - [25/Mar/2026:11:52:15 +0100] "GET /assets/style.php/main.scss?v=1 HTTP/1.1" 200 356594 www.hrv.de "https://www.hrv.de/leistungen/outsourcing-finanzbuchhaltung.html?gad_source=1&gad_campaignid=21914704211&gbraid=0AAAAADuLPkepbeLb2DxkIfwybb1abdeL_&gclid=Cj0KCQjwj47OBhCmARIsAF5wUEH6CGGJDg8fg1jDNnMRRu-2I4OAQ8zKaCJPIpcHnT5N4MNwVCMi33IaAmvgEALw_wcB" "Mozilla/5.0 (Windows NT 10.0; Win64; x64) AppleWebKit/537.36 (KHTML, like Gecko) Chrome/146.0.0.0 Safari/537.36" "-"
93.210.135.0 - - [25/Mar/2026:11:52:15 +0100] "GET /uploads/images/letters/F.png HTTP/1.1" 200 6575 www.hrv.de "https://www.hrv.de/leistungen/outsourcing-finanzbuchhaltung.html?gad_source=1&gad_campaignid=21914704211&gbraid=0AAAAADuLPkepbeLb2DxkIfwybb1abdeL_&gclid=Cj0KCQjwj47OBhCmARIsAF5wUEH6CGGJDg8fg1jDNnMRRu-2I4OAQ8zKaCJPIpcHnT5N4MNwVCMi33IaAmvgEALw_wcB" "Mozilla/5.0 (Windows NT 10.0; Win64; x64) AppleWebKit/537.36 (KHTML, like Gecko) Chrome/146.0.0.0 Safari/537.36" "-"
93.210.135.0 - - [25/Mar/2026:11:52:17 +0100] "GET /assets/images/part-1.png HTTP/1.1" 200 157004 www.hrv.de "https://www.hrv.de/leistungen/outsourcing-finanzbuchhaltung.html?gad_source=1&gad_campaignid=21914704211&gbraid=0AAAAADuLPkepbeLb2DxkIfwybb1abdeL_&gclid=Cj0KCQjwj47OBhCmARIsAF5wUEH6CGGJDg8fg1jDNnMRRu-2I4OAQ8zKaCJPIpcHnT5N4MNwVCMi33IaAmvgEALw_wcB" "Mozilla/5.0 (Windows NT 10.0; Win64; x64) AppleWebKit/537.36 (KHTML, like Gecko) Chrome/146.0.0.0 Safari/537.36" "-"
93.210.135.0 - - [25/Mar/2026:11:52:18 +0100] "GET /assets/css/animate.css HTTP/1.1" 200 6964 www.hrv.de "https://www.hrv.de/assets/style.php/main.scss?v=1" "Mozilla/5.0 (Windows NT 10.0; Win64; x64) AppleWebKit/537.36 (KHTML, like Gecko) Chrome/146.0.0.0 Safari/537.36" "-"
93.210.135.0 - - [25/Mar/2026:11:52:18 +0100] "GET /assets/images/part-2.png HTTP/1.1" 200 103201 www.hrv.de "https://www.hrv.de/leistungen/outsourcing-finanzbuchhaltung.html?gad_source=1&gad_campaignid=21914704211&gbraid=0AAAAADuLPkepbeLb2DxkIfwybb1abdeL_&gclid=Cj0KCQjwj47OBhCmARIsAF5wUEH6CGGJDg8fg1jDNnMRRu-2I4OAQ8zKaCJPIpcHnT5N4MNwVCMi33IaAmvgEALw_wcB" "Mozilla/5.0 (Windows NT 10.0; Win64; x64) AppleWebKit/537.36 (KHTML, like Gecko) Chrome/146.0.0.0 Safari/537.36" "-"
93.210.135.0 - - [25/Mar/2026:11:52:18 +0100] "GET /assets/js/bootstrap.min.js HTTP/1.1" 200 19883 www.hrv.de "https://www.hrv.de/leistungen/outsourcing-finanzbuchhaltung.html?gad_source=1&gad_campaignid=21914704211&gbraid=0AAAAADuLPkepbeLb2DxkIfwybb1abdeL_&gclid=Cj0KCQjwj47OBhCmARIsAF5wUEH6CGGJDg8fg1jDNnMRRu-2I4OAQ8zKaCJPIpcHnT5N4MNwVCMi33IaAmvgEALw_wcB" "Mozilla/5.0 (Windows NT 10.0; Win64; x64) AppleWebKit/537.36 (KHTML, like Gecko) Chrome/146.0.0.0 Safari/537.36" "-"
93.210.135.0 - - [25/Mar/2026:11:52:18 +0100] "GET /assets/js/slick.js HTTP/1.1" 200 20409 www.hrv.de "https://www.hrv.de/leistungen/outsourcing-finanzbuchhaltung.html?gad_source=1&gad_campaignid=21914704211&gbraid=0AAAAADuLPkepbeLb2DxkIfwybb1abdeL_&gclid=Cj0KCQjwj47OBhCmARIsAF5wUEH6CGGJDg8fg1jDNnMRRu-2I4OAQ8zKaCJPIpcHnT5N4MNwVCMi33IaAmvgEALw_wcB" "Mozilla/5.0 (Windows NT 10.0; Win64; x64) AppleWebKit/537.36 (KHTML, like Gecko) Chrome/146.0.0.0 Safari/537.36" "-"
93.210.135.0 - - [25/Mar/2026:11:52:18 +0100] "GET /assets/js/custom.js?v=5 HTTP/1.1" 200 745 www.hrv.de "https://www.hrv.de/leistungen/outsourcing-finanzbuchhaltung.html?gad_source=1&gad_campaignid=21914704211&gbraid=0AAAAADuLPkepbeLb2DxkIfwybb1abdeL_&gclid=Cj0KCQjwj47OBhCmARIsAF5wUEH6CGGJDg8fg1jDNnMRRu-2I4OAQ8zKaCJPIpcHnT5N4MNwVCMi33IaAmvgEALw_wcB" "Mozilla/5.0 (Windows NT 10.0; Win64; x64) AppleWebKit/537.36 (KHTML, like Gecko) Chrome/146.0.0.0 Safari/537.36" "-"
93.210.135.0 - - [25/Mar/2026:11:52:18 +0100] "GET /assets/js/wow.min.js HTTP/1.1" 200 3085 www.hrv.de "https://www.hrv.de/leistungen/outsourcing-finanzbuchhaltung.html?gad_source=1&gad_campaignid=21914704211&gbraid=0AAAAADuLPkepbeLb2DxkIfwybb1abdeL_&gclid=Cj0KCQjwj47OBhCmARIsAF5wUEH6CGGJDg8fg1jDNnMRRu-2I4OAQ8zKaCJPIpcHnT5N4MNwVCMi33IaAmvgEALw_wcB" "Mozilla/5.0 (Windows NT 10.0; Win64; x64) AppleWebKit/537.36 (KHTML, like Gecko) Chrome/146.0.0.0 Safari/537.36" "-"
93.210.135.0 - - [25/Mar/2026:11:52:18 +0100] "GET /assets/js/callback.js HTTP/1.1" 200 329 www.hrv.de "https://www.hrv.de/leistungen/outsourcing-finanzbuchhaltung.html?gad_source=1&gad_campaignid=21914704211&gbraid=0AAAAADuLPkepbeLb2DxkIfwybb1abdeL_&gclid=Cj0KCQjwj47OBhCmARIsAF5wUEH6CGGJDg8fg1jDNnMRRu-2I4OAQ8zKaCJPIpcHnT5N4MNwVCMi33IaAmvgEALw_wcB" "Mozilla/5.0 (Windows NT 10.0; Win64; x64) AppleWebKit/537.36 (KHTML, like Gecko) Chrome/146.0.0.0 Safari/537.36" "-"
93.210.135.0 - - [25/Mar/2026:11:52:18 +0100] "GET /assets/js/cookieconsent.js HTTP/1.1" 200 - www.hrv.de "https://www.hrv.de/leistungen/outsourcing-finanzbuchhaltung.html?gad_source=1&gad_campaignid=21914704211&gbraid=0AAAAADuLPkepbeLb2DxkIfwybb1abdeL_&gclid=Cj0KCQjwj47OBhCmARIsAF5wUEH6CGGJDg8fg1jDNnMRRu-2I4OAQ8zKaCJPIpcHnT5N4MNwVCMi33IaAmvgEALw_wcB" "Mozilla/5.0 (Windows NT 10.0; Win64; x64) AppleWebKit/537.36 (KHTML, like Gecko) Chrome/146.0.0.0 Safari/537.36" "-"
93.210.135.0 - - [25/Mar/2026:11:52:18 +0100] "GET /assets/images/part-3.png HTTP/1.1" 200 133986 www.hrv.de "https://www.hrv.de/leistungen/outsourcing-finanzbuchhaltung.html?gad_source=1&gad_campaignid=21914704211&gbraid=0AAAAADuLPkepbeLb2DxkIfwybb1abdeL_&gclid=Cj0KCQjwj47OBhCmARIsAF5wUEH6CGGJDg8fg1jDNnMRRu-2I4OAQ8zKaCJPIpcHnT5N4MNwVCMi33IaAmvgEALw_wcB" "Mozilla/5.0 (Windows NT 10.0; Win64; x64) AppleWebKit/537.36 (KHTML, like Gecko) Chrome/146.0.0.0 Safari/537.36" "-"
93.210.135.0 - - [25/Mar/2026:11:52:19 +0100] "GET /assets/fonts/roboto-light-webfont.woff2 HTTP/1.1" 200 19136 www.hrv.de "https://www.hrv.de/assets/style.php/main.scss?v=1" "Mozilla/5.0 (Windows NT 10.0; Win64; x64) AppleWebKit/537.36 (KHTML, like Gecko) Chrome/146.0.0.0 Safari/537.36" "-"
93.210.135.0 - - [25/Mar/2026:11:52:19 +0100] "GET /assets/fonts/roboto-regular-webfont.woff2 HTTP/1.1" 200 19384 www.hrv.de "https://www.hrv.de/assets/style.php/main.scss?v=1" "Mozilla/5.0 (Windows NT 10.0; Win64; x64) AppleWebKit/537.36 (KHTML, like Gecko) Chrome/146.0.0.0 Safari/537.36" "-"
93.210.135.0 - - [25/Mar/2026:11:52:19 +0100] "GET /assets/fonts/roboto-medium-webfont.woff2 HTTP/1.1" 200 19468 www.hrv.de "https://www.hrv.de/assets/style.php/main.scss?v=1" "Mozilla/5.0 (Windows NT 10.0; Win64; x64) AppleWebKit/537.36 (KHTML, like Gecko) Chrome/146.0.0.0 Safari/537.36" "-"
93.210.135.0 - - [25/Mar/2026:11:52:19 +0100] "GET /assets/fonts/roboto-bold-webfont.woff2 HTTP/1.1" 200 19668 www.hrv.de "https://www.hrv.de/assets/style.php/main.scss?v=1" "Mozilla/5.0 (Windows NT 10.0; Win64; x64) AppleWebKit/537.36 (KHTML, like Gecko) Chrome/146.0.0.0 Safari/537.36" "-"
93.210.135.0 - - [25/Mar/2026:11:52:19 +0100] "GET /assets/images/s-letter.png HTTP/1.1" 200 26486 www.hrv.de "https://www.hrv.de/leistungen/outsourcing-finanzbuchhaltung.html?gad_source=1&gad_campaignid=21914704211&gbraid=0AAAAADuLPkepbeLb2DxkIfwybb1abdeL_&gclid=Cj0KCQjwj47OBhCmARIsAF5wUEH6CGGJDg8fg1jDNnMRRu-2I4OAQ8zKaCJPIpcHnT5N4MNwVCMi33IaAmvgEALw_wcB" "Mozilla/5.0 (Windows NT 10.0; Win64; x64) AppleWebKit/537.36 (KHTML, like Gecko) Chrome/146.0.0.0 Safari/537.36" "-"
93.210.135.0 - - [25/Mar/2026:11:52:19 +0100] "GET /assets/images/o-lettter.png HTTP/1.1" 200 25069 www.hrv.de "https://www.hrv.de/leistungen/outsourcing-finanzbuchhaltung.html?gad_source=1&gad_campaignid=21914704211&gbraid=0AAAAADuLPkepbeLb2DxkIfwybb1abdeL_&gclid=Cj0KCQjwj47OBhCmARIsAF5wUEH6CGGJDg8fg1jDNnMRRu-2I4OAQ8zKaCJPIpcHnT5N4MNwVCMi33IaAmvgEALw_wcB" "Mozilla/5.0 (Windows NT 10.0; Win64; x64) AppleWebKit/537.36 (KHTML, like Gecko) Chrome/146.0.0.0 Safari/537.36" "-"
93.210.135.0 - - [25/Mar/2026:11:52:19 +0100] "GET /assets/images/button.png HTTP/1.1" 200 9992 www.hrv.de "https://www.hrv.de/leistungen/outsourcing-finanzbuchhaltung.html?gad_source=1&gad_campaignid=21914704211&gbraid=0AAAAADuLPkepbeLb2DxkIfwybb1abdeL_&gclid=Cj0KCQjwj47OBhCmARIsAF5wUEH6CGGJDg8fg1jDNnMRRu-2I4OAQ8zKaCJPIpcHnT5N4MNwVCMi33IaAmvgEALw_wcB" "Mozilla/5.0 (Windows NT 10.0; Win64; x64) AppleWebKit/537.36 (KHTML, like Gecko) Chrome/146.0.0.0 Safari/537.36" "-"
93.210.135.0 - - [25/Mar/2026:11:52:19 +0100] "GET /assets/images/w-letter.png HTTP/1.1" 200 22625 www.hrv.de "https://www.hrv.de/leistungen/outsourcing-finanzbuchhaltung.html?gad_source=1&gad_campaignid=21914704211&gbraid=0AAAAADuLPkepbeLb2DxkIfwybb1abdeL_&gclid=Cj0KCQjwj47OBhCmARIsAF5wUEH6CGGJDg8fg1jDNnMRRu-2I4OAQ8zKaCJPIpcHnT5N4MNwVCMi33IaAmvgEALw_wcB" "Mozilla/5.0 (Windows NT 10.0; Win64; x64) AppleWebKit/537.36 (KHTML, like Gecko) Chrome/146.0.0.0 Safari/537.36" "-"
93.210.135.0 - - [25/Mar/2026:11:52:19 +0100] "GET /assets/images/sprite.png HTTP/1.1" 200 112934 www.hrv.de "https://www.hrv.de/assets/style.php/main.scss?v=1" "Mozilla/5.0 (Windows NT 10.0; Win64; x64) AppleWebKit/537.36 (KHTML, like Gecko) Chrome/146.0.0.0 Safari/537.36" "-"
93.210.135.0 - - [25/Mar/2026:11:52:19 +0100] "GET /uploads/images/text_mit_bild/text%20mit%20bild%20segel.jpg HTTP/1.1" 200 265704 www.hrv.de "https://www.hrv.de/leistungen/outsourcing-finanzbuchhaltung.html?gad_source=1&gad_campaignid=21914704211&gbraid=0AAAAADuLPkepbeLb2DxkIfwybb1abdeL_&gclid=Cj0KCQjwj47OBhCmARIsAF5wUEH6CGGJDg8fg1jDNnMRRu-2I4OAQ8zKaCJPIpcHnT5N4MNwVCMi33IaAmvgEALw_wcB" "Mozilla/5.0 (Windows NT 10.0; Win64; x64) AppleWebKit/537.36 (KHTML, like Gecko) Chrome/146.0.0.0 Safari/537.36" "-"
93.210.135.0 - - [25/Mar/2026:11:52:19 +0100] "GET /assets/images/bullet.png HTTP/1.1" 200 173 www.hrv.de "https://www.hrv.de/assets/style.php/main.scss?v=1" "Mozilla/5.0 (Windows NT 10.0; Win64; x64) AppleWebKit/537.36 (KHTML, like Gecko) Chrome/146.0.0.0 Safari/537.36" "-"
93.210.135.0 - - [25/Mar/2026:11:52:21 +0100] "GET /favicon.ico HTTP/1.1" 200 1150 www.hrv.de "https://www.hrv.de/leistungen/outsourcing-finanzbuchhaltung.html?gad_source=1&gad_campaignid=21914704211&gbraid=0AAAAADuLPkepbeLb2DxkIfwybb1abdeL_&gclid=Cj0KCQjwj47OBhCmARIsAF5wUEH6CGGJDg8fg1jDNnMRRu-2I4OAQ8zKaCJPIpcHnT5N4MNwVCMi33IaAmvgEALw_wcB" "Mozilla/5.0 (Windows NT 10.0; Win64; x64) AppleWebKit/537.36 (KHTML, like Gecko) Chrome/146.0.0.0 Safari/537.36" "-"
5.7.164.0 - - [25/Mar/2026:11:52:21 +0100] "POST /autodiscover/autodiscover.xml HTTP/1.1" 301 295 hrv.de "-" "Microsoft Office/16.0 (Windows NT 10.0; Microsoft Outlook 16.0.19725; Pro)" "-"
5.7.164.0 - - [25/Mar/2026:11:52:21 +0100] "GET /autodiscover/autodiscover.xml HTTP/1.1" 404 12554 www.hrv.de "-" "Microsoft Office/16.0 (Windows NT 10.0; Microsoft Outlook 16.0.19725; Pro)" "-"
167.99.72.0 - - [25/Mar/2026:11:52:40 +0100] "GET /license.txt HTTP/1.1" 301 280 hrv-it.de "-" "python-requests/2.27.1" "-"
82.165.87.0 - - [25/Mar/2026:11:52:46 +0100] "GET /index.php?mact=CmsJobManager,cntnt01,process,0&cntnt01returnid=1&cms_cron=1&showtemplate=false HTTP/1.1" 200 1 www.hrv-it.de "-" "-" "-"
167.99.72.0 - - [25/Mar/2026:11:52:46 +0100] "GET /license.txt HTTP/1.1" 404 9755 www.hrv-it.de "-" "python-requests/2.27.1" "-"
2a02:26f7:ec00:: - - [25/Mar/2026:11:52:46 +0100] "GET /.well-known/passkey-endpoints HTTP/1.1" 301 295 hrv.de "-" "com.apple.AuthenticationServicesCore.AuthenticationServicesAgent/8623.2.7.110.1 CFNetwork/3860.400.51 Darwin/25.3.0" "-"
2a02:26f7:ec00:: - - [25/Mar/2026:11:52:46 +0100] "GET /.well-known/passkey-endpoints HTTP/1.1" 404 12554 www.hrv.de "-" "com.apple.AuthenticationServicesCore.AuthenticationServicesAgent/8623.2.7.110.1 CFNetwork/3860.400.51 Darwin/25.3.0" "-"
167.99.72.0 - - [25/Mar/2026:11:52:50 +0100] "GET /license.txt HTTP/1.1" 404 9755 www.hrv-it.de "-" "python-requests/2.27.1" "-"
167.99.72.0 - - [25/Mar/2026:11:52:59 +0100] "GET /license.txt HTTP/1.1" 404 12554 www.hrv.de "-" "python-requests/2.27.1" "-"
66.249.69.0 - - [25/Mar/2026:11:53:48 +0100] "GET /kontakt.html HTTP/1.1" 200 15144 www.hrv.de "-" "Mozilla/5.0 (Linux; Android 6.0.1; Nexus 5X Build/MMB29P) AppleWebKit/537.36 (KHTML, like Gecko) Chrome/146.0.7680.153 Mobile Safari/537.36 (compatible; Googlebot/2.1; +http://www.google.com/bot.html)" "-"
213.180.203.0 - - [25/Mar/2026:11:54:07 +0100] "GET /robots.txt HTTP/1.1" 429 267 www.hrv.de "-" "Mozilla/5.0 (compatible; YandexBot/3.0; +http://yandex.com/bots)" "-"
2a03:2880:f800:: - - [25/Mar/2026:11:54:14 +0100] "GET / HTTP/1.1" 200 41057 www.hrv-it.de "-" "meta-externalagent/1.1 (+https://developers.facebook.com/docs/sharing/webmasters/crawler)" "-"
2a03:2880:f800:: - - [25/Mar/2026:11:54:38 +0100] "GET /aktuelles/die-inflationsrate-sinkt-im-juni-2024.html HTTP/1.1" 200 11048 www.hrv-it.de "-" "meta-externalagent/1.1 (+https://developers.facebook.com/docs/sharing/webmasters/crawler)" "-"
2a03:2880:f800:: - - [25/Mar/2026:11:54:42 +0100] "GET /aktuelles/mitarbeiterbindung-und-fluktuationsreduzierung.html HTTP/1.1" 200 11633 www.hrv-it.de "-" "meta-externalagent/1.1 (+https://developers.facebook.com/docs/sharing/webmasters/crawler)" "-"
2001:4860:: - - [25/Mar/2026:11:54:43 +0100] "GET /leistungen/outsourcing-lohn-und-gehaltsabrechnung.html?gad_source=1&gad_campaignid=21917296202&gbraid=0AAAAADuLPkflLk3PwkjECbrat3buxkhYd&gclid=Cj0KCQjwj47OBhCmARIsAF5wUEFMroszzN3q76e06AEb3soYTDVllY6Cubk1zXaid0SJMBkKYFu52QsaAkWkEALw_wcB HTTP/1.1" 200 26291 www.hrv.de "https://www.google.com/" "Mozilla/5.0 (Linux; Android 10; K) AppleWebKit/537.36 (KHTML, like Gecko) Chrome/146.0.0.0 Mobile Safari/537.36" "-"
2a03:2880:f800:: - - [25/Mar/2026:11:54:49 +0100] "GET /leistungen/outsourcing-reisekostenabrechnung.html HTTP/1.1" 301 313 www.hrv-it.de "-" "meta-externalagent/1.1 (+https://developers.facebook.com/docs/sharing/webmasters/crawler)" "-"
2a03:2880:f800:: - - [25/Mar/2026:11:54:50 +0100] "GET /aktuelles/kuenstliche-intelligenz-revolutioniert-buchhaltung.html HTTP/1.1" 200 11246 www.hrv-it.de "-" "meta-externalagent/1.1 (+https://developers.facebook.com/docs/sharing/webmasters/crawler)" "-"
66.249.69.0 - - [25/Mar/2026:11:54:57 +0100] "GET /assets/js/cookieconsent.js HTTP/1.1" 200 - www.hrv.de "https://www.hrv.de/kontakt.html" "Mozilla/5.0 (Linux; Android 6.0.1; Nexus 5X Build/MMB29P) AppleWebKit/537.36 (KHTML, like Gecko) Chrome/146.0.7680.153 Mobile Safari/537.36 (compatible; Googlebot/2.1; +http://www.google.com/bot.html)" "-"
82.165.87.0 - - [25/Mar/2026:11:55:31 +0100] "GET /index.php?mact=CmsJobManager,cntnt01,process,0&cntnt01returnid=1&cms_cron=1&showtemplate=false HTTP/1.1" 200 2 www.hrv.de "-" "-" "-"
2a03:2880:1100:: - - [25/Mar/2026:11:55:31 +0100] "GET /robots.txt HTTP/1.1" 404 12554 www.hrv.de "-" "facebookexternalhit/1.1 (+http://www.facebook.com/externalhit_uatext.php)" "-"
2a03:2880:f800:: - - [25/Mar/2026:11:55:32 +0100] "GET /robots.txt HTTP/1.1" 404 12554 www.hrv.de "-" "facebookexternalhit/1.1 (+http://www.facebook.com/externalhit_uatext.php)" "-"
2a03:2880:f800:: - - [25/Mar/2026:11:55:35 +0100] "GET / HTTP/1.1" 200 53711 www.hrv.de "-" "meta-externalagent/1.1 (+https://developers.facebook.com/docs/sharing/webmasters/crawler)" "-"
2a03:2880:f800:: - - [25/Mar/2026:11:55:52 +0100] "GET /glossar/outsourcing-sap-hcm.html HTTP/1.1" 200 26959 www.hrv.de "-" "meta-externalagent/1.1 (+https://developers.facebook.com/docs/sharing/webmasters/crawler)" "-"
2a03:2880:f800:: - - [25/Mar/2026:11:55:55 +0100] "GET /aktuelles/wichtige-informationen-f\xc3\xbcr-ihre-kosteneinsch\xc3\xa4tzung-zum-outsourcing.html HTTP/1.1" 200 15933 www.hrv.de "-" "meta-externalagent/1.1 (+https://developers.facebook.com/docs/sharing/webmasters/crawler)" "-"
2001:4860:: - - [25/Mar/2026:11:55:57 +0100] "GET /leistungen/outsourcing-lohn-und-gehaltsabrechnung.html?gad_source=1&gad_campaignid=21917296202&gbraid=0AAAAADuLPkeGltOYLTpeE2EQuHi5AphX9&gclid=EAIaIQobChMIhqbM5vG6kwMVzpeDBx33GyEKEAAYASAAEgIbGvD_BwE HTTP/1.1" 200 26291 www.hrv.de "https://www.google.com/" "Mozilla/5.0 (Windows NT 10.0; Win64; x64) AppleWebKit/537.36 (KHTML, like Gecko) Chrome/146.0.0.0 Safari/537.36" "-"
2a03:2880:f800:: - - [25/Mar/2026:11:55:57 +0100] "GET /aktuelles/gehaltsabrechnungen-und-die-neuen-chancen.html HTTP/1.1" 200 15560 www.hrv.de "-" "meta-externalagent/1.1 (+https://developers.facebook.com/docs/sharing/webmasters/crawler)" "-"
2a03:2880:f800:: - - [25/Mar/2026:11:55:58 +0100] "GET /glossar/buchhaltung-outsourcen.html HTTP/1.1" 200 21471 www.hrv.de "-" "meta-externalagent/1.1 (+https://developers.facebook.com/docs/sharing/webmasters/crawler)" "-"
2a03:2880:1600:: - - [25/Mar/2026:11:56:01 +0100] "GET /robots.txt HTTP/1.1" 404 12554 www.hrv.de "-" "facebookexternalhit/1.1 (+http://www.facebook.com/externalhit_uatext.php)" "-"
2a03:2880:f800:: - - [25/Mar/2026:11:56:03 +0100] "GET /ueber-uns.html HTTP/1.1" 200 24715 www.hrv.de "-" "meta-externalagent/1.1 (+https://developers.facebook.com/docs/sharing/webmasters/crawler)" "-"
2a03:2880:f800:: - - [25/Mar/2026:11:56:04 +0100] "GET /robots.txt HTTP/1.1" 404 12554 www.hrv.de "-" "facebookexternalhit/1.1 (+http://www.facebook.com/externalhit_uatext.php)" "-"
2a03:2880:f800:: - - [25/Mar/2026:11:56:05 +0100] "GET /glossar/erfahrungen-mit-outsourcing.html HTTP/1.1" 200 33775 www.hrv.de "-" "meta-externalagent/1.1 (+https://developers.facebook.com/docs/sharing/webmasters/crawler)" "-"
2a03:2880:f800:: - - [25/Mar/2026:11:56:06 +0100] "GET /aktuelles/die-inflationsrate-sinkt-im-juni-2024.html HTTP/1.1" 200 14857 www.hrv.de "-" "meta-externalagent/1.1 (+https://developers.facebook.com/docs/sharing/webmasters/crawler)" "-"
82.165.87.0 - - [25/Mar/2026:11:56:07 +0100] "GET /index.php?mact=CmsJobManager,cntnt01,process,0&cntnt01returnid=1&cms_cron=1&showtemplate=false HTTP/1.1" 200 2 www.hrv-it.de "-" "-" "-"
2a03:2880:f800:: - - [25/Mar/2026:11:56:07 +0100] "GET /kontakt.html HTTP/1.1" 200 12018 www.hrv-it.de "-" "meta-externalagent/1.1 (+https://developers.facebook.com/docs/sharing/webmasters/crawler)" "-"
2a03:2880:f800:: - - [25/Mar/2026:11:56:08 +0100] "GET /glossar/digitaler-rechnungsworkflow.html HTTP/1.1" 200 21737 www.hrv.de "-" "meta-externalagent/1.1 (+https://developers.facebook.com/docs/sharing/webmasters/crawler)" "-"
2a03:2880:f800:: - - [25/Mar/2026:11:56:09 +0100] "GET /aktuelles/fachkraeftemangel-vom-outsourcing-zum-sharing.html HTTP/1.1" 200 11866 www.hrv-it.de "-" "meta-externalagent/1.1 (+https://developers.facebook.com/docs/sharing/webmasters/crawler)" "-"
2a03:2880:f800:: - - [25/Mar/2026:11:56:11 +0100] "GET /kunden.html HTTP/1.1" 200 17386 www.hrv-it.de "-" "meta-externalagent/1.1 (+https://developers.facebook.com/docs/sharing/webmasters/crawler)" "-"
2a03:2880:f800:: - - [25/Mar/2026:11:56:11 +0100] "GET /aktuelles/fachkraeftemangel-vom-outsourcing-zum-sharing.html HTTP/1.1" 200 15870 www.hrv.de "-" "meta-externalagent/1.1 (+https://developers.facebook.com/docs/sharing/webmasters/crawler)" "-"
2a03:2880:f800:: - - [25/Mar/2026:11:56:13 +0100] "GET /it-know-how/erp-systeme.html HTTP/1.1" 200 19761 www.hrv-it.de "-" "meta-externalagent/1.1 (+https://developers.facebook.com/docs/sharing/webmasters/crawler)" "-"
2a03:2880:f800:: - - [25/Mar/2026:11:56:13 +0100] "GET /glossar/externe-reisekostenabrechnung.html HTTP/1.1" 200 22035 www.hrv.de "-" "meta-externalagent/1.1 (+https://developers.facebook.com/docs/sharing/webmasters/crawler)" "-"
2a03:2880:f800:: - - [25/Mar/2026:11:56:15 +0100] "GET /it-know-how/sap.html HTTP/1.1" 200 18217 www.hrv-it.de "-" "meta-externalagent/1.1 (+https://developers.facebook.com/docs/sharing/webmasters/crawler)" "-"
2a03:2880:f800:: - - [25/Mar/2026:11:56:15 +0100] "GET /aktuelles/der-trend-zum-homeoffice-haelt-an.html HTTP/1.1" 200 15440 www.hrv.de "-" "meta-externalagent/1.1 (+https://developers.facebook.com/docs/sharing/webmasters/crawler)" "-"
2a03:2880:f800:: - - [25/Mar/2026:11:56:17 +0100] "GET /aktuelles/geschaeftsreisende-geben-zunehmend-mehr-geld-aus.html HTTP/1.1" 200 11763 www.hrv-it.de "-" "meta-externalagent/1.1 (+https://developers.facebook.com/docs/sharing/webmasters/crawler)" "-"
2a03:2880:f800:: - - [25/Mar/2026:11:56:17 +0100] "GET /aktuelles.html HTTP/1.1" 200 30740 www.hrv.de "-" "meta-externalagent/1.1 (+https://developers.facebook.com/docs/sharing/webmasters/crawler)" "-"
2a03:2880:f800:: - - [25/Mar/2026:11:56:18 +0100] "GET /datenschutz.html HTTP/1.1" 200 28540 www.hrv-it.de "-" "meta-externalagent/1.1 (+https://developers.facebook.com/docs/sharing/webmasters/crawler)" "-"
2a03:2880:f800:: - - [25/Mar/2026:11:56:18 +0100] "GET /aktuelles/die-vorteile-von-outsourcing.html HTTP/1.1" 200 15905 www.hrv.de "-" "meta-externalagent/1.1 (+https://developers.facebook.com/docs/sharing/webmasters/crawler)" "-"
2a03:2880:f800:: - - [25/Mar/2026:11:56:19 +0100] "GET /aktuelles/geschaeftsreisende-geben-zunehmend-mehr-geld-aus.html HTTP/1.1" 200 15506 www.hrv.de "-" "meta-externalagent/1.1 (+https://developers.facebook.com/docs/sharing/webmasters/crawler)" "-"
2a03:2880:f800:: - - [25/Mar/2026:11:56:20 +0100] "GET /it-know-how/digitaler-workflow.html HTTP/1.1" 200 18496 www.hrv-it.de "-" "meta-externalagent/1.1 (+https://developers.facebook.com/docs/sharing/webmasters/crawler)" "-"
2a03:2880:f800:: - - [25/Mar/2026:11:56:21 +0100] "GET /leistungen/consulting.html HTTP/1.1" 200 20605 www.hrv.de "-" "meta-externalagent/1.1 (+https://developers.facebook.com/docs/sharing/webmasters/crawler)" "-"
2a03:2880:f800:: - - [25/Mar/2026:11:56:22 +0100] "GET /aktuelles/die-vorteile-von-outsourcing.html HTTP/1.1" 200 12217 www.hrv-it.de "-" "meta-externalagent/1.1 (+https://developers.facebook.com/docs/sharing/webmasters/crawler)" "-"
2a03:2880:f800:: - - [25/Mar/2026:11:56:23 +0100] "GET /it-know-how/digitaler-workflow.html HTTP/1.1" 429 267 www.hrv.de "-" "meta-externalagent/1.1 (+https://developers.facebook.com/docs/sharing/webmasters/crawler)" "-"
2a03:2880:f800:: - - [25/Mar/2026:11:56:24 +0100] "GET /kontakt.html HTTP/1.1" 429 267 www.hrv.de "-" "meta-externalagent/1.1 (+https://developers.facebook.com/docs/sharing/webmasters/crawler)" "-"
2a03:2880:f800:: - - [25/Mar/2026:11:56:26 +0100] "GET /datenschutz.html HTTP/1.1" 200 28540 www.hrv-it.de "-" "meta-externalagent/1.1 (+https://developers.facebook.com/docs/sharing/webmasters/crawler)" "-"
2a03:2880:f800:: - - [25/Mar/2026:11:56:26 +0100] "GET /glossar/ki-agents-finanzbuchhaltung.html HTTP/1.1" 429 267 www.hrv.de "-" "meta-externalagent/1.1 (+https://developers.facebook.com/docs/sharing/webmasters/crawler)" "-"
2a03:2880:f800:: - - [25/Mar/2026:11:56:26 +0100] "GET /aktuelles/it-Sicherheitsschulungen-sind-entscheidend-in-zeiten-von-deepfakes.html HTTP/1.1" 429 267 www.hrv.de "-" "meta-externalagent/1.1 (+https://developers.facebook.com/docs/sharing/webmasters/crawler)" "-"
2a03:2880:f800:: - - [25/Mar/2026:11:56:28 +0100] "GET /glossar/externe-reisekostenabrechnung.html HTTP/1.1" 429 267 www.hrv.de "-" "meta-externalagent/1.1 (+https://developers.facebook.com/docs/sharing/webmasters/crawler)" "-"
2a03:2880:f800:: - - [25/Mar/2026:11:56:28 +0100] "GET /aktuelles.html HTTP/1.1" 429 267 www.hrv.de "-" "meta-externalagent/1.1 (+https://developers.facebook.com/docs/sharing/webmasters/crawler)" "-"
2a03:2880:f800:: - - [25/Mar/2026:11:56:29 +0100] "GET /datenschutz.html HTTP/1.1" 429 267 www.hrv.de "-" "meta-externalagent/1.1 (+https://developers.facebook.com/docs/sharing/webmasters/crawler)" "-"
2a03:2880:f800:: - - [25/Mar/2026:11:56:30 +0100] "GET /leistungen/consulting.html HTTP/1.1" 429 267 www.hrv.de "-" "meta-externalagent/1.1 (+https://developers.facebook.com/docs/sharing/webmasters/crawler)" "-"
2a03:2880:f800:: - - [25/Mar/2026:11:56:31 +0100] "GET /presse.html HTTP/1.1" 429 267 www.hrv.de "-" "meta-externalagent/1.1 (+https://developers.facebook.com/docs/sharing/webmasters/crawler)" "-"
2a03:2880:f800:: - - [25/Mar/2026:11:56:32 +0100] "GET /aktuelles.html HTTP/1.1" 200 26644 www.hrv-it.de "-" "meta-externalagent/1.1 (+https://developers.facebook.com/docs/sharing/webmasters/crawler)" "-"
2a03:2880:f800:: - - [25/Mar/2026:11:56:32 +0100] "GET /glossar/grundlagen-des-rechnungswesens.html HTTP/1.1" 429 267 www.hrv.de "-" "meta-externalagent/1.1 (+https://developers.facebook.com/docs/sharing/webmasters/crawler)" "-"
2a03:2880:f800:: - - [25/Mar/2026:11:56:33 +0100] "GET /aktuelles/gutes-arbeitsklima-gutes-dienstleistungsangebot.html HTTP/1.1" 200 11642 www.hrv-it.de "-" "meta-externalagent/1.1 (+https://developers.facebook.com/docs/sharing/webmasters/crawler)" "-"
2a03:2880:f800:: - - [25/Mar/2026:11:56:34 +0100] "GET /leistungen/outsourcing-lohn-und-gehaltsabrechnung.html HTTP/1.1" 200 23678 www.hrv-it.de "-" "meta-externalagent/1.1 (+https://developers.facebook.com/docs/sharing/webmasters/crawler)" "-"
2a03:2880:f800:: - - [25/Mar/2026:11:56:35 +0100] "GET /it-know-how/sap.html HTTP/1.1" 429 267 www.hrv.de "-" "meta-externalagent/1.1 (+https://developers.facebook.com/docs/sharing/webmasters/crawler)" "-"
2a03:2880:f800:: - - [25/Mar/2026:11:56:36 +0100] "GET /it-know-how/dokumenten-management.html HTTP/1.1" 429 267 www.hrv.de "-" "meta-externalagent/1.1 (+https://developers.facebook.com/docs/sharing/webmasters/crawler)" "-"
2a03:2880:f800:: - - [25/Mar/2026:11:56:37 +0100] "GET /aktuelles/das-papierlose-buero-kosten-sparen.html HTTP/1.1" 200 11741 www.hrv-it.de "-" "meta-externalagent/1.1 (+https://developers.facebook.com/docs/sharing/webmasters/crawler)" "-"
2a03:2880:f800:: - - [25/Mar/2026:11:56:39 +0100] "GET /leistungen/finanzbuchhaltung.html HTTP/1.1" 301 315 www.hrv-it.de "-" "meta-externalagent/1.1 (+https://developers.facebook.com/docs/sharing/webmasters/crawler)" "-"
2a03:2880:f800:: - - [25/Mar/2026:11:56:40 +0100] "GET /it-know-how/erp-systeme.html HTTP/1.1" 429 267 www.hrv.de "-" "meta-externalagent/1.1 (+https://developers.facebook.com/docs/sharing/webmasters/crawler)" "-"
2a03:2880:f800:: - - [25/Mar/2026:11:56:41 +0100] "GET /glossar/ki-agents-finanzbuchhaltung.html HTTP/1.1" 429 267 www.hrv.de "-" "meta-externalagent/1.1 (+https://developers.facebook.com/docs/sharing/webmasters/crawler)" "-"
2a03:2880:f800:: - - [25/Mar/2026:11:56:48 +0100] "GET /aktuelles/mit-der-cloud-nicht-im-regen-stehen.html HTTP/1.1" 429 267 www.hrv.de "-" "meta-externalagent/1.1 (+https://developers.facebook.com/docs/sharing/webmasters/crawler)" "-"
2a03:2880:f800:: - - [25/Mar/2026:11:56:50 +0100] "GET /it-know-how/digitaler-workflow.html HTTP/1.1" 429 267 www.hrv.de "-" "meta-externalagent/1.1 (+https://developers.facebook.com/docs/sharing/webmasters/crawler)" "-"
2a03:2880:f800:: - - [25/Mar/2026:11:56:54 +0100] "GET /datenschutz.html HTTP/1.1" 429 267 www.hrv.de "-" "meta-externalagent/1.1 (+https://developers.facebook.com/docs/sharing/webmasters/crawler)" "-"
2a03:2880:f800:: - - [25/Mar/2026:11:56:57 +0100] "GET /glossar/grundlagen-des-rechnungswesens.html HTTP/1.1" 429 267 www.hrv.de "-" "meta-externalagent/1.1 (+https://developers.facebook.com/docs/sharing/webmasters/crawler)" "-"
2a03:2880:f800:: - - [25/Mar/2026:11:56:58 +0100] "GET /leistungen/consulting.html HTTP/1.1" 200 18562 www.hrv-it.de "-" "meta-externalagent/1.1 (+https://developers.facebook.com/docs/sharing/webmasters/crawler)" "-"
2a03:2880:f800:: - - [25/Mar/2026:11:57:05 +0100] "GET /presse.html HTTP/1.1" 429 267 www.hrv.de "-" "meta-externalagent/1.1 (+https://developers.facebook.com/docs/sharing/webmasters/crawler)" "-"
2a03:2880:f800:: - - [25/Mar/2026:11:57:05 +0100] "GET /aktuelles/vermeiden-sie-die-drei-gro\xc3\x9fen-huerden-bei-der-entgeltabrechnung.html HTTP/1.1" 429 267 www.hrv.de "-" "meta-externalagent/1.1 (+https://developers.facebook.com/docs/sharing/webmasters/crawler)" "-"
2a03:2880:f800:: - - [25/Mar/2026:11:57:17 +0100] "GET /leistungen/outsourcing-lohn-und-gehaltsabrechnung.html HTTP/1.1" 429 267 www.hrv.de "-" "meta-externalagent/1.1 (+https://developers.facebook.com/docs/sharing/webmasters/crawler)" "-"
2a03:2880:f800:: - - [25/Mar/2026:11:57:19 +0100] "GET /kunden.html HTTP/1.1" 429 267 www.hrv.de "-" "meta-externalagent/1.1 (+https://developers.facebook.com/docs/sharing/webmasters/crawler)" "-"
2a03:2880:f800:: - - [25/Mar/2026:11:57:31 +0100] "GET /leistungen/outsourcing-finanzbuchhaltung.html HTTP/1.1" 200 32163 www.hrv.de "-" "meta-externalagent/1.1 (+https://developers.facebook.com/docs/sharing/webmasters/crawler)" "-"
2a03:2880:f800:: - - [25/Mar/2026:11:57:33 +0100] "GET /it-know-how/sap.html HTTP/1.1" 200 21030 www.hrv.de "-" "meta-externalagent/1.1 (+https://developers.facebook.com/docs/sharing/webmasters/crawler)" "-"
2a03:2880:f800:: - - [25/Mar/2026:11:57:46 +0100] "GET /aktuelles/e-rechnungspflicht-2025.html HTTP/1.1" 200 12795 www.hrv-it.de "-" "meta-externalagent/1.1 (+https://developers.facebook.com/docs/sharing/webmasters/crawler)" "-"
2a03:2880:f800:: - - [25/Mar/2026:11:57:47 +0100] "GET /it-know-how/dokumenten-management.html HTTP/1.1" 200 21830 www.hrv.de "-" "meta-externalagent/1.1 (+https://developers.facebook.com/docs/sharing/webmasters/crawler)" "-"
2a03:2880:f800:: - - [25/Mar/2026:11:57:48 +0100] "GET /aktuelles/vermeiden-sie-die-drei-gro\xc3\x9fen-huerden-bei-der-entgeltabrechnung.html HTTP/1.1" 200 12088 www.hrv-it.de "-" "meta-externalagent/1.1 (+https://developers.facebook.com/docs/sharing/webmasters/crawler)" "-"
2a03:2880:f800:: - - [25/Mar/2026:11:58:01 +0100] "GET /aktuelles/vom-bilanzbuchhalter-zum-prozessbuchhalter.html HTTP/1.1" 200 14833 www.hrv.de "-" "meta-externalagent/1.1 (+https://developers.facebook.com/docs/sharing/webmasters/crawler)" "-"
2a03:2880:f800:: - - [25/Mar/2026:11:58:01 +0100] "GET /aktuelles/wichtige-informationen-f\xc3\xbcr-ihre-kosteneinsch\xc3\xa4tzung-zum-outsourcing.html HTTP/1.1" 200 11920 www.hrv-it.de "-" "meta-externalagent/1.1 (+https://developers.facebook.com/docs/sharing/webmasters/crawler)" "-"
5.7.164.0 - - [25/Mar/2026:11:58:02 +0100] "POST /autodiscover/autodiscover.xml HTTP/1.1" 301 295 hrv.de "-" "Microsoft Office/16.0 (Windows NT 10.0; Microsoft Outlook 16.0.19725; Pro)" "-"
2a04:4e41:1800:: - - [25/Mar/2026:11:58:02 +0100] "GET /.well-known/passkey-endpoints HTTP/1.1" 301 295 hrv.de "-" "com.apple.AuthenticationServicesCore.AuthenticationServicesAgent/8623.2.7.10.4 CFNetwork/3860.400.51 Darwin/25.3.0" "-"
5.7.164.0 - - [25/Mar/2026:11:58:02 +0100] "GET /autodiscover/autodiscover.xml HTTP/1.1" 404 12554 www.hrv.de "-" "Microsoft Office/16.0 (Windows NT 10.0; Microsoft Outlook 16.0.19725; Pro)" "-"
2a04:4e41:1800:: - - [25/Mar/2026:11:58:02 +0100] "GET /.well-known/passkey-endpoints HTTP/1.1" 404 12554 www.hrv.de "-" "com.apple.AuthenticationServicesCore.AuthenticationServicesAgent/8623.2.7.10.4 CFNetwork/3860.400.51 Darwin/25.3.0" "-"
2a03:2880:f800:: - - [25/Mar/2026:11:58:06 +0100] "GET /aktuelles/vom-bilanzbuchhalter-zum-prozessbuchhalter.html HTTP/1.1" 200 10882 www.hrv-it.de "-" "meta-externalagent/1.1 (+https://developers.facebook.com/docs/sharing/webmasters/crawler)" "-"
2a03:2880:f800:: - - [25/Mar/2026:11:58:12 +0100] "GET /aktuelles/der-trend-zum-homeoffice-haelt-an.html HTTP/1.1" 429 267 www.hrv-it.de "-" "meta-externalagent/1.1 (+https://developers.facebook.com/docs/sharing/webmasters/crawler)" "-"
2a03:2880:f800:: - - [25/Mar/2026:11:58:44 +0100] "GET /aktuelles/st\xc3\xa4rken-und-schw\xc3\xa4chen-von-ki-modellen.html HTTP/1.1" 429 267 www.hrv-it.de "-" "meta-externalagent/1.1 (+https://developers.facebook.com/docs/sharing/webmasters/crawler)" "-"
82.165.87.0 - - [25/Mar/2026:11:59:28 +0100] "GET /index.php?mact=CmsJobManager,cntnt01,process,0&cntnt01returnid=1&cms_cron=1&showtemplate=false HTTP/1.1" 200 2 www.hrv.de "-" "-" "-"
2a03:2880:f800:: - - [25/Mar/2026:11:59:28 +0100] "GET /aktuelles/e-rechnungspflicht-2025.html HTTP/1.1" 200 16635 www.hrv.de "-" "meta-externalagent/1.1 (+https://developers.facebook.com/docs/sharing/webmasters/crawler)" "-"
2a03:2880:f800:: - - [25/Mar/2026:11:59:37 +0100] "GET /aktuelles/kuenstliche-intelligenz-revolutioniert-buchhaltung.html HTTP/1.1" 200 15224 www.hrv.de "-" "meta-externalagent/1.1 (+https://developers.facebook.com/docs/sharing/webmasters/crawler)" "-"
2003:e9:ef00:: - - [25/Mar/2026:12:01:01 +0100] "GET / HTTP/1.1" 200 53711 www.hrv.de "-" "Mozilla/5.0 (Macintosh; Intel Mac OS X 10_15_7) AppleWebKit/537.36 (KHTML, like Gecko) Chrome/146.0.0.0 Safari/537.36" "-"
2003:e9:ef00:: - - [25/Mar/2026:12:01:02 +0100] "GET /tmp/cache/stylesheet_combined_22541eff99615b766ca97eced4ff9c48.css HTTP/1.1" 200 1475 www.hrv.de "https://www.hrv.de/" "Mozilla/5.0 (Macintosh; Intel Mac OS X 10_15_7) AppleWebKit/537.36 (KHTML, like Gecko) Chrome/146.0.0.0 Safari/537.36" "-"
2003:e9:ef00:: - - [25/Mar/2026:12:01:02 +0100] "GET /assets/images/logo.png HTTP/1.1" 200 3208 www.hrv.de "https://www.hrv.de/" "Mozilla/5.0 (Macintosh; Intel Mac OS X 10_15_7) AppleWebKit/537.36 (KHTML, like Gecko) Chrome/146.0.0.0 Safari/537.36" "-"
2003:e9:ef00:: - - [25/Mar/2026:12:01:02 +0100] "GET /uploads/images/banner/HRV_mit_externer_finanzbuchhaltung_als_crew_gemeinsam_nach_vorn.jpg HTTP/1.1" 200 263805 www.hrv.de "https://www.hrv.de/" "Mozilla/5.0 (Macintosh; Intel Mac OS X 10_15_7) AppleWebKit/537.36 (KHTML, like Gecko) Chrome/146.0.0.0 Safari/537.36" "-"
2003:e9:ef00:: - - [25/Mar/2026:12:01:02 +0100] "GET /uploads/images/FeatureLinks/icons_large_fianzbuchhaltung.png HTTP/1.1" 200 9200 www.hrv.de "https://www.hrv.de/" "Mozilla/5.0 (Macintosh; Intel Mac OS X 10_15_7) AppleWebKit/537.36 (KHTML, like Gecko) Chrome/146.0.0.0 Safari/537.36" "-"
2003:e9:ef00:: - - [25/Mar/2026:12:01:02 +0100] "GET /assets/style.php/main.scss?v=1 HTTP/1.1" 200 356594 www.hrv.de "https://www.hrv.de/" "Mozilla/5.0 (Macintosh; Intel Mac OS X 10_15_7) AppleWebKit/537.36 (KHTML, like Gecko) Chrome/146.0.0.0 Safari/537.36" "-"
2003:e9:ef00:: - - [25/Mar/2026:12:01:02 +0100] "GET /uploads/images/FeatureLinks/icons_large_lohn_und_gehaltsabrechnung.png HTTP/1.1" 200 11785 www.hrv.de "https://www.hrv.de/" "Mozilla/5.0 (Macintosh; Intel Mac OS X 10_15_7) AppleWebKit/537.36 (KHTML, like Gecko) Chrome/146.0.0.0 Safari/537.36" "-"
2003:e9:ef00:: - - [25/Mar/2026:12:01:02 +0100] "GET /assets/css/animate.css HTTP/1.1" 200 6964 www.hrv.de "https://www.hrv.de/assets/style.php/main.scss?v=1" "Mozilla/5.0 (Macintosh; Intel Mac OS X 10_15_7) AppleWebKit/537.36 (KHTML, like Gecko) Chrome/146.0.0.0 Safari/537.36" "-"
2003:e9:ef00:: - - [25/Mar/2026:12:01:02 +0100] "GET /uploads/images/FeatureLinks/icon_large_reisekostenabrechnung.png HTTP/1.1" 200 8679 www.hrv.de "https://www.hrv.de/" "Mozilla/5.0 (Macintosh; Intel Mac OS X 10_15_7) AppleWebKit/537.36 (KHTML, like Gecko) Chrome/146.0.0.0 Safari/537.36" "-"
2003:e9:ef00:: - - [25/Mar/2026:12:01:02 +0100] "GET /assets/js/bootstrap.min.js HTTP/1.1" 200 19883 www.hrv.de "https://www.hrv.de/" "Mozilla/5.0 (Macintosh; Intel Mac OS X 10_15_7) AppleWebKit/537.36 (KHTML, like Gecko) Chrome/146.0.0.0 Safari/537.36" "-"
2003:e9:ef00:: - - [25/Mar/2026:12:01:02 +0100] "GET /assets/js/slick.js HTTP/1.1" 200 20409 www.hrv.de "https://www.hrv.de/" "Mozilla/5.0 (Macintosh; Intel Mac OS X 10_15_7) AppleWebKit/537.36 (KHTML, like Gecko) Chrome/146.0.0.0 Safari/537.36" "-"
2003:e9:ef00:: - - [25/Mar/2026:12:01:02 +0100] "GET /assets/js/wow.min.js HTTP/1.1" 200 3085 www.hrv.de "https://www.hrv.de/" "Mozilla/5.0 (Macintosh; Intel Mac OS X 10_15_7) AppleWebKit/537.36 (KHTML, like Gecko) Chrome/146.0.0.0 Safari/537.36" "-"
2003:e9:ef00:: - - [25/Mar/2026:12:01:02 +0100] "GET /assets/js/custom.js?v=5 HTTP/1.1" 200 745 www.hrv.de "https://www.hrv.de/" "Mozilla/5.0 (Macintosh; Intel Mac OS X 10_15_7) AppleWebKit/537.36 (KHTML, like Gecko) Chrome/146.0.0.0 Safari/537.36" "-"
2003:e9:ef00:: - - [25/Mar/2026:12:01:02 +0100] "GET /assets/js/callback.js HTTP/1.1" 200 329 www.hrv.de "https://www.hrv.de/" "Mozilla/5.0 (Macintosh; Intel Mac OS X 10_15_7) AppleWebKit/537.36 (KHTML, like Gecko) Chrome/146.0.0.0 Safari/537.36" "-"
2003:e9:ef00:: - - [25/Mar/2026:12:01:02 +0100] "GET /assets/js/cookieconsent.js HTTP/1.1" 200 - www.hrv.de "https://www.hrv.de/" "Mozilla/5.0 (Macintosh; Intel Mac OS X 10_15_7) AppleWebKit/537.36 (KHTML, like Gecko) Chrome/146.0.0.0 Safari/537.36" "-"
2003:e9:ef00:: - - [25/Mar/2026:12:01:02 +0100] "GET /uploads/images/FeatureLinks/icon_verlage.png HTTP/1.1" 200 8130 www.hrv.de "https://www.hrv.de/" "Mozilla/5.0 (Macintosh; Intel Mac OS X 10_15_7) AppleWebKit/537.36 (KHTML, like Gecko) Chrome/146.0.0.0 Safari/537.36" "-"
2003:e9:ef00:: - - [25/Mar/2026:12:01:02 +0100] "GET /uploads/images/FeatureLinks/icon_tourismus.png HTTP/1.1" 200 10323 www.hrv.de "https://www.hrv.de/" "Mozilla/5.0 (Macintosh; Intel Mac OS X 10_15_7) AppleWebKit/537.36 (KHTML, like Gecko) Chrome/146.0.0.0 Safari/537.36" "-"
2003:e9:ef00:: - - [25/Mar/2026:12:01:02 +0100] "GET /uploads/images/FeatureLinks/icon_dienstleistungen.png HTTP/1.1" 200 8283 www.hrv.de "https://www.hrv.de/" "Mozilla/5.0 (Macintosh; Intel Mac OS X 10_15_7) AppleWebKit/537.36 (KHTML, like Gecko) Chrome/146.0.0.0 Safari/537.36" "-"
2003:e9:ef00:: - - [25/Mar/2026:12:01:02 +0100] "GET /uploads/images/FeatureLinks/icon_handel.png HTTP/1.1" 200 7615 www.hrv.de "https://www.hrv.de/" "Mozilla/5.0 (Macintosh; Intel Mac OS X 10_15_7) AppleWebKit/537.36 (KHTML, like Gecko) Chrome/146.0.0.0 Safari/537.36" "-"
2003:e9:ef00:: - - [25/Mar/2026:12:01:02 +0100] "GET /uploads/images/FeatureLinks/icon_gear.png HTTP/1.1" 200 2444 www.hrv.de "https://www.hrv.de/" "Mozilla/5.0 (Macintosh; Intel Mac OS X 10_15_7) AppleWebKit/537.36 (KHTML, like Gecko) Chrome/146.0.0.0 Safari/537.36" "-"
2003:e9:ef00:: - - [25/Mar/2026:12:01:02 +0100] "GET /uploads/images/text_mit_bild/text%20mit%20bild%20yacht%20angeschr%C3%A4gt.jpg HTTP/1.1" 200 400439 www.hrv.de "https://www.hrv.de/" "Mozilla/5.0 (Macintosh; Intel Mac OS X 10_15_7) AppleWebKit/537.36 (KHTML, like Gecko) Chrome/146.0.0.0 Safari/537.36" "-"
2003:e9:ef00:: - - [25/Mar/2026:12:01:02 +0100] "GET /uploads/images/FeatureLinks/icon_reedereien.png HTTP/1.1" 200 10734 www.hrv.de "https://www.hrv.de/" "Mozilla/5.0 (Macintosh; Intel Mac OS X 10_15_7) AppleWebKit/537.36 (KHTML, like Gecko) Chrome/146.0.0.0 Safari/537.36" "-"
2003:e9:ef00:: - - [25/Mar/2026:12:01:02 +0100] "GET /assets/fonts/roboto-light-webfont.woff2 HTTP/1.1" 200 19136 www.hrv.de "https://www.hrv.de/assets/style.php/main.scss?v=1" "Mozilla/5.0 (Macintosh; Intel Mac OS X 10_15_7) AppleWebKit/537.36 (KHTML, like Gecko) Chrome/146.0.0.0 Safari/537.36" "-"
2003:e9:ef00:: - - [25/Mar/2026:12:01:02 +0100] "GET /assets/fonts/roboto-regular-webfont.woff2 HTTP/1.1" 200 19384 www.hrv.de "https://www.hrv.de/assets/style.php/main.scss?v=1" "Mozilla/5.0 (Macintosh; Intel Mac OS X 10_15_7) AppleWebKit/537.36 (KHTML, like Gecko) Chrome/146.0.0.0 Safari/537.36" "-"
2003:e9:ef00:: - - [25/Mar/2026:12:01:02 +0100] "GET /assets/fonts/roboto-bold-webfont.woff2 HTTP/1.1" 200 19668 www.hrv.de "https://www.hrv.de/assets/style.php/main.scss?v=1" "Mozilla/5.0 (Macintosh; Intel Mac OS X 10_15_7) AppleWebKit/537.36 (KHTML, like Gecko) Chrome/146.0.0.0 Safari/537.36" "-"
2003:e9:ef00:: - - [25/Mar/2026:12:01:02 +0100] "GET /assets/fonts/roboto-medium-webfont.woff2 HTTP/1.1" 200 19468 www.hrv.de "https://www.hrv.de/assets/style.php/main.scss?v=1" "Mozilla/5.0 (Macintosh; Intel Mac OS X 10_15_7) AppleWebKit/537.36 (KHTML, like Gecko) Chrome/146.0.0.0 Safari/537.36" "-"
2003:e9:ef00:: - - [25/Mar/2026:12:01:02 +0100] "GET /uploads/images/FeatureLinks/logo_oetinger_main.png HTTP/1.1" 200 2674 www.hrv.de "https://www.hrv.de/" "Mozilla/5.0 (Macintosh; Intel Mac OS X 10_15_7) AppleWebKit/537.36 (KHTML, like Gecko) Chrome/146.0.0.0 Safari/537.36" "-"
2003:e9:ef00:: - - [25/Mar/2026:12:01:02 +0100] "GET /uploads/images/FeatureLinks/logos_nivea.jpg HTTP/1.1" 200 20972 www.hrv.de "https://www.hrv.de/" "Mozilla/5.0 (Macintosh; Intel Mac OS X 10_15_7) AppleWebKit/537.36 (KHTML, like Gecko) Chrome/146.0.0.0 Safari/537.36" "-"
2003:e9:ef00:: - - [25/Mar/2026:12:01:02 +0100] "GET /uploads/images/FeatureLinks/logos_warner.png HTTP/1.1" 200 33274 www.hrv.de "https://www.hrv.de/" "Mozilla/5.0 (Macintosh; Intel Mac OS X 10_15_7) AppleWebKit/537.36 (KHTML, like Gecko) Chrome/146.0.0.0 Safari/537.36" "-"
2003:e9:ef00:: - - [25/Mar/2026:12:01:02 +0100] "GET /uploads/images/FeatureLinks/logos_koerber.jpg HTTP/1.1" 200 27854 www.hrv.de "https://www.hrv.de/" "Mozilla/5.0 (Macintosh; Intel Mac OS X 10_15_7) AppleWebKit/537.36 (KHTML, like Gecko) Chrome/146.0.0.0 Safari/537.36" "-"
2003:e9:ef00:: - - [25/Mar/2026:12:01:02 +0100] "GET /uploads/images/FeatureLinks/logos_gema.jpg HTTP/1.1" 200 23257 www.hrv.de "https://www.hrv.de/" "Mozilla/5.0 (Macintosh; Intel Mac OS X 10_15_7) AppleWebKit/537.36 (KHTML, like Gecko) Chrome/146.0.0.0 Safari/537.36" "-"
2003:e9:ef00:: - - [25/Mar/2026:12:01:02 +0100] "GET /uploads/images/FeatureLinks/logos_researchgate.jpg HTTP/1.1" 200 23983 www.hrv.de "https://www.hrv.de/" "Mozilla/5.0 (Macintosh; Intel Mac OS X 10_15_7) AppleWebKit/537.36 (KHTML, like Gecko) Chrome/146.0.0.0 Safari/537.36" "-"
2003:e9:ef00:: - - [25/Mar/2026:12:01:02 +0100] "GET /uploads/images/FeatureLinks/logos_ice.jpg HTTP/1.1" 200 18495 www.hrv.de "https://www.hrv.de/" "Mozilla/5.0 (Macintosh; Intel Mac OS X 10_15_7) AppleWebKit/537.36 (KHTML, like Gecko) Chrome/146.0.0.0 Safari/537.36" "-"
2003:e9:ef00:: - - [25/Mar/2026:12:01:02 +0100] "GET /uploads/images/FeatureLinks/logos_total.jpg HTTP/1.1" 200 27062 www.hrv.de "https://www.hrv.de/" "Mozilla/5.0 (Macintosh; Intel Mac OS X 10_15_7) AppleWebKit/537.36 (KHTML, like Gecko) Chrome/146.0.0.0 Safari/537.36" "-"
2003:e9:ef00:: - - [25/Mar/2026:12:01:02 +0100] "GET /uploads/images/FeatureLinks/logos_kanebo.jpg HTTP/1.1" 200 20930 www.hrv.de "https://www.hrv.de/" "Mozilla/5.0 (Macintosh; Intel Mac OS X 10_15_7) AppleWebKit/537.36 (KHTML, like Gecko) Chrome/146.0.0.0 Safari/537.36" "-"
2003:e9:ef00:: - - [25/Mar/2026:12:01:02 +0100] "GET /uploads/images/FeatureLinks/logos_cloppenburg.png HTTP/1.1" 200 12279 www.hrv.de "https://www.hrv.de/" "Mozilla/5.0 (Macintosh; Intel Mac OS X 10_15_7) AppleWebKit/537.36 (KHTML, like Gecko) Chrome/146.0.0.0 Safari/537.36" "-"
2003:e9:ef00:: - - [25/Mar/2026:12:01:02 +0100] "GET /uploads/images/FeatureLinks/logos_ferienhausagentur.jpg HTTP/1.1" 200 21076 www.hrv.de "https://www.hrv.de/" "Mozilla/5.0 (Macintosh; Intel Mac OS X 10_15_7) AppleWebKit/537.36 (KHTML, like Gecko) Chrome/146.0.0.0 Safari/537.36" "-"
2003:e9:ef00:: - - [25/Mar/2026:12:01:02 +0100] "GET /uploads/images/FeatureLinks/logos_bk_geulini.jpg HTTP/1.1" 200 26474 www.hrv.de "https://www.hrv.de/" "Mozilla/5.0 (Macintosh; Intel Mac OS X 10_15_7) AppleWebKit/537.36 (KHTML, like Gecko) Chrome/146.0.0.0 Safari/537.36" "-"
2003:e9:ef00:: - - [25/Mar/2026:12:01:02 +0100] "GET /uploads/images/FeatureLinks/logos_buehler.jpg HTTP/1.1" 200 23165 www.hrv.de "https://www.hrv.de/" "Mozilla/5.0 (Macintosh; Intel Mac OS X 10_15_7) AppleWebKit/537.36 (KHTML, like Gecko) Chrome/146.0.0.0 Safari/537.36" "-"
2003:e9:ef00:: - - [25/Mar/2026:12:01:02 +0100] "GET /uploads/images/FeatureLinks/logos_neu.jpg HTTP/1.1" 200 24092 www.hrv.de "https://www.hrv.de/" "Mozilla/5.0 (Macintosh; Intel Mac OS X 10_15_7) AppleWebKit/537.36 (KHTML, like Gecko) Chrome/146.0.0.0 Safari/537.36" "-"
2003:e9:ef00:: - - [25/Mar/2026:12:01:02 +0100] "GET /uploads/images/FeatureLinks/logos_sensai.jpg HTTP/1.1" 200 21772 www.hrv.de "https://www.hrv.de/" "Mozilla/5.0 (Macintosh; Intel Mac OS X 10_15_7) AppleWebKit/537.36 (KHTML, like Gecko) Chrome/146.0.0.0 Safari/537.36" "-"
2003:e9:ef00:: - - [25/Mar/2026:12:01:02 +0100] "GET /uploads/images/FeatureLinks/logos_channel21.jpg HTTP/1.1" 200 25587 www.hrv.de "https://www.hrv.de/" "Mozilla/5.0 (Macintosh; Intel Mac OS X 10_15_7) AppleWebKit/537.36 (KHTML, like Gecko) Chrome/146.0.0.0 Safari/537.36" "-"
2003:e9:ef00:: - - [25/Mar/2026:12:01:02 +0100] "GET /uploads/images/FeatureLinks/logos_F2A.jpg HTTP/1.1" 200 26118 www.hrv.de "https://www.hrv.de/" "Mozilla/5.0 (Macintosh; Intel Mac OS X 10_15_7) AppleWebKit/537.36 (KHTML, like Gecko) Chrome/146.0.0.0 Safari/537.36" "-"
2003:e9:ef00:: - - [25/Mar/2026:12:01:02 +0100] "GET /assets/images/w-letter.png HTTP/1.1" 200 22625 www.hrv.de "https://www.hrv.de/" "Mozilla/5.0 (Macintosh; Intel Mac OS X 10_15_7) AppleWebKit/537.36 (KHTML, like Gecko) Chrome/146.0.0.0 Safari/537.36" "-"
