2a01:599:300:: - - [25/Mar/2026:10:42:30 +0100] "GET /assets/js/bootstrap.min.js HTTP/1.1" 200 19883 www.hrv.de "https://www.hrv.de/leistungen/outsourcing-lohn-und-gehaltsabrechnung.html" "Mozilla/5.0 (iPhone; CPU iPhone OS 26_3_0 like Mac OS X) AppleWebKit/605.1.15 (KHTML, like Gecko) CriOS/131.0.6778.73 Mobile/15E148 Safari/604.1" "-"
2a01:599:300:: - - [25/Mar/2026:10:42:30 +0100] "GET /assets/js/slick.js HTTP/1.1" 200 20409 www.hrv.de "https://www.hrv.de/leistungen/outsourcing-lohn-und-gehaltsabrechnung.html" "Mozilla/5.0 (iPhone; CPU iPhone OS 26_3_0 like Mac OS X) AppleWebKit/605.1.15 (KHTML, like Gecko) CriOS/131.0.6778.73 Mobile/15E148 Safari/604.1" "-"
2a01:599:300:: - - [25/Mar/2026:10:42:30 +0100] "GET /assets/js/wow.min.js HTTP/1.1" 200 3085 www.hrv.de "https://www.hrv.de/leistungen/outsourcing-lohn-und-gehaltsabrechnung.html" "Mozilla/5.0 (iPhone; CPU iPhone OS 26_3_0 like Mac OS X) AppleWebKit/605.1.15 (KHTML, like Gecko) CriOS/131.0.6778.73 Mobile/15E148 Safari/604.1" "-"
2a01:599:300:: - - [25/Mar/2026:10:42:31 +0100] "GET /assets/js/custom.js?v=5 HTTP/1.1" 200 745 www.hrv.de "https://www.hrv.de/leistungen/outsourcing-lohn-und-gehaltsabrechnung.html" "Mozilla/5.0 (iPhone; CPU iPhone OS 26_3_0 like Mac OS X) AppleWebKit/605.1.15 (KHTML, like Gecko) CriOS/131.0.6778.73 Mobile/15E148 Safari/604.1" "-"
2a01:599:300:: - - [25/Mar/2026:10:42:31 +0100] "GET /assets/js/cookieconsent.js HTTP/1.1" 200 - www.hrv.de "https://www.hrv.de/leistungen/outsourcing-lohn-und-gehaltsabrechnung.html" "Mozilla/5.0 (iPhone; CPU iPhone OS 26_3_0 like Mac OS X) AppleWebKit/605.1.15 (KHTML, like Gecko) CriOS/131.0.6778.73 Mobile/15E148 Safari/604.1" "-"
2a01:599:300:: - - [25/Mar/2026:10:42:31 +0100] "GET /assets/js/callback.js HTTP/1.1" 200 329 www.hrv.de "https://www.hrv.de/leistungen/outsourcing-lohn-und-gehaltsabrechnung.html" "Mozilla/5.0 (iPhone; CPU iPhone OS 26_3_0 like Mac OS X) AppleWebKit/605.1.15 (KHTML, like Gecko) CriOS/131.0.6778.73 Mobile/15E148 Safari/604.1" "-"
2a01:599:300:: - - [25/Mar/2026:10:42:31 +0100] "GET /assets/images/logo.png HTTP/1.1" 200 3208 www.hrv.de "https://www.hrv.de/leistungen/outsourcing-lohn-und-gehaltsabrechnung.html" "Mozilla/5.0 (iPhone; CPU iPhone OS 26_3_0 like Mac OS X) AppleWebKit/605.1.15 (KHTML, like Gecko) CriOS/131.0.6778.73 Mobile/15E148 Safari/604.1" "-"
2a01:599:300:: - - [25/Mar/2026:10:42:31 +0100] "GET /assets/css/animate.css HTTP/1.1" 200 6964 www.hrv.de "https://www.hrv.de/leistungen/outsourcing-lohn-und-gehaltsabrechnung.html" "Mozilla/5.0 (iPhone; CPU iPhone OS 26_3_0 like Mac OS X) AppleWebKit/605.1.15 (KHTML, like Gecko) CriOS/131.0.6778.73 Mobile/15E148 Safari/604.1" "-"
2a01:599:300:: - - [25/Mar/2026:10:42:31 +0100] "GET /uploads/images/banner/banner_lohnbuchhaltung_gehaltsabrechnung_auslagern_mit_uns_hoeher_am_wind.jpg HTTP/1.1" 200 415076 www.hrv.de "https://www.hrv.de/leistungen/outsourcing-lohn-und-gehaltsabrechnung.html" "Mozilla/5.0 (iPhone; CPU iPhone OS 26_3_0 like Mac OS X) AppleWebKit/605.1.15 (KHTML, like Gecko) CriOS/131.0.6778.73 Mobile/15E148 Safari/604.1" "-"
2a01:599:300:: - - [25/Mar/2026:10:42:31 +0100] "GET /uploads/images/letters/L.png HTTP/1.1" 200 6506 www.hrv.de "https://www.hrv.de/leistungen/outsourcing-lohn-und-gehaltsabrechnung.html" "Mozilla/5.0 (iPhone; CPU iPhone OS 26_3_0 like Mac OS X) AppleWebKit/605.1.15 (KHTML, like Gecko) CriOS/131.0.6778.73 Mobile/15E148 Safari/604.1" "-"
2a01:599:300:: - - [25/Mar/2026:10:42:31 +0100] "GET /assets/fonts/roboto-light-webfont.woff2 HTTP/1.1" 200 19136 www.hrv.de "https://www.hrv.de/leistungen/outsourcing-lohn-und-gehaltsabrechnung.html" "Mozilla/5.0 (iPhone; CPU iPhone OS 26_3_0 like Mac OS X) AppleWebKit/605.1.15 (KHTML, like Gecko) CriOS/131.0.6778.73 Mobile/15E148 Safari/604.1" "-"
2a01:599:300:: - - [25/Mar/2026:10:42:31 +0100] "GET /assets/fonts/roboto-regular-webfont.woff2 HTTP/1.1" 200 19384 www.hrv.de "https://www.hrv.de/leistungen/outsourcing-lohn-und-gehaltsabrechnung.html" "Mozilla/5.0 (iPhone; CPU iPhone OS 26_3_0 like Mac OS X) AppleWebKit/605.1.15 (KHTML, like Gecko) CriOS/131.0.6778.73 Mobile/15E148 Safari/604.1" "-"
2a01:599:300:: - - [25/Mar/2026:10:42:31 +0100] "GET /assets/fonts/roboto-bold-webfont.woff2 HTTP/1.1" 200 19668 www.hrv.de "https://www.hrv.de/leistungen/outsourcing-lohn-und-gehaltsabrechnung.html" "Mozilla/5.0 (iPhone; CPU iPhone OS 26_3_0 like Mac OS X) AppleWebKit/605.1.15 (KHTML, like Gecko) CriOS/131.0.6778.73 Mobile/15E148 Safari/604.1" "-"
2a01:599:300:: - - [25/Mar/2026:10:42:31 +0100] "GET /assets/images/w-letter.png HTTP/1.1" 200 22625 www.hrv.de "https://www.hrv.de/leistungen/outsourcing-lohn-und-gehaltsabrechnung.html" "Mozilla/5.0 (iPhone; CPU iPhone OS 26_3_0 like Mac OS X) AppleWebKit/605.1.15 (KHTML, like Gecko) CriOS/131.0.6778.73 Mobile/15E148 Safari/604.1" "-"
2a01:599:300:: - - [25/Mar/2026:10:42:31 +0100] "GET /assets/images/o-lettter.png HTTP/1.1" 200 25069 www.hrv.de "https://www.hrv.de/leistungen/outsourcing-lohn-und-gehaltsabrechnung.html" "Mozilla/5.0 (iPhone; CPU iPhone OS 26_3_0 like Mac OS X) AppleWebKit/605.1.15 (KHTML, like Gecko) CriOS/131.0.6778.73 Mobile/15E148 Safari/604.1" "-"
2a01:599:300:: - - [25/Mar/2026:10:42:31 +0100] "GET /assets/images/sprite.png HTTP/1.1" 200 112934 www.hrv.de "https://www.hrv.de/leistungen/outsourcing-lohn-und-gehaltsabrechnung.html" "Mozilla/5.0 (iPhone; CPU iPhone OS 26_3_0 like Mac OS X) AppleWebKit/605.1.15 (KHTML, like Gecko) CriOS/131.0.6778.73 Mobile/15E148 Safari/604.1" "-"
2a01:599:300:: - - [25/Mar/2026:10:42:32 +0100] "GET /assets/images/s-letter.png HTTP/1.1" 200 26486 www.hrv.de "https://www.hrv.de/leistungen/outsourcing-lohn-und-gehaltsabrechnung.html" "Mozilla/5.0 (iPhone; CPU iPhone OS 26_3_0 like Mac OS X) AppleWebKit/605.1.15 (KHTML, like Gecko) CriOS/131.0.6778.73 Mobile/15E148 Safari/604.1" "-"
2a01:599:300:: - - [25/Mar/2026:10:42:32 +0100] "GET /assets/images/button.png HTTP/1.1" 200 9992 www.hrv.de "https://www.hrv.de/leistungen/outsourcing-lohn-und-gehaltsabrechnung.html" "Mozilla/5.0 (iPhone; CPU iPhone OS 26_3_0 like Mac OS X) AppleWebKit/605.1.15 (KHTML, like Gecko) CriOS/131.0.6778.73 Mobile/15E148 Safari/604.1" "-"
2a03:2880:f800:: - - [25/Mar/2026:10:44:22 +0100] "GET /SiteMap.aspx HTTP/1.1" 301 278 hrv.de "-" "meta-externalagent/1.1 (+https://developers.facebook.com/docs/sharing/webmasters/crawler)" "-"
91.228.196.0 - - [25/Mar/2026:10:46:52 +0100] "GET / HTTP/1.1" 301 266 hrv.de "-" "Mozilla/5.0 (Windows NT 10.0; Win64; x64) AppleWebKit/537.36 (KHTML, like Gecko) Chrome/136.0.0.0 Safari/537.36" "-"
82.165.87.0 - - [25/Mar/2026:10:46:52 +0100] "GET /index.php?mact=CmsJobManager,cntnt01,process,0&cntnt01returnid=1&cms_cron=1&showtemplate=false HTTP/1.1" 200 2 www.hrv.de "-" "-" "-"
91.228.196.0 - - [25/Mar/2026:10:46:52 +0100] "GET / HTTP/1.1" 200 53711 www.hrv.de "-" "Mozilla/5.0 (Windows NT 10.0; Win64; x64) AppleWebKit/537.36 (KHTML, like Gecko) Chrome/136.0.0.0 Safari/537.36" "-"
136.243.83.0 - - [25/Mar/2026:10:48:04 +0100] "GET /aktuelles/kuenstliche-intelligenz-revolutioniert-buchhaltung.html HTTP/1.1" 200 15224 www.hrv.de "-" "Mozilla/5.0 (compatible; MetaJobBot; https://www.metajob.de/crawler)" "-"
5.7.164.0 - - [25/Mar/2026:10:48:38 +0100] "POST /autodiscover/autodiscover.xml HTTP/1.1" 301 295 hrv.de "-" "Microsoft Office/16.0 (Windows NT 10.0; Microsoft Outlook 16.0.19725; Pro)" "-"
5.7.164.0 - - [25/Mar/2026:10:48:38 +0100] "GET /autodiscover/autodiscover.xml HTTP/1.1" 404 12554 www.hrv.de "-" "Microsoft Office/16.0 (Windows NT 10.0; Microsoft Outlook 16.0.19725; Pro)" "-"
5.7.164.0 - - [25/Mar/2026:10:48:58 +0100] "POST /autodiscover/autodiscover.xml HTTP/1.1" 301 295 hrv.de "-" "Microsoft Office/16.0 (Windows NT 10.0; Microsoft Outlook 16.0.19725; Pro)" "-"
5.7.164.0 - - [25/Mar/2026:10:48:58 +0100] "GET /autodiscover/autodiscover.xml HTTP/1.1" 404 12554 www.hrv.de "-" "Microsoft Office/16.0 (Windows NT 10.0; Microsoft Outlook 16.0.19725; Pro)" "-"
5.7.164.0 - - [25/Mar/2026:10:52:09 +0100] "POST /autodiscover/autodiscover.xml HTTP/1.1" 301 295 hrv.de "-" "Microsoft Office/16.0 (Windows NT 10.0; Microsoft Outlook 16.0.19725; Pro)" "-"
82.165.87.0 - - [25/Mar/2026:10:52:09 +0100] "GET /index.php?mact=CmsJobManager,cntnt01,process,0&cntnt01returnid=1&cms_cron=1&showtemplate=false HTTP/1.1" 200 2 www.hrv.de "-" "-" "-"
5.7.164.0 - - [25/Mar/2026:10:52:09 +0100] "GET /autodiscover/autodiscover.xml HTTP/1.1" 404 12554 www.hrv.de "-" "Microsoft Office/16.0 (Windows NT 10.0; Microsoft Outlook 16.0.19725; Pro)" "-"
2a02:26f7:ec00:: - - [25/Mar/2026:10:52:58 +0100] "GET /.well-known/passkey-endpoints HTTP/1.1" 301 295 hrv.de "-" "com.apple.AuthenticationServicesCore.AuthenticationServicesAgent/8623.2.7.110.1 CFNetwork/3860.400.51 Darwin/25.3.0" "-"
2a02:26f7:ec00:: - - [25/Mar/2026:10:52:59 +0100] "GET /.well-known/passkey-endpoints HTTP/1.1" 404 12554 www.hrv.de "-" "com.apple.AuthenticationServicesCore.AuthenticationServicesAgent/8623.2.7.110.1 CFNetwork/3860.400.51 Darwin/25.3.0" "-"
5.7.164.0 - - [25/Mar/2026:10:54:14 +0100] "POST /autodiscover/autodiscover.xml HTTP/1.1" 301 295 hrv.de "-" "Microsoft Office/16.0 (Windows NT 10.0; Microsoft Outlook 16.0.19725; Pro)" "-"
5.7.164.0 - - [25/Mar/2026:10:54:14 +0100] "GET /autodiscover/autodiscover.xml HTTP/1.1" 404 12554 www.hrv.de "-" "Microsoft Office/16.0 (Windows NT 10.0; Microsoft Outlook 16.0.19725; Pro)" "-"
5.7.164.0 - - [25/Mar/2026:10:54:46 +0100] "POST /autodiscover/autodiscover.xml HTTP/1.1" 301 295 hrv.de "-" "Microsoft Office/16.0 (Windows NT 10.0; Microsoft Outlook 16.0.19725; Pro)" "-"
5.7.164.0 - - [25/Mar/2026:10:54:46 +0100] "GET /autodiscover/autodiscover.xml HTTP/1.1" 404 12554 www.hrv.de "-" "Microsoft Office/16.0 (Windows NT 10.0; Microsoft Outlook 16.0.19725; Pro)" "-"
82.165.87.0 - - [25/Mar/2026:10:55:49 +0100] "GET /index.php?mact=CmsJobManager,cntnt01,process,0&cntnt01returnid=1&cms_cron=1&showtemplate=false HTTP/1.1" 200 2 www.hrv.de "-" "-" "-"
63.141.36.0 - - [25/Mar/2026:10:55:49 +0100] "HEAD / HTTP/1.1" 200 - www.hrv.de "-" "Mozilla/4.0 (compatible; MSIE 7.0; Windows NT 6.0; SLCC1; .NET CLR 2.0.50727; .NET CLR 3.5.30729; .NET CLR 3.0.30618)" "-"
89.124.64.0 - - [25/Mar/2026:10:58:32 +0100] "GET /kontakt-bestaetigung.html HTTP/1.1" 200 12314 www.hrv.de "-" "Mozilla/5.0 (Windows NT 6.3; Win64; x64) AppleWebKit/537.36 (KHTML, like Gecko) Chrome/75.0.3770.100 Safari/537.36" "-"
2a03:2880:f800:: - - [25/Mar/2026:10:59:32 +0100] "GET /sitemap-index.xml HTTP/1.1" 301 283 hrv.de "-" "meta-externalagent/1.1 (+https://developers.facebook.com/docs/sharing/webmasters/crawler)" "-"
2a03:2880:f800:: - - [25/Mar/2026:10:59:55 +0100] "GET /news-sitemap.xml HTTP/1.1" 301 282 hrv.de "-" "meta-externalagent/1.1 (+https://developers.facebook.com/docs/sharing/webmasters/crawler)" "-"
5.7.164.0 - - [25/Mar/2026:11:00:20 +0100] "POST /autodiscover/autodiscover.xml HTTP/1.1" 301 295 hrv.de "-" "Microsoft Office/16.0 (Windows NT 10.0; Microsoft Outlook 16.0.19725; Pro)" "-"
82.165.87.0 - - [25/Mar/2026:11:00:20 +0100] "GET /index.php?mact=CmsJobManager,cntnt01,process,0&cntnt01returnid=1&cms_cron=1&showtemplate=false HTTP/1.1" 200 2 www.hrv.de "-" "-" "-"
5.7.164.0 - - [25/Mar/2026:11:00:20 +0100] "GET /autodiscover/autodiscover.xml HTTP/1.1" 404 12554 www.hrv.de "-" "Microsoft Office/16.0 (Windows NT 10.0; Microsoft Outlook 16.0.19725; Pro)" "-"
136.243.83.0 - - [25/Mar/2026:11:00:26 +0100] "GET /it-know-how/digitaler-workflow.html HTTP/1.1" 200 21607 www.hrv.de "-" "Mozilla/5.0 (compatible; MetaJobBot; https://www.metajob.de/crawler)" "-"
2a09:bac3:2900:: - - [25/Mar/2026:11:00:59 +0100] "GET / HTTP/1.1" 301 266 hrv.de "-" "Mozilla/5.0 (Macintosh; Intel Mac OS X 10_11_1) AppleWebKit/601.2.4 (KHTML, like Gecko) Version/9.0.1 Safari/601.2.4 facebookexternalhit/1.1 Facebot Twitterbot/1.0" "-"
2a09:bac3:2900:: - - [25/Mar/2026:11:00:59 +0100] "GET / HTTP/1.1" 200 53711 www.hrv.de "-" "Mozilla/5.0 (Macintosh; Intel Mac OS X 10_11_1) AppleWebKit/601.2.4 (KHTML, like Gecko) Version/9.0.1 Safari/601.2.4 facebookexternalhit/1.1 Facebot Twitterbot/1.0" "-"
195.167.218.0 - - [25/Mar/2026:11:01:23 +0100] "POST /AutoDiscover/autodiscover.xml HTTP/1.1" 301 295 hrv.de "-" "Microsoft Office/16.0 (Windows NT 10.0; Microsoft Excel 16.0.19725; Pro)" "-"
195.167.218.0 - - [25/Mar/2026:11:01:23 +0100] "POST /AutoDiscover/autodiscover.xml HTTP/1.1" 404 12554 www.hrv.de "-" "Microsoft Office/16.0 (Windows NT 10.0; Microsoft Excel 16.0.19725; Pro)" "-"
216.218.147.0 - - [25/Mar/2026:11:01:41 +0100] "GET /robots.txt HTTP/1.1" 404 12554 www.hrv.de "-" "Mozilla/5.0 (Windows NT 10.0; Win64; x64) AppleWebKit/537.36 (KHTML, like Gecko) Chrome/146.0.7680.165 Safari/537.36" "-"
188.118.176.0 - - [25/Mar/2026:11:01:42 +0100] "POST /AutoDiscover/autodiscover.xml HTTP/1.1" 301 295 hrv.de "-" "Microsoft Office/16.0 (Windows NT 10.0; Microsoft Word 16.0.19628; Pro)" "-"
188.118.176.0 - - [25/Mar/2026:11:01:42 +0100] "POST /AutoDiscover/autodiscover.xml HTTP/1.1" 404 12554 www.hrv.de "-" "Microsoft Office/16.0 (Windows NT 10.0; Microsoft Word 16.0.19628; Pro)" "-"
216.218.147.0 - - [25/Mar/2026:11:01:42 +0100] "GET /neuigkeiten/ HTTP/1.1" 404 12554 www.hrv.de "-" "Mozilla/5.0 (Windows NT 10.0; Win64; x64) AppleWebKit/537.36 (KHTML, like Gecko) Chrome/146.0.7680.165 Safari/537.36" "-"
104.210.140.0 - - [25/Mar/2026:11:02:26 +0100] "GET /robots.txt HTTP/1.1" 404 12554 www.hrv.de "-" "Mozilla/5.0 (Macintosh; Intel Mac OS X 10_15_7) AppleWebKit/537.36 (KHTML, like Gecko) Chrome/131.0.0.0 Safari/537.36; compatible; OAI-SearchBot/1.0; +https://openai.com/searchbot" "-"
104.210.140.0 - - [25/Mar/2026:11:02:27 +0100] "GET /robots.txt HTTP/1.1" 404 12554 www.hrv.de "-" "Mozilla/5.0 (Macintosh; Intel Mac OS X 10_15_7) AppleWebKit/537.36 (KHTML, like Gecko) Chrome/131.0.0.0 Safari/537.36; compatible; OAI-SearchBot/1.0; +https://openai.com/searchbot" "-"
195.167.218.0 - - [25/Mar/2026:11:04:05 +0100] "POST /AutoDiscover/autodiscover.xml HTTP/1.1" 301 295 hrv.de "-" "Microsoft Office/16.0 (Windows NT 10.0; Microsoft Excel 16.0.19725; Pro)" "-"
82.165.87.0 - - [25/Mar/2026:11:04:05 +0100] "GET /index.php?mact=CmsJobManager,cntnt01,process,0&cntnt01returnid=1&cms_cron=1&showtemplate=false HTTP/1.1" 200 2 www.hrv.de "-" "-" "-"
195.167.218.0 - - [25/Mar/2026:11:04:05 +0100] "POST /AutoDiscover/autodiscover.xml HTTP/1.1" 404 12554 www.hrv.de "-" "Microsoft Office/16.0 (Windows NT 10.0; Microsoft Excel 16.0.19725; Pro)" "-"
20.215.220.0 - - [25/Mar/2026:11:04:39 +0100] "GET /leistungen/outsourcing-lohn-und-gehaltsabrechnung.html HTTP/1.1" 200 26291 www.hrv.de "-" "Mozilla/5.0 AppleWebKit/537.36 (KHTML, like Gecko); compatible; ChatGPT-User/1.0; +https://openai.com/bot" "-"
20.215.220.0 - - [25/Mar/2026:11:04:44 +0100] "GET / HTTP/1.1" 301 266 hrv.de "-" "Mozilla/5.0 AppleWebKit/537.36 (KHTML, like Gecko); compatible; ChatGPT-User/1.0; +https://openai.com/bot" "-"
20.215.220.0 - - [25/Mar/2026:11:04:44 +0100] "GET / HTTP/1.1" 200 53711 www.hrv.de "-" "Mozilla/5.0 AppleWebKit/537.36 (KHTML, like Gecko); compatible; ChatGPT-User/1.0; +https://openai.com/bot" "-"
82.165.87.0 - - [25/Mar/2026:11:07:16 +0100] "GET /index.php?mact=CmsJobManager,cntnt01,process,0&cntnt01returnid=1&cms_cron=1&showtemplate=false HTTP/1.1" 200 2 www.hrv.de "-" "-" "-"
136.243.83.0 - - [25/Mar/2026:11:07:16 +0100] "GET /aktuelles/das-papierlose-buero-kosten-sparen.html HTTP/1.1" 200 15577 www.hrv.de "-" "Mozilla/5.0 (compatible; MetaJobBot; https://www.metajob.de/crawler)" "-"
89.200.205.0 - - [25/Mar/2026:11:07:38 +0100] "GET /robots.txt HTTP/1.1" 404 12554 www.hrv.de "-" "Mozilla/5.0 (compatible; stepstoneCrawlBot; +https://www.thestepstonegroup.com/crawler/)" "-"
89.200.205.0 - - [25/Mar/2026:11:07:39 +0100] "GET / HTTP/1.1" 200 53711 www.hrv.de "-" "Mozilla/5.0 (compatible; stepstoneCrawlBot; +https://www.thestepstonegroup.com/crawler/)" "-"
66.249.69.0 - - [25/Mar/2026:11:09:37 +0100] "GET /assets/images/button.png HTTP/1.1" 304 - www.hrv.de "-" "Googlebot-Image/1.0" "-"
74.7.244.0 - - [25/Mar/2026:11:10:05 +0100] "GET /robots.txt HTTP/1.1" 404 12554 www.hrv.de "-" "Mozilla/5.0 (Macintosh; Intel Mac OS X 10_15_7) AppleWebKit/537.36 (KHTML, like Gecko) Chrome/131.0.0.0 Safari/537.36; compatible; OAI-SearchBot/1.3; robots.txt; +https://openai.com/searchbot" "-"
5.7.164.0 - - [25/Mar/2026:11:11:27 +0100] "POST /autodiscover/autodiscover.xml HTTP/1.1" 301 295 hrv.de "-" "Microsoft Office/16.0 (Windows NT 10.0; Microsoft Outlook 16.0.19725; Pro)" "-"
82.165.87.0 - - [25/Mar/2026:11:11:27 +0100] "GET /index.php?mact=CmsJobManager,cntnt01,process,0&cntnt01returnid=1&cms_cron=1&showtemplate=false HTTP/1.1" 200 2 www.hrv.de "-" "-" "-"
5.7.164.0 - - [25/Mar/2026:11:11:27 +0100] "GET /autodiscover/autodiscover.xml HTTP/1.1" 404 12554 www.hrv.de "-" "Microsoft Office/16.0 (Windows NT 10.0; Microsoft Outlook 16.0.19725; Pro)" "-"
5.7.164.0 - - [25/Mar/2026:11:11:50 +0100] "POST /autodiscover/autodiscover.xml HTTP/1.1" 301 295 hrv.de "-" "Microsoft Office/16.0 (Windows NT 10.0; Microsoft Outlook 16.0.19725; Pro)" "-"
5.7.164.0 - - [25/Mar/2026:11:11:50 +0100] "GET /autodiscover/autodiscover.xml HTTP/1.1" 404 12554 www.hrv.de "-" "Microsoft Office/16.0 (Windows NT 10.0; Microsoft Outlook 16.0.19725; Pro)" "-"
5.7.164.0 - - [25/Mar/2026:11:13:05 +0100] "POST /autodiscover/autodiscover.xml HTTP/1.1" 301 295 hrv.de "-" "Microsoft Office/16.0 (Windows NT 10.0; Microsoft Outlook 16.0.19725; Pro)" "-"
5.7.164.0 - - [25/Mar/2026:11:13:05 +0100] "POST /autodiscover/autodiscover.xml HTTP/1.1" 301 295 hrv.de "-" "Microsoft Office/16.0 (Windows NT 10.0; Microsoft Outlook 16.0.19725; Pro)" "-"
5.7.164.0 - - [25/Mar/2026:11:13:05 +0100] "POST /autodiscover/autodiscover.xml HTTP/1.1" 301 295 hrv.de "-" "Microsoft Office/16.0 (Windows NT 10.0; Microsoft Outlook 16.0.19725; Pro)" "-"
5.7.164.0 - - [25/Mar/2026:11:13:05 +0100] "GET /autodiscover/autodiscover.xml HTTP/1.1" 404 12554 www.hrv.de "-" "Microsoft Office/16.0 (Windows NT 10.0; Microsoft Outlook 16.0.19725; Pro)" "-"
5.7.164.0 - - [25/Mar/2026:11:13:05 +0100] "GET /autodiscover/autodiscover.xml HTTP/1.1" 404 12554 www.hrv.de "-" "Microsoft Office/16.0 (Windows NT 10.0; Microsoft Outlook 16.0.19725; Pro)" "-"
5.7.164.0 - - [25/Mar/2026:11:13:05 +0100] "GET /autodiscover/autodiscover.xml HTTP/1.1" 404 12554 www.hrv.de "-" "Microsoft Office/16.0 (Windows NT 10.0; Microsoft Outlook 16.0.19725; Pro)" "-"
66.249.69.0 - - [25/Mar/2026:11:13:29 +0100] "GET /uploads/images/letters/B.png HTTP/1.1" 304 - www.hrv.de "-" "Googlebot-Image/1.0" "-"
52.167.144.0 - - [25/Mar/2026:11:15:19 +0100] "GET /uploads/images/FeatureLinks/logos_kanebo.jpg HTTP/1.1" 200 20930 www.hrv.de "-" "Mozilla/5.0 AppleWebKit/537.36 (KHTML, like Gecko; compatible; bingbot/2.0; +http://www.bing.com/bingbot.htm) Chrome/116.0.1938.76 Safari/537.36" "-"
5.7.164.0 - - [25/Mar/2026:11:15:35 +0100] "POST /autodiscover/autodiscover.xml HTTP/1.1" 301 295 hrv.de "-" "Microsoft Office/16.0 (Windows NT 10.0; Microsoft Outlook 16.0.19725; Pro)" "-"
82.165.87.0 - - [25/Mar/2026:11:15:35 +0100] "GET /index.php?mact=CmsJobManager,cntnt01,process,0&cntnt01returnid=1&cms_cron=1&showtemplate=false HTTP/1.1" 200 2 www.hrv.de "-" "-" "-"
5.7.164.0 - - [25/Mar/2026:11:15:35 +0100] "GET /autodiscover/autodiscover.xml HTTP/1.1" 404 12554 www.hrv.de "-" "Microsoft Office/16.0 (Windows NT 10.0; Microsoft Outlook 16.0.19725; Pro)" "-"
66.249.93.0 - - [25/Mar/2026:11:15:38 +0100] "GET /.well-known/traffic-advice HTTP/1.1" 404 12554 www.hrv.de "-" "Chrome Privacy Preserving Prefetch Proxy" "-"
2001:4860:: - - [25/Mar/2026:11:15:39 +0100] "GET /uploads/pdf/Info-Pflichten-Bewerber-HRV.pdf HTTP/1.1" 200 117154 www.hrv.de "https://www.google.com/" "Mozilla/5.0 (Windows NT 10.0; Win64; x64) AppleWebKit/537.36 (KHTML, like Gecko) Chrome/146.0.0.0 Safari/537.36" "-"
2a01:599:c00:: - - [25/Mar/2026:11:15:41 +0100] "GET / HTTP/1.1" 200 53711 www.hrv.de "https://duckduckgo.com/" "Mozilla/5.0 (Windows NT 10.0; Win64; x64; rv:148.0) Gecko/20100101 Firefox/148.0" "-"
2a01:599:c00:: - - [25/Mar/2026:11:15:42 +0100] "GET /tmp/cache/stylesheet_combined_22541eff99615b766ca97eced4ff9c48.css HTTP/1.1" 200 1475 www.hrv.de "https://www.hrv.de/" "Mozilla/5.0 (Windows NT 10.0; Win64; x64; rv:148.0) Gecko/20100101 Firefox/148.0" "-"
2a01:599:c00:: - - [25/Mar/2026:11:15:42 +0100] "GET /assets/js/bootstrap.min.js HTTP/1.1" 200 19883 www.hrv.de "https://www.hrv.de/" "Mozilla/5.0 (Windows NT 10.0; Win64; x64; rv:148.0) Gecko/20100101 Firefox/148.0" "-"
2a01:599:c00:: - - [25/Mar/2026:11:15:42 +0100] "GET /assets/style.php/main.scss?v=1 HTTP/1.1" 200 356594 www.hrv.de "https://www.hrv.de/" "Mozilla/5.0 (Windows NT 10.0; Win64; x64; rv:148.0) Gecko/20100101 Firefox/148.0" "-"
2a01:599:c00:: - - [25/Mar/2026:11:15:42 +0100] "GET /assets/js/wow.min.js HTTP/1.1" 200 3085 www.hrv.de "https://www.hrv.de/" "Mozilla/5.0 (Windows NT 10.0; Win64; x64; rv:148.0) Gecko/20100101 Firefox/148.0" "-"
2a01:599:c00:: - - [25/Mar/2026:11:15:42 +0100] "GET /assets/js/custom.js?v=5 HTTP/1.1" 200 745 www.hrv.de "https://www.hrv.de/" "Mozilla/5.0 (Windows NT 10.0; Win64; x64; rv:148.0) Gecko/20100101 Firefox/148.0" "-"
2a01:599:c00:: - - [25/Mar/2026:11:15:42 +0100] "GET /assets/js/slick.js HTTP/1.1" 200 20409 www.hrv.de "https://www.hrv.de/" "Mozilla/5.0 (Windows NT 10.0; Win64; x64; rv:148.0) Gecko/20100101 Firefox/148.0" "-"
2a01:599:c00:: - - [25/Mar/2026:11:15:42 +0100] "GET /assets/js/cookieconsent.js HTTP/1.1" 200 - www.hrv.de "https://www.hrv.de/" "Mozilla/5.0 (Windows NT 10.0; Win64; x64; rv:148.0) Gecko/20100101 Firefox/148.0" "-"
2a01:599:c00:: - - [25/Mar/2026:11:15:42 +0100] "GET /assets/js/callback.js HTTP/1.1" 200 329 www.hrv.de "https://www.hrv.de/" "Mozilla/5.0 (Windows NT 10.0; Win64; x64; rv:148.0) Gecko/20100101 Firefox/148.0" "-"
2a01:599:c00:: - - [25/Mar/2026:11:15:42 +0100] "GET /assets/images/logo.png HTTP/1.1" 200 3208 www.hrv.de "https://www.hrv.de/" "Mozilla/5.0 (Windows NT 10.0; Win64; x64; rv:148.0) Gecko/20100101 Firefox/148.0" "-"
2a01:599:c00:: - - [25/Mar/2026:11:15:42 +0100] "GET /uploads/images/banner/HRV_mit_externer_finanzbuchhaltung_als_crew_gemeinsam_nach_vorn.jpg HTTP/1.1" 200 263805 www.hrv.de "https://www.hrv.de/" "Mozilla/5.0 (Windows NT 10.0; Win64; x64; rv:148.0) Gecko/20100101 Firefox/148.0" "-"
2a01:599:c00:: - - [25/Mar/2026:11:15:43 +0100] "GET /uploads/images/FeatureLinks/icons_large_fianzbuchhaltung.png HTTP/1.1" 200 9200 www.hrv.de "https://www.hrv.de/" "Mozilla/5.0 (Windows NT 10.0; Win64; x64; rv:148.0) Gecko/20100101 Firefox/148.0" "-"
2a01:599:c00:: - - [25/Mar/2026:11:15:43 +0100] "GET /uploads/images/FeatureLinks/icons_large_lohn_und_gehaltsabrechnung.png HTTP/1.1" 200 11785 www.hrv.de "https://www.hrv.de/" "Mozilla/5.0 (Windows NT 10.0; Win64; x64; rv:148.0) Gecko/20100101 Firefox/148.0" "-"
2a01:599:c00:: - - [25/Mar/2026:11:15:43 +0100] "GET /uploads/images/FeatureLinks/icon_large_reisekostenabrechnung.png HTTP/1.1" 200 8679 www.hrv.de "https://www.hrv.de/" "Mozilla/5.0 (Windows NT 10.0; Win64; x64; rv:148.0) Gecko/20100101 Firefox/148.0" "-"
2a01:599:c00:: - - [25/Mar/2026:11:15:43 +0100] "GET /uploads/images/FeatureLinks/icon_verlage.png HTTP/1.1" 200 8130 www.hrv.de "https://www.hrv.de/" "Mozilla/5.0 (Windows NT 10.0; Win64; x64; rv:148.0) Gecko/20100101 Firefox/148.0" "-"
2a01:599:c00:: - - [25/Mar/2026:11:15:43 +0100] "GET /uploads/images/FeatureLinks/icon_tourismus.png HTTP/1.1" 200 10323 www.hrv.de "https://www.hrv.de/" "Mozilla/5.0 (Windows NT 10.0; Win64; x64; rv:148.0) Gecko/20100101 Firefox/148.0" "-"
2a01:599:c00:: - - [25/Mar/2026:11:15:43 +0100] "GET /uploads/images/FeatureLinks/icon_dienstleistungen.png HTTP/1.1" 200 8283 www.hrv.de "https://www.hrv.de/" "Mozilla/5.0 (Windows NT 10.0; Win64; x64; rv:148.0) Gecko/20100101 Firefox/148.0" "-"
2a01:599:c00:: - - [25/Mar/2026:11:15:43 +0100] "GET /uploads/images/text_mit_bild/text%20mit%20bild%20yacht%20angeschr%C3%A4gt.jpg HTTP/1.1" 200 400439 www.hrv.de "https://www.hrv.de/" "Mozilla/5.0 (Windows NT 10.0; Win64; x64; rv:148.0) Gecko/20100101 Firefox/148.0" "-"
2a01:599:c00:: - - [25/Mar/2026:11:15:43 +0100] "GET /uploads/images/FeatureLinks/icon_handel.png HTTP/1.1" 200 7615 www.hrv.de "https://www.hrv.de/" "Mozilla/5.0 (Windows NT 10.0; Win64; x64; rv:148.0) Gecko/20100101 Firefox/148.0" "-"
2a01:599:c00:: - - [25/Mar/2026:11:15:43 +0100] "GET /uploads/images/FeatureLinks/icon_gear.png HTTP/1.1" 200 2444 www.hrv.de "https://www.hrv.de/" "Mozilla/5.0 (Windows NT 10.0; Win64; x64; rv:148.0) Gecko/20100101 Firefox/148.0" "-"
2a01:599:c00:: - - [25/Mar/2026:11:15:43 +0100] "GET /uploads/images/FeatureLinks/icon_reedereien.png HTTP/1.1" 200 10734 www.hrv.de "https://www.hrv.de/" "Mozilla/5.0 (Windows NT 10.0; Win64; x64; rv:148.0) Gecko/20100101 Firefox/148.0" "-"
2a01:599:c00:: - - [25/Mar/2026:11:15:43 +0100] "GET /uploads/images/FeatureLinks/logos_coloyal.png HTTP/1.1" 200 12376 www.hrv.de "https://www.hrv.de/" "Mozilla/5.0 (Windows NT 10.0; Win64; x64; rv:148.0) Gecko/20100101 Firefox/148.0" "-"
2a01:599:c00:: - - [25/Mar/2026:11:15:44 +0100] "GET /uploads/images/FeatureLinks/logos_stepg.jpg HTTP/1.1" 200 26435 www.hrv.de "https://www.hrv.de/" "Mozilla/5.0 (Windows NT 10.0; Win64; x64; rv:148.0) Gecko/20100101 Firefox/148.0" "-"
2a01:599:c00:: - - [25/Mar/2026:11:15:44 +0100] "GET /uploads/images/FeatureLinks/logo_oetinger_main.png HTTP/1.1" 200 2674 www.hrv.de "https://www.hrv.de/" "Mozilla/5.0 (Windows NT 10.0; Win64; x64; rv:148.0) Gecko/20100101 Firefox/148.0" "-"
2a01:599:c00:: - - [25/Mar/2026:11:15:44 +0100] "GET /uploads/images/FeatureLinks/logos_readers_digest.jpg HTTP/1.1" 200 30045 www.hrv.de "https://www.hrv.de/" "Mozilla/5.0 (Windows NT 10.0; Win64; x64; rv:148.0) Gecko/20100101 Firefox/148.0" "-"
2a01:599:c00:: - - [25/Mar/2026:11:15:44 +0100] "GET /uploads/images/FeatureLinks/logos_nivea.jpg HTTP/1.1" 200 20972 www.hrv.de "https://www.hrv.de/" "Mozilla/5.0 (Windows NT 10.0; Win64; x64; rv:148.0) Gecko/20100101 Firefox/148.0" "-"
2a01:599:c00:: - - [25/Mar/2026:11:15:44 +0100] "GET /uploads/images/FeatureLinks/logos_warner.png HTTP/1.1" 200 33274 www.hrv.de "https://www.hrv.de/" "Mozilla/5.0 (Windows NT 10.0; Win64; x64; rv:148.0) Gecko/20100101 Firefox/148.0" "-"
2a01:599:c00:: - - [25/Mar/2026:11:15:44 +0100] "GET /uploads/images/FeatureLinks/logos_koerber.jpg HTTP/1.1" 200 27854 www.hrv.de "https://www.hrv.de/" "Mozilla/5.0 (Windows NT 10.0; Win64; x64; rv:148.0) Gecko/20100101 Firefox/148.0" "-"
2a01:599:c00:: - - [25/Mar/2026:11:15:44 +0100] "GET /uploads/images/FeatureLinks/logos_researchgate.jpg HTTP/1.1" 200 23983 www.hrv.de "https://www.hrv.de/" "Mozilla/5.0 (Windows NT 10.0; Win64; x64; rv:148.0) Gecko/20100101 Firefox/148.0" "-"
2a01:599:c00:: - - [25/Mar/2026:11:15:44 +0100] "GET /uploads/images/FeatureLinks/logos_gema.jpg HTTP/1.1" 200 23257 www.hrv.de "https://www.hrv.de/" "Mozilla/5.0 (Windows NT 10.0; Win64; x64; rv:148.0) Gecko/20100101 Firefox/148.0" "-"
2a01:599:c00:: - - [25/Mar/2026:11:15:45 +0100] "GET /uploads/images/FeatureLinks/logos_ice.jpg HTTP/1.1" 200 18495 www.hrv.de "https://www.hrv.de/" "Mozilla/5.0 (Windows NT 10.0; Win64; x64; rv:148.0) Gecko/20100101 Firefox/148.0" "-"
2a01:599:c00:: - - [25/Mar/2026:11:15:45 +0100] "GET /uploads/images/FeatureLinks/logos_total.jpg HTTP/1.1" 200 27062 www.hrv.de "https://www.hrv.de/" "Mozilla/5.0 (Windows NT 10.0; Win64; x64; rv:148.0) Gecko/20100101 Firefox/148.0" "-"
2a01:599:c00:: - - [25/Mar/2026:11:15:45 +0100] "GET /uploads/images/FeatureLinks/logos_kanebo.jpg HTTP/1.1" 200 20930 www.hrv.de "https://www.hrv.de/" "Mozilla/5.0 (Windows NT 10.0; Win64; x64; rv:148.0) Gecko/20100101 Firefox/148.0" "-"
2a01:599:c00:: - - [25/Mar/2026:11:15:45 +0100] "GET /uploads/images/FeatureLinks/logos_ferienhausagentur.jpg HTTP/1.1" 200 21076 www.hrv.de "https://www.hrv.de/" "Mozilla/5.0 (Windows NT 10.0; Win64; x64; rv:148.0) Gecko/20100101 Firefox/148.0" "-"
2a01:599:c00:: - - [25/Mar/2026:11:15:45 +0100] "GET /uploads/images/FeatureLinks/logos_cloppenburg.png HTTP/1.1" 200 12279 www.hrv.de "https://www.hrv.de/" "Mozilla/5.0 (Windows NT 10.0; Win64; x64; rv:148.0) Gecko/20100101 Firefox/148.0" "-"
2a01:599:c00:: - - [25/Mar/2026:11:15:45 +0100] "GET /uploads/images/FeatureLinks/logos_bk_geulini.jpg HTTP/1.1" 200 26474 www.hrv.de "https://www.hrv.de/" "Mozilla/5.0 (Windows NT 10.0; Win64; x64; rv:148.0) Gecko/20100101 Firefox/148.0" "-"
2a01:599:c00:: - - [25/Mar/2026:11:15:45 +0100] "GET /uploads/images/FeatureLinks/logos_neu.jpg HTTP/1.1" 200 24092 www.hrv.de "https://www.hrv.de/" "Mozilla/5.0 (Windows NT 10.0; Win64; x64; rv:148.0) Gecko/20100101 Firefox/148.0" "-"
2a01:599:c00:: - - [25/Mar/2026:11:15:45 +0100] "GET /uploads/images/FeatureLinks/logos_sensai.jpg HTTP/1.1" 200 21772 www.hrv.de "https://www.hrv.de/" "Mozilla/5.0 (Windows NT 10.0; Win64; x64; rv:148.0) Gecko/20100101 Firefox/148.0" "-"
2a01:599:c00:: - - [25/Mar/2026:11:15:45 +0100] "GET /uploads/images/FeatureLinks/logos_buehler.jpg HTTP/1.1" 200 23165 www.hrv.de "https://www.hrv.de/" "Mozilla/5.0 (Windows NT 10.0; Win64; x64; rv:148.0) Gecko/20100101 Firefox/148.0" "-"
2a01:599:c00:: - - [25/Mar/2026:11:15:45 +0100] "GET /uploads/images/FeatureLinks/logos_channel21.jpg HTTP/1.1" 200 25587 www.hrv.de "https://www.hrv.de/" "Mozilla/5.0 (Windows NT 10.0; Win64; x64; rv:148.0) Gecko/20100101 Firefox/148.0" "-"
2a01:599:c00:: - - [25/Mar/2026:11:15:45 +0100] "GET /uploads/images/FeatureLinks/logos_F2A.jpg HTTP/1.1" 200 26118 www.hrv.de "https://www.hrv.de/" "Mozilla/5.0 (Windows NT 10.0; Win64; x64; rv:148.0) Gecko/20100101 Firefox/148.0" "-"
2a01:599:c00:: - - [25/Mar/2026:11:15:45 +0100] "GET /assets/images/w-letter.png HTTP/1.1" 200 22625 www.hrv.de "https://www.hrv.de/" "Mozilla/5.0 (Windows NT 10.0; Win64; x64; rv:148.0) Gecko/20100101 Firefox/148.0" "-"
2a01:599:c00:: - - [25/Mar/2026:11:15:45 +0100] "GET /assets/images/o-lettter.png HTTP/1.1" 200 25069 www.hrv.de "https://www.hrv.de/" "Mozilla/5.0 (Windows NT 10.0; Win64; x64; rv:148.0) Gecko/20100101 Firefox/148.0" "-"
2a01:599:c00:: - - [25/Mar/2026:11:15:45 +0100] "GET /assets/images/s-letter.png HTTP/1.1" 200 26486 www.hrv.de "https://www.hrv.de/" "Mozilla/5.0 (Windows NT 10.0; Win64; x64; rv:148.0) Gecko/20100101 Firefox/148.0" "-"
2a01:599:c00:: - - [25/Mar/2026:11:15:45 +0100] "GET /uploads/_CGSmartImage/img-dfccc127526c650d39533539a92513b4 HTTP/1.1" 200 24216 www.hrv.de "https://www.hrv.de/" "Mozilla/5.0 (Windows NT 10.0; Win64; x64; rv:148.0) Gecko/20100101 Firefox/148.0" "-"
2a01:599:c00:: - - [25/Mar/2026:11:15:45 +0100] "GET /uploads/_CGSmartImage/img-779d64e390e4a508191a856470d5d0e6 HTTP/1.1" 200 13244 www.hrv.de "https://www.hrv.de/" "Mozilla/5.0 (Windows NT 10.0; Win64; x64; rv:148.0) Gecko/20100101 Firefox/148.0" "-"
2a01:599:c00:: - - [25/Mar/2026:11:15:45 +0100] "GET /uploads/_CGSmartImage/img-e6b81e4552e868255570aaa00a517446 HTTP/1.1" 200 20645 www.hrv.de "https://www.hrv.de/" "Mozilla/5.0 (Windows NT 10.0; Win64; x64; rv:148.0) Gecko/20100101 Firefox/148.0" "-"
2a01:599:c00:: - - [25/Mar/2026:11:15:45 +0100] "GET /uploads/_CGSmartImage/img-110c0e8f42e653f8fa7237590feff683 HTTP/1.1" 200 22948 www.hrv.de "https://www.hrv.de/" "Mozilla/5.0 (Windows NT 10.0; Win64; x64; rv:148.0) Gecko/20100101 Firefox/148.0" "-"
2a01:599:c00:: - - [25/Mar/2026:11:15:45 +0100] "GET /uploads/_CGSmartImage/img-b71922512e44b01577bac1d31a2e32fa HTTP/1.1" 200 35884 www.hrv.de "https://www.hrv.de/" "Mozilla/5.0 (Windows NT 10.0; Win64; x64; rv:148.0) Gecko/20100101 Firefox/148.0" "-"
2a01:599:c00:: - - [25/Mar/2026:11:15:46 +0100] "GET /uploads/_CGSmartImage/img-862c2050a32e692ce31c40ebc57aed98 HTTP/1.1" 200 26343 www.hrv.de "https://www.hrv.de/" "Mozilla/5.0 (Windows NT 10.0; Win64; x64; rv:148.0) Gecko/20100101 Firefox/148.0" "-"
2a01:599:c00:: - - [25/Mar/2026:11:15:46 +0100] "GET /uploads/_CGSmartImage/img-f94277ea2bc127b5b905a1cf2eaf6f80 HTTP/1.1" 200 14681 www.hrv.de "https://www.hrv.de/" "Mozilla/5.0 (Windows NT 10.0; Win64; x64; rv:148.0) Gecko/20100101 Firefox/148.0" "-"
2a01:599:c00:: - - [25/Mar/2026:11:15:46 +0100] "GET /uploads/_CGSmartImage/img-3c27fa44745c2cb50accf0ef13443c98 HTTP/1.1" 200 25924 www.hrv.de "https://www.hrv.de/" "Mozilla/5.0 (Windows NT 10.0; Win64; x64; rv:148.0) Gecko/20100101 Firefox/148.0" "-"
2a01:599:c00:: - - [25/Mar/2026:11:15:46 +0100] "GET /uploads/_CGSmartImage/img-632c3d7d6d5093c0b391cb0090c9746b HTTP/1.1" 200 58675 www.hrv.de "https://www.hrv.de/" "Mozilla/5.0 (Windows NT 10.0; Win64; x64; rv:148.0) Gecko/20100101 Firefox/148.0" "-"
2a01:599:c00:: - - [25/Mar/2026:11:15:46 +0100] "GET /uploads/_CGSmartImage/img-7b3a9893d57f8b7701b54b839726bef5 HTTP/1.1" 200 22557 www.hrv.de "https://www.hrv.de/" "Mozilla/5.0 (Windows NT 10.0; Win64; x64; rv:148.0) Gecko/20100101 Firefox/148.0" "-"
2a01:599:c00:: - - [25/Mar/2026:11:15:46 +0100] "GET /uploads/_CGSmartImage/img-17906f6e6f35fca30d9d1d4c2de316d0 HTTP/1.1" 200 13651 www.hrv.de "https://www.hrv.de/" "Mozilla/5.0 (Windows NT 10.0; Win64; x64; rv:148.0) Gecko/20100101 Firefox/148.0" "-"
2a01:599:c00:: - - [25/Mar/2026:11:15:46 +0100] "GET /uploads/_CGSmartImage/img-098d74e9d78e9c51b170142cb02b848f HTTP/1.1" 200 27943 www.hrv.de "https://www.hrv.de/" "Mozilla/5.0 (Windows NT 10.0; Win64; x64; rv:148.0) Gecko/20100101 Firefox/148.0" "-"
2a01:599:c00:: - - [25/Mar/2026:11:15:46 +0100] "GET /uploads/_CGSmartImage/img-89ed457595c7b3b434dae87e54fba042 HTTP/1.1" 200 25395 www.hrv.de "https://www.hrv.de/" "Mozilla/5.0 (Windows NT 10.0; Win64; x64; rv:148.0) Gecko/20100101 Firefox/148.0" "-"
2a01:599:c00:: - - [25/Mar/2026:11:15:46 +0100] "GET /uploads/_CGSmartImage/img-e1c6d590bc9c3826a98dcc5ccecfc820 HTTP/1.1" 200 16121 www.hrv.de "https://www.hrv.de/" "Mozilla/5.0 (Windows NT 10.0; Win64; x64; rv:148.0) Gecko/20100101 Firefox/148.0" "-"
2a01:599:c00:: - - [25/Mar/2026:11:15:46 +0100] "GET /uploads/_CGSmartImage/img-ec9178b0534f31d9da9dc510f7ce3e22 HTTP/1.1" 200 25951 www.hrv.de "https://www.hrv.de/" "Mozilla/5.0 (Windows NT 10.0; Win64; x64; rv:148.0) Gecko/20100101 Firefox/148.0" "-"
2a01:599:c00:: - - [25/Mar/2026:11:15:46 +0100] "GET /uploads/_CGSmartImage/img-f63f84c02f4eefdfd96cf2a480b971ad HTTP/1.1" 200 29700 www.hrv.de "https://www.hrv.de/" "Mozilla/5.0 (Windows NT 10.0; Win64; x64; rv:148.0) Gecko/20100101 Firefox/148.0" "-"
2a01:599:c00:: - - [25/Mar/2026:11:15:46 +0100] "GET /uploads/_CGSmartImage/img-7a31ba76ccad90bf1bd95852987815fc HTTP/1.1" 200 20124 www.hrv.de "https://www.hrv.de/" "Mozilla/5.0 (Windows NT 10.0; Win64; x64; rv:148.0) Gecko/20100101 Firefox/148.0" "-"
2a01:599:c00:: - - [25/Mar/2026:11:15:46 +0100] "GET /assets/images/aa-letter.png HTTP/1.1" 200 9663 www.hrv.de "https://www.hrv.de/" "Mozilla/5.0 (Windows NT 10.0; Win64; x64; rv:148.0) Gecko/20100101 Firefox/148.0" "-"
2a01:599:c00:: - - [25/Mar/2026:11:15:46 +0100] "GET /assets/images/button.png HTTP/1.1" 200 9992 www.hrv.de "https://www.hrv.de/" "Mozilla/5.0 (Windows NT 10.0; Win64; x64; rv:148.0) Gecko/20100101 Firefox/148.0" "-"
2a01:599:c00:: - - [25/Mar/2026:11:15:46 +0100] "GET /assets/css/animate.css HTTP/1.1" 200 6964 www.hrv.de "https://www.hrv.de/assets/style.php/main.scss?v=1" "Mozilla/5.0 (Windows NT 10.0; Win64; x64; rv:148.0) Gecko/20100101 Firefox/148.0" "-"
2a01:599:c00:: - - [25/Mar/2026:11:15:47 +0100] "GET /assets/fonts/roboto-bold-webfont.woff2 HTTP/1.1" 200 19668 www.hrv.de "https://www.hrv.de/assets/style.php/main.scss?v=1" "Mozilla/5.0 (Windows NT 10.0; Win64; x64; rv:148.0) Gecko/20100101 Firefox/148.0" "-"
2a01:599:c00:: - - [25/Mar/2026:11:15:47 +0100] "GET /assets/fonts/roboto-regular-webfont.woff2 HTTP/1.1" 200 19384 www.hrv.de "https://www.hrv.de/assets/style.php/main.scss?v=1" "Mozilla/5.0 (Windows NT 10.0; Win64; x64; rv:148.0) Gecko/20100101 Firefox/148.0" "-"
2a01:599:c00:: - - [25/Mar/2026:11:15:47 +0100] "GET /assets/fonts/roboto-light-webfont.woff2 HTTP/1.1" 200 19136 www.hrv.de "https://www.hrv.de/assets/style.php/main.scss?v=1" "Mozilla/5.0 (Windows NT 10.0; Win64; x64; rv:148.0) Gecko/20100101 Firefox/148.0" "-"
2a01:599:c00:: - - [25/Mar/2026:11:15:47 +0100] "GET /assets/images/circle-outer-dot.png HTTP/1.1" 200 37300 www.hrv.de "https://www.hrv.de/assets/style.php/main.scss?v=1" "Mozilla/5.0 (Windows NT 10.0; Win64; x64; rv:148.0) Gecko/20100101 Firefox/148.0" "-"
2a01:599:c00:: - - [25/Mar/2026:11:15:47 +0100] "GET /assets/fonts/roboto-medium-webfont.woff2 HTTP/1.1" 200 19468 www.hrv.de "https://www.hrv.de/assets/style.php/main.scss?v=1" "Mozilla/5.0 (Windows NT 10.0; Win64; x64; rv:148.0) Gecko/20100101 Firefox/148.0" "-"
2a01:599:c00:: - - [25/Mar/2026:11:15:47 +0100] "GET /assets/images/sprite.png HTTP/1.1" 200 112934 www.hrv.de "https://www.hrv.de/assets/style.php/main.scss?v=1" "Mozilla/5.0 (Windows NT 10.0; Win64; x64; rv:148.0) Gecko/20100101 Firefox/148.0" "-"
2a01:599:c00:: - - [25/Mar/2026:11:15:47 +0100] "GET /uploads/images/text_mit_bild/text%20mit%20bild%20segel.jpg HTTP/1.1" 200 265704 www.hrv.de "https://www.hrv.de/" "Mozilla/5.0 (Windows NT 10.0; Win64; x64; rv:148.0) Gecko/20100101 Firefox/148.0" "-"
2a01:599:c00:: - - [25/Mar/2026:11:15:47 +0100] "GET /favicon.ico HTTP/1.1" 200 1150 www.hrv.de "https://www.hrv.de/" "Mozilla/5.0 (Windows NT 10.0; Win64; x64; rv:148.0) Gecko/20100101 Firefox/148.0" "-"
2a01:599:c00:: - - [25/Mar/2026:11:16:13 +0100] "GET /impressum.html HTTP/1.1" 200 14392 www.hrv.de "https://www.hrv.de/" "Mozilla/5.0 (Windows NT 10.0; Win64; x64; rv:148.0) Gecko/20100101 Firefox/148.0" "-"
2a01:599:c00:: - - [25/Mar/2026:11:16:13 +0100] "GET /uploads/images/banner/banner%20segelboot%20angeschr%C3%A4gt.jpg HTTP/1.1" 200 374667 www.hrv.de "https://www.hrv.de/impressum.html" "Mozilla/5.0 (Windows NT 10.0; Win64; x64; rv:148.0) Gecko/20100101 Firefox/148.0" "-"
2a01:599:c00:: - - [25/Mar/2026:11:16:28 +0100] "GET /ueber-uns.html HTTP/1.1" 200 24715 www.hrv.de "https://www.hrv.de/impressum.html" "Mozilla/5.0 (Windows NT 10.0; Win64; x64; rv:148.0) Gecko/20100101 Firefox/148.0" "-"
2a01:599:c00:: - - [25/Mar/2026:11:16:29 +0100] "GET /uploads/images/FeatureLinks/partnerlogos_iqdoq.jpg HTTP/1.1" 200 17555 www.hrv.de "https://www.hrv.de/ueber-uns.html" "Mozilla/5.0 (Windows NT 10.0; Win64; x64; rv:148.0) Gecko/20100101 Firefox/148.0" "-"
2a01:599:c00:: - - [25/Mar/2026:11:16:29 +0100] "GET /uploads/images/FeatureLinks/partnerlogos_mobileexpense.jpg HTTP/1.1" 200 22643 www.hrv.de "https://www.hrv.de/ueber-uns.html" "Mozilla/5.0 (Windows NT 10.0; Win64; x64; rv:148.0) Gecko/20100101 Firefox/148.0" "-"
2a01:599:c00:: - - [25/Mar/2026:11:16:29 +0100] "GET /uploads/images/FeatureLinks/partnerlogos_bluestec.jpg HTTP/1.1" 200 20651 www.hrv.de "https://www.hrv.de/ueber-uns.html" "Mozilla/5.0 (Windows NT 10.0; Win64; x64; rv:148.0) Gecko/20100101 Firefox/148.0" "-"
2a01:599:c00:: - - [25/Mar/2026:11:16:29 +0100] "GET /uploads/images/FeatureLinks/partnerlogos_innovabee.jpg HTTP/1.1" 200 26711 www.hrv.de "https://www.hrv.de/ueber-uns.html" "Mozilla/5.0 (Windows NT 10.0; Win64; x64; rv:148.0) Gecko/20100101 Firefox/148.0" "-"
2a01:599:c00:: - - [25/Mar/2026:11:16:29 +0100] "GET /uploads/images/FeatureLinks/partnerlogos_travelbasis.jpg HTTP/1.1" 200 30119 www.hrv.de "https://www.hrv.de/ueber-uns.html" "Mozilla/5.0 (Windows NT 10.0; Win64; x64; rv:148.0) Gecko/20100101 Firefox/148.0" "-"
2a01:599:c00:: - - [25/Mar/2026:11:16:29 +0100] "GET /uploads/images/letters/a_letter.png HTTP/1.1" 200 287402 www.hrv.de "https://www.hrv.de/ueber-uns.html" "Mozilla/5.0 (Windows NT 10.0; Win64; x64; rv:148.0) Gecko/20100101 Firefox/148.0" "-"
2a01:599:c00:: - - [25/Mar/2026:11:16:29 +0100] "GET /assets/images/compass.png HTTP/1.1" 200 111597 www.hrv.de "https://www.hrv.de/ueber-uns.html" "Mozilla/5.0 (Windows NT 10.0; Win64; x64; rv:148.0) Gecko/20100101 Firefox/148.0" "-"
2a01:599:c00:: - - [25/Mar/2026:11:16:29 +0100] "GET /uploads/images/banner/image_mitarbeiter_ueber_uns_2.jpg HTTP/1.1" 200 342696 www.hrv.de "https://www.hrv.de/ueber-uns.html" "Mozilla/5.0 (Windows NT 10.0; Win64; x64; rv:148.0) Gecko/20100101 Firefox/148.0" "-"
2a01:599:c00:: - - [25/Mar/2026:11:16:30 +0100] "GET /uploads/images/FeatureLinks/partnerlogos_adbits.jpg HTTP/1.1" 200 19888 www.hrv.de "https://www.hrv.de/ueber-uns.html" "Mozilla/5.0 (Windows NT 10.0; Win64; x64; rv:148.0) Gecko/20100101 Firefox/148.0" "-"
2a01:599:c00:: - - [25/Mar/2026:11:16:30 +0100] "GET /uploads/images/FeatureLinks/partnerlogos_viatos.jpg HTTP/1.1" 200 20880 www.hrv.de "https://www.hrv.de/ueber-uns.html" "Mozilla/5.0 (Windows NT 10.0; Win64; x64; rv:148.0) Gecko/20100101 Firefox/148.0" "-"
2a01:599:c00:: - - [25/Mar/2026:11:16:30 +0100] "GET /uploads/images/FeatureLinks/partnerlogos_bissantz.jpg HTTP/1.1" 200 19251 www.hrv.de "https://www.hrv.de/ueber-uns.html" "Mozilla/5.0 (Windows NT 10.0; Win64; x64; rv:148.0) Gecko/20100101 Firefox/148.0" "-"
2a01:599:c00:: - - [25/Mar/2026:11:16:30 +0100] "GET /uploads/images/banner/image_mitarbeiter_ueber_uns_6.jpg HTTP/1.1" 200 446982 www.hrv.de "https://www.hrv.de/ueber-uns.html" "Mozilla/5.0 (Windows NT 10.0; Win64; x64; rv:148.0) Gecko/20100101 Firefox/148.0" "-"
2a01:599:c00:: - - [25/Mar/2026:11:16:30 +0100] "GET /uploads/images/image_mitarbeiter_ueber_uns_2.jpg HTTP/1.1" 200 200000 www.hrv.de "https://www.hrv.de/ueber-uns.html" "Mozilla/5.0 (Windows NT 10.0; Win64; x64; rv:148.0) Gecko/20100101 Firefox/148.0" "-"
2a01:599:c00:: - - [25/Mar/2026:11:16:30 +0100] "GET /assets/images/bullet.png HTTP/1.1" 200 173 www.hrv.de "https://www.hrv.de/assets/style.php/main.scss?v=1" "Mozilla/5.0 (Windows NT 10.0; Win64; x64; rv:148.0) Gecko/20100101 Firefox/148.0" "-"
2a01:599:c00:: - - [25/Mar/2026:11:16:31 +0100] "GET /uploads/images/text_mit_bild/text%20mit%20bild%20takkelage.jpg HTTP/1.1" 200 313036 www.hrv.de "https://www.hrv.de/ueber-uns.html" "Mozilla/5.0 (Windows NT 10.0; Win64; x64; rv:148.0) Gecko/20100101 Firefox/148.0" "-"
2001:4860:: - - [25/Mar/2026:11:17:00 +0100] "GET /uploads/pdf/Info-Pflichten-Bewerber-HRV.pdf HTTP/1.1" 200 117154 www.hrv.de "https://www.google.com/" "Mozilla/5.0 (Windows NT 10.0; Win64; x64) AppleWebKit/537.36 (KHTML, like Gecko) Chrome/146.0.0.0 Safari/537.36" "-"
2a04:4e41:1600:: - - [25/Mar/2026:11:17:42 +0100] "GET / HTTP/1.1" 301 266 hrv.de "-" "Mozilla/5.0 (Macintosh; Intel Mac OS X 10_11_1) AppleWebKit/601.2.4 (KHTML, like Gecko) Version/9.0.1 Safari/601.2.4 facebookexternalhit/1.1 Facebot Twitterbot/1.0" "-"
2a04:4e41:1600:: - - [25/Mar/2026:11:17:42 +0100] "GET / HTTP/1.1" 200 53711 www.hrv.de "-" "Mozilla/5.0 (Macintosh; Intel Mac OS X 10_11_1) AppleWebKit/601.2.4 (KHTML, like Gecko) Version/9.0.1 Safari/601.2.4 facebookexternalhit/1.1 Facebot Twitterbot/1.0" "-"
5.7.164.0 - - [25/Mar/2026:11:18:31 +0100] "POST /autodiscover/autodiscover.xml HTTP/1.1" 301 295 hrv.de "-" "Microsoft Office/16.0 (Windows NT 10.0; Microsoft Outlook 16.0.19725; Pro)" "-"
5.7.164.0 - - [25/Mar/2026:11:18:31 +0100] "GET /autodiscover/autodiscover.xml HTTP/1.1" 404 12554 www.hrv.de "-" "Microsoft Office/16.0 (Windows NT 10.0; Microsoft Outlook 16.0.19725; Pro)" "-"
82.165.87.0 - - [25/Mar/2026:11:21:33 +0100] "GET /index.php?mact=CmsJobManager,cntnt01,process,0&cntnt01returnid=1&cms_cron=1&showtemplate=false HTTP/1.1" 200 2 www.hrv.de "-" "-" "-"
136.243.83.0 - - [25/Mar/2026:11:21:33 +0100] "GET /leistungen/reisekostenabrechnung-auslagern.html HTTP/1.1" 200 22466 www.hrv.de "-" "Mozilla/5.0 (compatible; MetaJobBot; https://www.metajob.de/crawler)" "-"
2a03:2880:f800:: - - [25/Mar/2026:11:23:09 +0100] "GET /news_sitemap.xml HTTP/1.1" 301 282 hrv.de "-" "meta-externalagent/1.1 (+https://developers.facebook.com/docs/sharing/webmasters/crawler)" "-"
5.7.164.0 - - [25/Mar/2026:11:24:15 +0100] "POST /autodiscover/autodiscover.xml HTTP/1.1" 301 295 hrv.de "-" "Microsoft Office/16.0 (Windows NT 10.0; Microsoft Outlook 16.0.19725; Pro)" "-"
5.7.164.0 - - [25/Mar/2026:11:24:15 +0100] "GET /autodiscover/autodiscover.xml HTTP/1.1" 404 12554 www.hrv.de "-" "Microsoft Office/16.0 (Windows NT 10.0; Microsoft Outlook 16.0.19725; Pro)" "-"
82.165.87.0 - - [25/Mar/2026:11:25:33 +0100] "GET /index.php?mact=CmsJobManager,cntnt01,process,0&cntnt01returnid=1&cms_cron=1&showtemplate=false HTTP/1.1" 200 1 www.hrv.de "-" "-" "-"
2a01:599:c00:: - - [25/Mar/2026:11:25:33 +0100] "GET /kontakt.html HTTP/1.1" 200 15144 www.hrv.de "https://www.hrv.de/ueber-uns.html" "Mozilla/5.0 (Windows NT 10.0; Win64; x64; rv:148.0) Gecko/20100101 Firefox/148.0" "-"
2a03:2880:f800:: - - [25/Mar/2026:11:26:18 +0100] "GET /sitemap.txt HTTP/1.1" 301 277 hrv.de "-" "meta-externalagent/1.1 (+https://developers.facebook.com/docs/sharing/webmasters/crawler)" "-"
17.22.237.0 - - [25/Mar/2026:11:26:30 +0100] "GET /aktuelles/wichtige-informationen-f%C3%BCr-ihre-kosteneinsch%C3%A4tzung-zum-outsourcing.html HTTP/1.1" 200 15933 www.hrv.de "-" "Mozilla/5.0 (Macintosh; Intel Mac OS X 10_15_7) AppleWebKit/605.1.15 (KHTML, like Gecko) Version/17.4 Safari/605.1.15 (Applebot/0.1; +http://www.apple.com/go/applebot)" "-"
17.22.245.0 - - [25/Mar/2026:11:26:41 +0100] "GET /assets/style.php/main.scss?v=1 HTTP/1.1" 200 356594 www.hrv.de "https://www.hrv.de/aktuelles/wichtige-informationen-f%C3%BCr-ihre-kosteneinsch%C3%A4tzung-zum-outsourcing.html" "Mozilla/5.0 (Macintosh; Intel Mac OS X 10_15_7) AppleWebKit/605.1.15 (KHTML, like Gecko) Version/17.4 Safari/605.1.15 (Applebot/0.1; +http://www.apple.com/go/applebot)" "-"
2a01:599:c00:: - - [25/Mar/2026:11:26:43 +0100] "GET /karriere.html HTTP/1.1" 200 28918 www.hrv.de "https://www.hrv.de/kontakt.html" "Mozilla/5.0 (Windows NT 10.0; Win64; x64; rv:148.0) Gecko/20100101 Firefox/148.0" "-"
2a01:599:c00:: - - [25/Mar/2026:11:26:45 +0100] "GET /uploads/images/text_mit_bild/text%20mit%20bild%20yacht.jpg HTTP/1.1" 200 323067 www.hrv.de "https://www.hrv.de/karriere.html" "Mozilla/5.0 (Windows NT 10.0; Win64; x64; rv:148.0) Gecko/20100101 Firefox/148.0" "-"
34.213.137.0 - - [25/Mar/2026:11:27:14 +0100] "GET / HTTP/1.1" 301 266 hrv.de "-" "Mozilla/5.0 (Windows NT 10.0; Win64; x64) AppleWebKit/537.36 (KHTML, like Gecko) Chrome/113.0.0.0 Safari/537.36" "-"
34.213.137.0 - - [25/Mar/2026:11:27:14 +0100] "GET / HTTP/1.1" 200 53711 www.hrv.de "-" "Mozilla/5.0 (Windows NT 10.0; Win64; x64) AppleWebKit/537.36 (KHTML, like Gecko) Chrome/113.0.0.0 Safari/537.36" "-"
82.165.87.0 - - [25/Mar/2026:11:30:00 +0100] "GET /index.php?mact=CmsJobManager,cntnt01,process,0&cntnt01returnid=1&cms_cron=1&showtemplate=false HTTP/1.1" 200 2 www.hrv.de "-" "-" "-"
2001:4860:: - - [25/Mar/2026:11:30:00 +0100] "GET /leistungen/outsourcing-finanzbuchhaltung.html HTTP/1.1" 200 32163 www.hrv.de "https://www.google.com/" "Mozilla/5.0 (Windows NT 10.0; Win64; x64) AppleWebKit/537.36 (KHTML, like Gecko) Chrome/146.0.0.0 Safari/537.36" "-"
5.7.164.0 - - [25/Mar/2026:11:30:11 +0100] "POST /autodiscover/autodiscover.xml HTTP/1.1" 301 295 hrv.de "-" "Microsoft Office/16.0 (Windows NT 10.0; Microsoft Outlook 16.0.19725; Pro)" "-"
5.7.164.0 - - [25/Mar/2026:11:30:11 +0100] "GET /autodiscover/autodiscover.xml HTTP/1.1" 404 12554 www.hrv.de "-" "Microsoft Office/16.0 (Windows NT 10.0; Microsoft Outlook 16.0.19725; Pro)" "-"
2a04:4e41:1800:: - - [25/Mar/2026:11:32:14 +0100] "GET / HTTP/1.1" 301 266 hrv.de "-" "Mozilla/5.0 (Macintosh; Intel Mac OS X 10_11_1) AppleWebKit/601.2.4 (KHTML, like Gecko) Version/9.0.1 Safari/601.2.4 facebookexternalhit/1.1 Facebot Twitterbot/1.0" "-"
2001:9e8:cd00:: - - [25/Mar/2026:11:33:42 +0100] "POST /AutoDiscover/autodiscover.xml HTTP/1.1" 301 295 hrv.de "-" "Microsoft Office/16.0 (Windows NT 10.0; Microsoft Excel 16.0.19725; Pro)" "-"
82.165.87.0 - - [25/Mar/2026:11:33:42 +0100] "GET /index.php?mact=CmsJobManager,cntnt01,process,0&cntnt01returnid=1&cms_cron=1&showtemplate=false HTTP/1.1" 200 2 www.hrv.de "-" "-" "-"
2001:9e8:cd00:: - - [25/Mar/2026:11:33:42 +0100] "POST /AutoDiscover/autodiscover.xml HTTP/1.1" 404 12554 www.hrv.de "-" "Microsoft Office/16.0 (Windows NT 10.0; Microsoft Excel 16.0.19725; Pro)" "-"
88.198.54.0 - - [25/Mar/2026:11:34:48 +0100] "GET / HTTP/1.1" 200 53711 www.hrv.de "-" "Mozilla/5.0 (Android 14; Mobile; rv:136.0) Gecko/136.0 Firefox/136.0" "-"
88.198.54.0 - - [25/Mar/2026:11:34:49 +0100] "GET /robots.txt HTTP/1.1" 404 12554 www.hrv.de "-" "Mozilla/5.0 (Android 14; Mobile; rv:136.0) Gecko/136.0 Firefox/136.0" "-"
88.198.54.0 - - [25/Mar/2026:11:34:49 +0100] "GET /manifest.json HTTP/1.1" 404 12554 www.hrv.de "-" "Mozilla/5.0 (Android 14; Mobile; rv:136.0) Gecko/136.0 Firefox/136.0" "-"
88.198.54.0 - - [25/Mar/2026:11:34:49 +0100] "GET /sitemap.xml HTTP/1.1" 200 10503 www.hrv.de "-" "Mozilla/5.0 (Android 14; Mobile; rv:136.0) Gecko/136.0 Firefox/136.0" "-"
88.198.54.0 - - [25/Mar/2026:11:34:50 +0100] "GET /sitemap.xml HTTP/1.1" 200 10503 www.hrv.de "-" "Mozilla/5.0 (Android 14; Mobile; rv:136.0) Gecko/136.0 Firefox/136.0" "-"
88.198.54.0 - - [25/Mar/2026:11:34:55 +0100] "GET /ueber-uns.html HTTP/1.1" 200 24715 www.hrv.de "-" "Mozilla/5.0 (Android 14; Mobile; rv:136.0) Gecko/136.0 Firefox/136.0" "-"
88.198.54.0 - - [25/Mar/2026:11:34:56 +0100] "GET /karriere.html HTTP/1.1" 200 28918 www.hrv.de "-" "Mozilla/5.0 (Android 14; Mobile; rv:136.0) Gecko/136.0 Firefox/136.0" "-"
88.198.54.0 - - [25/Mar/2026:11:34:56 +0100] "GET /assets/style.php/main.scss?v=1 HTTP/1.1" 200 356594 www.hrv.de "-" "Mozilla/5.0 (Android 14; Mobile; rv:136.0) Gecko/136.0 Firefox/136.0" "-"
88.198.54.0 - - [25/Mar/2026:11:34:57 +0100] "GET /assets/css/animate.css HTTP/1.1" 200 6964 www.hrv.de "-" "Mozilla/5.0 (Android 14; Mobile; rv:136.0) Gecko/136.0 Firefox/136.0" "-"
88.198.54.0 - - [25/Mar/2026:11:34:57 +0100] "GET /tmp/cache/stylesheet_combined_22541eff99615b766ca97eced4ff9c48.css HTTP/1.1" 200 1475 www.hrv.de "-" "Mozilla/5.0 (Android 14; Mobile; rv:136.0) Gecko/136.0 Firefox/136.0" "-"
88.198.54.0 - - [25/Mar/2026:11:34:59 +0100] "GET /aktuelles.html HTTP/1.1" 200 30740 www.hrv.de "-" "Mozilla/5.0 (Android 14; Mobile; rv:136.0) Gecko/136.0 Firefox/136.0" "-"
